../Core/Src/main.c:74:6:printmsg	24	static
../Core/Src/main.c:87:5:main	56	static
../Core/Src/main.c:177:6:SystemClock_Config	88	static
../Core/Src/main.c:224:13:MX_USART2_UART_Init	8	static
../Core/Src/main.c:257:13:MX_GPIO_Init	40	static
../Core/Src/main.c:292:6:Task1_Handler	16	static
../Core/Src/main.c:306:6:Task2_Handler	16	static
../Core/Src/main.c:316:6:vApplicationIdleHook	8	static,ignoring_inline_asm
../Core/Src/main.c:343:6:StartDefaultTask	16	static
../Core/Src/main.c:352:6:Error_Handler	4	static,ignoring_inline_asm
