../Core/Src/main.c:37:6:printmsg	24	static
../Core/Src/main.c:46:5:main	16	static
../Core/Src/main.c:72:6:EXTI0_IRQHandler	8	static
../Core/Src/main.c:77:6:HAL_GPIO_EXTI_Callback	16	static
../Core/Src/main.c:82:6:vtask1_handler	24	static
../Core/Src/main.c:117:6:vtask2_handler	24	static
../Core/Src/main.c:151:6:rtos_delay	24	static
../Core/Src/main.c:160:13:prvSetupUart	16	static
../Core/Src/main.c:179:13:prvSetupHardware	8	static
../Core/Src/main.c:187:13:prvSetupGPIO	40	static
../Core/Src/main.c:214:6:SystemClock_Config	88	static
../Core/Src/main.c:256:6:Error_Handler	4	static,ignoring_inline_asm
