14:26:56 **** Incremental Build of configuration Debug for project 16_HAL_DAC ****
make -j8 all 
arm-none-eabi-gcc "../Core/Src/main.c" -mcpu=cortex-m4 -std=gnu11 -g3 -DDEBUG -DUSE_HAL_DRIVER -DSTM32F407xx -c -I../Core/Inc -I../Drivers/STM32F4xx_HAL_Driver/Inc -I../Drivers/STM32F4xx_HAL_Driver/Inc/Legacy -I../Drivers/CMSIS/Device/ST/STM32F4xx/Include -I../Drivers/CMSIS/Include -O0 -ffunction-sections -fdata-sections -Wall -fstack-usage -fcyclomatic-complexity -MMD -MP -MF"Core/Src/main.d" -MT"Core/Src/main.o" --specs=nano.specs -mfpu=fpv4-sp-d16 -mfloat-abi=hard -mthumb -o "Core/Src/main.o"
arm-none-eabi-gcc -o "16_HAL_DAC.elf" @"objects.list"   -mcpu=cortex-m4 -T"C:\Users\hp\STM32CubeIDE\workspace_1.18.0\15_HAL_ADC\16_HAL_DAC\STM32F407VGTX_FLASH.ld" --specs=nosys.specs -Wl,-Map="16_HAL_DAC.map" -Wl,--gc-sections -static --specs=nano.specs -mfpu=fpv4-sp-d16 -mfloat-abi=hard -mthumb -Wl,--start-group -lc -lm -Wl,--end-group
Finished building target: 16_HAL_DAC.elf
 
arm-none-eabi-size  16_HAL_DAC.elf 
arm-none-eabi-objdump -h -S 16_HAL_DAC.elf  > "16_HAL_DAC.list"
   text	   data	    bss	    dec	    hex	filename
   6656	     12	   1596	   8264	   2048	16_HAL_DAC.elf
Finished building: default.size.stdout
 
Finished building: 16_HAL_DAC.list
 

14:27:23 Build Finished. 0 errors, 0 warnings. (took 26s.469ms)

