../Core/Src/main.c:132:6:UART_Print	16	static
../Core/Src/main.c:142:5:get_distance	16	static
../Core/Src/main.c:175:6:delay_us	16	static
../Core/Src/main.c:186:5:main	8	static
../Core/Src/main.c:286:6:SystemClock_Config	88	static
../Core/Src/main.c:332:13:MX_SPI1_Init	8	static
../Core/Src/main.c:370:13:MX_TIM3_Init	32	static
../Core/Src/main.c:415:13:MX_USART2_UART_Init	8	static
../Core/Src/main.c:448:13:MX_GPIO_Init	48	static
../Core/Src/main.c:513:6:StartSensorTask	16	static
../Core/Src/main.c:537:6:StartFlashTask	128	static
../Core/Src/main.c:573:6:StartAlertTask	16	static
../Core/Src/main.c:603:6:StartUartTask	120	static
../Core/Src/main.c:628:6:Error_Handler	4	static,ignoring_inline_asm
