2026-05-19 12:08:18,085 [INFO] Activator:176 - 


2026-05-19 12:08:18,099 [INFO] Activator:177 - !SESSION log4j initialized
2026-05-19 12:08:26,928 [INFO] LogOutputStream:77 - [STDOUT_REDIRECT] 
2026-05-19 12:08:28,268 [INFO] ApplicationProperties:184 - Using Application install path: C:\ST\STM32CubeIDE_1.18.0\STM32CubeIDE\plugins\com.st.stm32cube.common.mx_6.14.0.202502271554
2026-05-19 12:08:28,300 [INFO] DbMcusXml:78 - Set database path to: C:\ST\STM32CubeIDE_1.18.0\STM32CubeIDE\plugins\com.st.stm32cube.common.mx_6.14.0.202502271554\\db\/mcu/
2026-05-19 12:08:28,300 [INFO] ApiDb:274 - Set plugin database path to: C:\ST\STM32CubeIDE_1.18.0\STM32CubeIDE\plugins\com.st.stm32cube.common.mx_6.14.0.202502271554\\db\/plugins/boardmanager/
2026-05-19 12:08:28,301 [WARN] ApiDb:259 - Overriding images path with different value:  => C:\ST\STM32CubeIDE_1.18.0\STM32CubeIDE\plugins\com.st.stm32cube.common.mx_6.14.0.202502271554\\db\/plugins/mcufinder/images/
2026-05-19 12:08:28,315 [INFO] ApiDb:250 - Set database path to: C:\Users\hp\.stmcufinder\plugins\mcufinder//mcu/
2026-05-19 12:08:28,317 [INFO] DbMcusAds:125 - Set database path to: C:\Users\hp\.stmcufinder\plugins\mcufinder//mcu/
2026-05-19 12:08:28,320 [INFO] CrossReferenceDbSqlite:203 - Set database path to: C:\Users\hp\.stmcufinder\plugins\mcufinder//mcu/cs/
2026-05-19 12:08:28,471 [INFO] RulesReader:64 - Compatibility file has been processed (301 Rules)
2026-05-19 12:08:28,582 [INFO] DbMcusXml:78 - Set database path to: C:\ST\STM32CubeIDE_1.18.0\STM32CubeIDE\plugins\com.st.stm32cube.common.mx_6.14.0.202502271554\\db\/mcu/
2026-05-19 12:08:28,582 [INFO] ApiDb:274 - Set plugin database path to: C:\ST\STM32CubeIDE_1.18.0\STM32CubeIDE\plugins\com.st.stm32cube.common.mx_6.14.0.202502271554\\db\/plugins/boardmanager/
2026-05-19 12:08:28,582 [INFO] ApiDb:261 - Set plugin images path to: C:\ST\STM32CubeIDE_1.18.0\STM32CubeIDE\plugins\com.st.stm32cube.common.mx_6.14.0.202502271554\\db\/plugins/mcufinder/images/
2026-05-19 12:08:28,583 [WARN] DbFile:41 - Overriding database path with different value: C:\Users\hp\.stmcufinder\plugins\mcufinder/ => C:\Users\hp\.stmcufinder\plugins\mcufinder
2026-05-19 12:08:28,583 [INFO] ApiDb:250 - Set database path to: C:\Users\hp\.stmcufinder\plugins\mcufinder//mcu/
2026-05-19 12:08:28,583 [WARN] DbFile:41 - Overriding database path with different value: C:\Users\hp\.stmcufinder\plugins\mcufinder/ => C:\Users\hp\.stmcufinder\plugins\mcufinder
2026-05-19 12:08:28,583 [INFO] DbMcusAds:125 - Set database path to: C:\Users\hp\.stmcufinder\plugins\mcufinder//mcu/
2026-05-19 12:08:28,583 [WARN] DbFile:41 - Overriding database path with different value: C:\Users\hp\.stmcufinder\plugins\mcufinder/ => C:\Users\hp\.stmcufinder\plugins\mcufinder
2026-05-19 12:08:28,583 [WARN] DbFile:41 - Overriding database path with different value: C:\Users\hp\.stmcufinder\plugins\mcufinder/ => C:\Users\hp\.stmcufinder\plugins\mcufinder
2026-05-19 12:08:28,583 [INFO] CrossReferenceDbSqlite:203 - Set database path to: C:\Users\hp\.stmcufinder\plugins\mcufinder//mcu/cs/
2026-05-19 12:08:28,710 [INFO] MainPanel:272 - HeapMemory: 268435456
2026-05-19 12:08:28,933 [INFO] DbMcusXml:78 - Set database path to: C:\ST\STM32CubeIDE_1.18.0\STM32CubeIDE\plugins\com.st.stm32cube.common.mx_6.14.0.202502271554\\db\/mcu/
2026-05-19 12:08:28,933 [INFO] ApiDb:274 - Set plugin database path to: C:\ST\STM32CubeIDE_1.18.0\STM32CubeIDE\plugins\com.st.stm32cube.common.mx_6.14.0.202502271554\\db\/plugins/boardmanager/
2026-05-19 12:08:28,933 [INFO] ApiDb:261 - Set plugin images path to: C:\ST\STM32CubeIDE_1.18.0\STM32CubeIDE\plugins\com.st.stm32cube.common.mx_6.14.0.202502271554\\db\/plugins/mcufinder/images/
2026-05-19 12:08:28,934 [WARN] DbFile:41 - Overriding database path with different value: C:\Users\hp\.stmcufinder\plugins\mcufinder/ => C:\Users\hp\.stmcufinder\plugins\mcufinder
2026-05-19 12:08:28,934 [INFO] ApiDb:250 - Set database path to: C:\Users\hp\.stmcufinder\plugins\mcufinder//mcu/
2026-05-19 12:08:28,934 [WARN] DbFile:41 - Overriding database path with different value: C:\Users\hp\.stmcufinder\plugins\mcufinder/ => C:\Users\hp\.stmcufinder\plugins\mcufinder
2026-05-19 12:08:28,934 [INFO] DbMcusAds:125 - Set database path to: C:\Users\hp\.stmcufinder\plugins\mcufinder//mcu/
2026-05-19 12:08:28,935 [WARN] DbFile:41 - Overriding database path with different value: C:\Users\hp\.stmcufinder\plugins\mcufinder/ => C:\Users\hp\.stmcufinder\plugins\mcufinder
2026-05-19 12:08:28,935 [WARN] DbFile:41 - Overriding database path with different value: C:\Users\hp\.stmcufinder\plugins\mcufinder/ => C:\Users\hp\.stmcufinder\plugins\mcufinder
2026-05-19 12:08:28,935 [INFO] CrossReferenceDbSqlite:203 - Set database path to: C:\Users\hp\.stmcufinder\plugins\mcufinder//mcu/cs/
2026-05-19 12:08:28,971 [INFO] ApplicationProperties:184 - Using Application install path: C:\ST\STM32CubeIDE_1.18.0\STM32CubeIDE\plugins\com.st.stm32cube.common.mx_6.14.0.202502271554
2026-05-19 12:08:28,973 [INFO] PluginManage:196 - Search for loadable plugins [exclusion list=, ]
2026-05-19 12:08:28,977 [INFO] PluginManage:310 - Check plugin analytics
2026-05-19 12:08:29,326 [INFO] AnalyticsPlugin:253 - Accepted Software Licenses: 
2026-05-19 12:08:29,327 [INFO] AnalyticsPlugin:255 - Accepted CMSIS Pack Licenses: 
2026-05-19 12:08:29,327 [INFO] AnalyticsPlugin:257 - Accepted Firmware Licenses: FW.F4.1.28.0,FW.L4.1.18.0
2026-05-19 12:08:29,332 [INFO] PluginManage:359 - Loaded plugin analytics (category:tool,tabindex:-1)
2026-05-19 12:08:29,333 [INFO] PluginManage:310 - Check plugin cadmodel
2026-05-19 12:08:29,342 [INFO] CADModel:105 - Init CAD model plugin
2026-05-19 12:08:29,342 [INFO] PluginManage:359 - Loaded plugin cadmodel (category:power,tabindex:5)
2026-05-19 12:08:29,342 [INFO] PluginManage:310 - Check plugin clock
2026-05-19 12:08:29,357 [INFO] PluginManage:359 - Loaded plugin clock (category:base,tabindex:2)
2026-05-19 12:08:29,358 [INFO] PluginManage:310 - Check plugin ddr
2026-05-19 12:08:29,362 [INFO] PluginManage:359 - Loaded plugin ddr (category:tool,tabindex:6)
2026-05-19 12:08:29,363 [INFO] PluginManage:310 - Check plugin filemanager
2026-05-19 12:08:29,608 [INFO] PluginManage:359 - Loaded plugin filemanager (category:base,tabindex:10)
2026-05-19 12:08:29,608 [INFO] PluginManage:310 - Check plugin ipmanager
2026-05-19 12:08:29,619 [INFO] PluginManage:359 - Loaded plugin ipmanager (category:base,tabindex:5)
2026-05-19 12:08:29,620 [INFO] PluginManage:310 - Check plugin lpbam
2026-05-19 12:08:29,630 [INFO] PluginManage:359 - Loaded plugin lpbam (category:base,tabindex:0)
2026-05-19 12:08:29,630 [INFO] PluginManage:310 - Check plugin memorymap
2026-05-19 12:08:29,650 [INFO] PluginManage:359 - Loaded plugin memorymap (category:base,tabindex:4)
2026-05-19 12:08:29,650 [INFO] PluginManage:310 - Check plugin pinoutandconfiguration
2026-05-19 12:08:29,663 [INFO] PluginManage:359 - Loaded plugin pinoutandconfiguration (category:base,tabindex:1)
2026-05-19 12:08:29,663 [INFO] PluginManage:310 - Check plugin pinoutconfig
2026-05-19 12:08:29,785 [WARN] SupportedApi:132 - Cannot load RTOS API schema: s4s-elt-must-match.1: The content of 'definitions' must match (annotation?, (simpleType | complexType)?, (unique | key | keyref)*)). A problem was found starting at: attribute.
2026-05-19 12:08:29,982 [INFO] PluginManage:359 - Loaded plugin pinoutconfig (category:base,tabindex:0)
2026-05-19 12:08:29,983 [INFO] PluginManage:310 - Check plugin power
2026-05-19 12:08:29,995 [INFO] PluginManage:359 - Loaded plugin power (category:power,tabindex:4)
2026-05-19 12:08:29,996 [INFO] PluginManage:310 - Check plugin projectmanager
2026-05-19 12:08:30,020 [INFO] PluginManage:359 - Loaded plugin projectmanager (category:projectmanager,tabindex:4)
2026-05-19 12:08:30,020 [INFO] PluginManage:310 - Check plugin rif
2026-05-19 12:08:30,033 [INFO] PluginManage:359 - Loaded plugin rif (category:base,tabindex:3)
2026-05-19 12:08:30,033 [INFO] PluginManage:310 - Check plugin thirdparty
2026-05-19 12:08:30,261 [INFO] PluginManage:359 - Loaded plugin thirdparty (category:base,tabindex:-1)
2026-05-19 12:08:30,260 [WARN] IntegrityCheckThread:84 - waiting for thirdparty lock release [integrity check]
2026-05-19 12:08:30,261 [INFO] PluginManage:310 - Check plugin tools
2026-05-19 12:08:30,261 [INFO] IntegrityCheckThread:86 - entering critical section [integrity check]
2026-05-19 12:08:30,262 [INFO] ThirdPartyUpdaterWithRetryManager:70 - Updater plugin not ready yet. [1/15]
2026-05-19 12:08:30,267 [INFO] PluginManage:359 - Loaded plugin tools (category:base,tabindex:7)
2026-05-19 12:08:30,268 [INFO] PluginManage:310 - Check plugin tutovideos
2026-05-19 12:08:30,517 [INFO] PluginManage:359 - Loaded plugin tutovideos (category:base,tabindex:-1)
2026-05-19 12:08:30,517 [INFO] PluginManage:310 - Check plugin updater
2026-05-19 12:08:30,552 [INFO] PluginManage:359 - Loaded plugin updater (category:base,tabindex:12)
2026-05-19 12:08:30,552 [INFO] PluginManage:310 - Check plugin userauth
2026-05-19 12:08:30,558 [INFO] UserAuth:118 - Init User Auth plugin
2026-05-19 12:08:30,559 [INFO] PluginManage:359 - Loaded plugin userauth (category:base,tabindex:14)
2026-05-19 12:08:30,560 [INFO] PluginManage:283 - PluginManage : Loaded plugins [18]
2026-05-19 12:08:30,854 [INFO] PinOutPanel:1589 - setPackage(No Configuration,No Configuration)
2026-05-19 12:08:30,980 [INFO] CADModel:165 - CPN selected for project level
2026-05-19 12:08:30,980 [INFO] CADModel:114 - Register for checkConnection events
2026-05-19 12:08:31,011 [INFO] IPUIPlugin:80 - create IPUIPlugin
2026-05-19 12:08:31,011 [INFO] PluginManager:220 - loadIPPluginJar : add adc
2026-05-19 12:08:31,016 [INFO] IPUIPlugin:80 - create IPUIPlugin
2026-05-19 12:08:31,016 [INFO] PluginManager:220 - loadIPPluginJar : add aes
2026-05-19 12:08:31,021 [INFO] IPUIPlugin:80 - create IPUIPlugin
2026-05-19 12:08:31,021 [INFO] PluginManager:220 - loadIPPluginJar : add can
2026-05-19 12:08:31,025 [INFO] IPUIPlugin:80 - create IPUIPlugin
2026-05-19 12:08:31,025 [INFO] PluginManager:220 - loadIPPluginJar : add comp
2026-05-19 12:08:31,029 [INFO] IPUIPlugin:80 - create IPUIPlugin
2026-05-19 12:08:31,029 [INFO] PluginManager:220 - loadIPPluginJar : add cryp
2026-05-19 12:08:31,035 [INFO] IPUIPlugin:80 - create IPUIPlugin
2026-05-19 12:08:31,035 [INFO] PluginManager:220 - loadIPPluginJar : add ddr_ctrl_phy
2026-05-19 12:08:31,040 [INFO] IPUIPlugin:80 - create IPUIPlugin
2026-05-19 12:08:31,040 [INFO] PluginManager:220 - loadIPPluginJar : add dfsdm
2026-05-19 12:08:31,049 [INFO] IPUIPlugin:80 - create IPUIPlugin
2026-05-19 12:08:31,050 [INFO] PluginManager:220 - loadIPPluginJar : add dma
2026-05-19 12:08:31,055 [INFO] IPUIPlugin:80 - create IPUIPlugin
2026-05-19 12:08:31,056 [INFO] PluginManager:220 - loadIPPluginJar : add dma3
2026-05-19 12:08:31,061 [INFO] IPUIPlugin:80 - create IPUIPlugin
2026-05-19 12:08:31,061 [INFO] PluginManager:220 - loadIPPluginJar : add extmemmanager
2026-05-19 12:08:31,064 [INFO] IPUIPlugin:80 - create IPUIPlugin
2026-05-19 12:08:31,064 [INFO] PluginManager:220 - loadIPPluginJar : add fatfs
2026-05-19 12:08:31,071 [INFO] IPUIPlugin:80 - create IPUIPlugin
2026-05-19 12:08:31,072 [INFO] PluginManager:220 - loadIPPluginJar : add fmc
2026-05-19 12:08:31,080 [INFO] IPUIPlugin:80 - create IPUIPlugin
2026-05-19 12:08:31,080 [INFO] PluginManager:220 - loadIPPluginJar : add freertos
2026-05-19 12:08:31,082 [INFO] IPUIPlugin:80 - create IPUIPlugin
2026-05-19 12:08:31,083 [INFO] PluginManager:220 - loadIPPluginJar : add genericplugin
2026-05-19 12:08:31,087 [INFO] IPUIPlugin:80 - create IPUIPlugin
2026-05-19 12:08:31,087 [INFO] PluginManager:220 - loadIPPluginJar : add gfxmmu
2026-05-19 12:08:31,095 [INFO] IPUIPlugin:80 - create IPUIPlugin
2026-05-19 12:08:31,095 [INFO] PluginManager:220 - loadIPPluginJar : add gic
2026-05-19 12:08:31,102 [INFO] IPUIPlugin:80 - create IPUIPlugin
2026-05-19 12:08:31,102 [INFO] PluginManager:220 - loadIPPluginJar : add gpio
2026-05-19 12:08:31,107 [INFO] IPUIPlugin:80 - create IPUIPlugin
2026-05-19 12:08:31,108 [INFO] PluginManager:220 - loadIPPluginJar : add gtzc
2026-05-19 12:08:31,112 [INFO] IPUIPlugin:80 - create IPUIPlugin
2026-05-19 12:08:31,113 [INFO] PluginManager:220 - loadIPPluginJar : add hash
2026-05-19 12:08:31,118 [INFO] IPUIPlugin:80 - create IPUIPlugin
2026-05-19 12:08:31,118 [INFO] PluginManager:220 - loadIPPluginJar : add i2c
2026-05-19 12:08:31,123 [INFO] IPUIPlugin:80 - create IPUIPlugin
2026-05-19 12:08:31,123 [INFO] PluginManager:220 - loadIPPluginJar : add i2s
2026-05-19 12:08:31,128 [INFO] IPUIPlugin:80 - create IPUIPlugin
2026-05-19 12:08:31,129 [INFO] PluginManager:220 - loadIPPluginJar : add i3c
2026-05-19 12:08:31,134 [INFO] IPUIPlugin:80 - create IPUIPlugin
2026-05-19 12:08:31,135 [INFO] PluginManager:220 - loadIPPluginJar : add ipddr
2026-05-19 12:08:31,148 [INFO] IPUIPlugin:80 - create IPUIPlugin
2026-05-19 12:08:31,148 [INFO] PluginManager:220 - loadIPPluginJar : add linkedlist
2026-05-19 12:08:31,154 [INFO] IPUIPlugin:80 - create IPUIPlugin
2026-05-19 12:08:31,154 [INFO] PluginManager:220 - loadIPPluginJar : add lorawan
2026-05-19 12:08:31,157 [INFO] IPUIPlugin:80 - create IPUIPlugin
2026-05-19 12:08:31,158 [INFO] PluginManager:220 - loadIPPluginJar : add ltdc
2026-05-19 12:08:31,167 [INFO] IPUIPlugin:80 - create IPUIPlugin
2026-05-19 12:08:31,167 [INFO] PluginManager:220 - loadIPPluginJar : add mdma
2026-05-19 12:08:31,174 [INFO] IPUIPlugin:80 - create IPUIPlugin
2026-05-19 12:08:31,174 [INFO] PluginManager:220 - loadIPPluginJar : add nvic
2026-05-19 12:08:31,179 [INFO] IPUIPlugin:80 - create IPUIPlugin
2026-05-19 12:08:31,179 [INFO] PluginManager:220 - loadIPPluginJar : add opamp
2026-05-19 12:08:31,185 [INFO] IPUIPlugin:80 - create IPUIPlugin
2026-05-19 12:08:31,185 [INFO] PluginManager:220 - loadIPPluginJar : add openamp
2026-05-19 12:08:31,191 [INFO] IPUIPlugin:80 - create IPUIPlugin
2026-05-19 12:08:31,191 [INFO] PluginManager:220 - loadIPPluginJar : add pdm2pcm
2026-05-19 12:08:31,201 [INFO] IPUIPlugin:80 - create IPUIPlugin
2026-05-19 12:08:31,206 [INFO] PluginManager:220 - loadIPPluginJar : add plateformsettings
2026-05-19 12:08:31,209 [INFO] IPUIPlugin:80 - create IPUIPlugin
2026-05-19 12:08:31,210 [INFO] PluginManager:220 - loadIPPluginJar : add quadspi
2026-05-19 12:08:31,214 [INFO] IPUIPlugin:80 - create IPUIPlugin
2026-05-19 12:08:31,215 [INFO] PluginManager:220 - loadIPPluginJar : add radio
2026-05-19 12:08:31,222 [INFO] IPUIPlugin:80 - create IPUIPlugin
2026-05-19 12:08:31,222 [INFO] PluginManager:220 - loadIPPluginJar : add resmgrutility
2026-05-19 12:08:31,228 [INFO] IPUIPlugin:80 - create IPUIPlugin
2026-05-19 12:08:31,228 [INFO] PluginManager:220 - loadIPPluginJar : add sai
2026-05-19 12:08:31,233 [INFO] IPUIPlugin:80 - create IPUIPlugin
2026-05-19 12:08:31,233 [INFO] PluginManager:220 - loadIPPluginJar : add spi
2026-05-19 12:08:31,245 [INFO] IPUIPlugin:80 - create IPUIPlugin
2026-05-19 12:08:31,245 [INFO] PluginManager:220 - loadIPPluginJar : add stm32_wpan
2026-05-19 12:08:31,249 [INFO] IPUIPlugin:80 - create IPUIPlugin
2026-05-19 12:08:31,249 [INFO] PluginManager:220 - loadIPPluginJar : add tim
2026-05-19 12:08:31,256 [INFO] IPUIPlugin:80 - create IPUIPlugin
2026-05-19 12:08:31,258 [INFO] PluginManager:220 - loadIPPluginJar : add touchsensing
2026-05-19 12:08:31,265 [INFO] IPUIPlugin:80 - create IPUIPlugin
2026-05-19 12:08:31,266 [INFO] PluginManager:220 - loadIPPluginJar : add tracer_emb
2026-05-19 12:08:31,271 [INFO] IPUIPlugin:80 - create IPUIPlugin
2026-05-19 12:08:31,271 [INFO] PluginManager:220 - loadIPPluginJar : add ts
2026-05-19 12:08:31,276 [INFO] IPUIPlugin:80 - create IPUIPlugin
2026-05-19 12:08:31,276 [INFO] PluginManager:220 - loadIPPluginJar : add tsc
2026-05-19 12:08:31,281 [INFO] IPUIPlugin:80 - create IPUIPlugin
2026-05-19 12:08:31,281 [INFO] PluginManager:220 - loadIPPluginJar : add ucpd
2026-05-19 12:08:31,288 [INFO] IPUIPlugin:80 - create IPUIPlugin
2026-05-19 12:08:31,289 [INFO] PluginManager:220 - loadIPPluginJar : add usart
2026-05-19 12:08:31,295 [INFO] IPUIPlugin:80 - create IPUIPlugin
2026-05-19 12:08:31,295 [INFO] PluginManager:220 - loadIPPluginJar : add usbx
2026-05-19 12:08:31,465 [FATAL] Updater:351 - Updater called before beeing initialized
2026-05-19 12:08:31,503 [INFO] RulesReader:64 - Compatibility file has been processed (301 Rules)
2026-05-19 12:08:31,520 [INFO] RulesReader:64 - Compatibility file has been processed (301 Rules)
2026-05-19 12:08:31,532 [INFO] CADModel:165 - CPN selected for project level
2026-05-19 12:08:31,532 [INFO] CADModel:114 - Register for checkConnection events
2026-05-19 12:08:31,533 [FATAL] Updater:351 - Updater called before beeing initialized
2026-05-19 12:08:31,533 [ERROR] CADModel:125 - Updater not yet initialized, retry later 
2026-05-19 12:08:31,789 [FATAL] Updater:351 - Updater called before beeing initialized
2026-05-19 12:08:31,793 [INFO] CADModel:165 - CPN selected for project level
2026-05-19 12:08:31,793 [INFO] CADModel:114 - Register for checkConnection events
2026-05-19 12:08:31,793 [FATAL] Updater:351 - Updater called before beeing initialized
2026-05-19 12:08:31,794 [ERROR] CADModel:125 - Updater not yet initialized, retry later 
2026-05-19 12:08:31,798 [FATAL] Updater:351 - Updater called before beeing initialized
2026-05-19 12:08:31,958 [FATAL] Updater:351 - Updater called before beeing initialized
2026-05-19 12:08:31,965 [INFO] DbMcusAds:53 - JSON generation date=Mon Apr 27 13:44:29 IST 2026 (1777277669683)
2026-05-19 12:08:31,966 [FATAL] Updater:351 - Updater called before beeing initialized
2026-05-19 12:08:32,011 [WARN] DetailPanel:346 - Failed to get advertising image, set to default
2026-05-19 12:08:32,318 [FATAL] Updater:351 - Updater called before beeing initialized
2026-05-19 12:08:32,322 [FATAL] Updater:351 - Updater called before beeing initialized
2026-05-19 12:08:32,323 [FATAL] Updater:351 - Updater called before beeing initialized
2026-05-19 12:08:32,323 [WARN] DetailPanel:346 - Failed to get advertising image, set to default
2026-05-19 12:08:32,325 [FATAL] Updater:351 - Updater called before beeing initialized
2026-05-19 12:08:32,442 [ERROR] Updater:1198 - MainUpdater not yet initialized. External WinMGr cannot be set.
2026-05-19 12:08:32,447 [INFO] Updater:1134 - Updater Version found : 6.14.0
2026-05-19 12:08:32,480 [INFO] ApplicationProperties:184 - Using Application install path: C:\ST\STM32CubeIDE_1.18.0\STM32CubeIDE\plugins\com.st.stm32cube.common.mx_6.14.0.202502271554
2026-05-19 12:08:32,982 [INFO] MainUpdater:2872 - connection check result : 10
2026-05-19 12:08:32,983 [INFO] MainUpdater:289 - Updater Check For Update Now.
2026-05-19 12:08:32,984 [INFO] MicroXplorer:498 - Change Database Version : DB.6.0.140
2026-05-19 12:08:32,996 [INFO] McuFinderGlobals:63 - Set McuFinder mode to 2 (CubeIDE integrated)
2026-05-19 12:08:32,996 [INFO] UserAuth:171 - activating auth plugin
2026-05-19 12:08:33,000 [INFO] UserAuth:486 - Internet connection configuration mode: 1
2026-05-19 12:08:33,034 [INFO] JxBrowserEngine:152 - Initiate JxBrowser Engine with user profile folder
2026-05-19 12:08:33,228 [INFO] CheckServerUpdateThread:120 - End of CheckServer Thread
2026-05-19 12:08:34,205 [WARN] PackLoader:240 - Cannot read IP mode file for STMicroelectronics.X-CUBE-AZRTOS-H7.3.5.0
2026-05-19 12:08:34,251 [WARN] PackLoader:240 - Cannot read IP mode file for STMicroelectronics.FP-ATR-ASTRA1.2.0.2
2026-05-19 12:08:34,276 [WARN] PackLoader:240 - Cannot read IP mode file for STMicroelectronics.X-CUBE-SMBUS.2.1.0
2026-05-19 12:08:34,346 [WARN] PackLoader:240 - Cannot read IP mode file for STMicroelectronics.X-CUBE-AZRTOS-F7.1.1.0
2026-05-19 12:08:34,403 [ERROR] Engine:466 - C:\Users\hp\.stm32cubemx\thirdparties\pdsc\STMicroelectronics.FP-SNS-MOTENV1.5.1.0.pdsc: PDSC version is not supported
2026-05-19 12:08:34,428 [ERROR] Engine:466 - C:\Users\hp\.stm32cubemx\thirdparties\pdsc\WES.I-CUBE-Cesium.1.4.0.pdsc: PDSC version is not supported
2026-05-19 12:08:34,475 [WARN] PackLoader:240 - Cannot read IP mode file for STMicroelectronics.X-CUBE-DISPLAY.3.0.0
2026-05-19 12:08:34,505 [WARN] PackLoader:240 - Cannot read IP mode file for STMicroelectronics.X-CUBE-GNSS1.7.1.1
2026-05-19 12:08:34,515 [ERROR] Engine:466 - C:\Users\hp\.stm32cubemx\thirdparties\pdsc\STMicroelectronics.FP-SNS-MOTENVWB1.1.5.0.pdsc: PDSC version is not supported
2026-05-19 12:08:34,541 [WARN] PackLoader:240 - Cannot read IP mode file for STMicroelectronics.X-CUBE-NFC10.1.0.0
2026-05-19 12:08:34,562 [WARN] PackLoader:240 - Cannot read IP mode file for STMicroelectronics.X-CUBE-ST60.1.1.0
2026-05-19 12:08:34,579 [WARN] PackLoader:240 - Cannot read IP mode file for emotas.I-CUBE-CANOPEN.1.3.0
2026-05-19 12:08:34,591 [WARN] PackLoader:240 - Cannot read IP mode file for STMicroelectronics.X-CUBE-GNSS1.7.1.0
2026-05-19 12:08:34,601 [ERROR] Engine:466 - C:\Users\hp\.stm32cubemx\thirdparties\pdsc\STMicroelectronics.FP-SNS-STBOX1.2.1.0.pdsc: PDSC version is not supported
2026-05-19 12:08:34,612 [WARN] PackLoader:240 - Cannot read IP mode file for STMicroelectronics.FP-SNS-SMARTAG2.1.2.0
2026-05-19 12:08:34,622 [WARN] PackLoader:240 - Cannot read IP mode file for STMicroelectronics.FP-SNS-FLIGHT1.5.1.0
2026-05-19 12:08:34,643 [INFO] LogOutputStream:77 - [STDOUT_REDIRECT] 1 : Invalid condition id : UX_CORESTACK_Condition cause : null
2026-05-19 12:08:34,645 [INFO] LogOutputStream:77 - [STDOUT_REDIRECT] 1 : Invalid condition id : UX_CORESTACK_Condition cause : null
2026-05-19 12:08:34,648 [INFO] LogOutputStream:77 - [STDOUT_REDIRECT] 1 : Invalid condition id : UX_CORESTACK_Condition cause : null
2026-05-19 12:08:34,651 [INFO] LogOutputStream:77 - [STDOUT_REDIRECT] 1 : Invalid condition id : UX_CORESTACK_Condition cause : null
2026-05-19 12:08:34,653 [INFO] LogOutputStream:77 - [STDOUT_REDIRECT] 1 : Invalid condition id : UX_CORESTACK_Condition cause : null
2026-05-19 12:08:34,659 [WARN] PackLoader:240 - Cannot read IP mode file for STMicroelectronics.X-CUBE-AZRTOS-WL.2.0.0
2026-05-19 12:08:34,697 [WARN] PackLoader:240 - Cannot read IP mode file for STMicroelectronics.X-CUBE-AZRTOS-H7RS.1.2.0
2026-05-19 12:08:34,711 [WARN] PackLoader:240 - Cannot read IP mode file for STMicroelectronics.X-CUBE-BLE2.3.3.0
2026-05-19 12:08:34,801 [WARN] PackLoader:240 - Cannot read IP mode file for Infineon.AIROC-Wi-Fi-Bluetooth-STM32.1.8.0
2026-05-19 12:08:34,824 [WARN] PackLoader:240 - Cannot read IP mode file for STMicroelectronics.X-CUBE-NFC9.1.0.0
2026-05-19 12:08:34,838 [WARN] PackLoader:240 - Cannot read IP mode file for STMicroelectronics.X-CUBE-BLE1.7.1.0
2026-05-19 12:08:34,838 [INFO] WebApp:169 - Instantiating new browser for Auth
2026-05-19 12:08:34,849 [WARN] PackLoader:240 - Cannot read IP mode file for wolfSSL.I-CUBE-wolfMQTT.1.19.2
2026-05-19 12:08:34,866 [WARN] PackLoader:240 - Cannot read IP mode file for STMicroelectronics.X-CUBE-EEPRMA1.5.2.0
2026-05-19 12:08:34,890 [WARN] PackLoader:240 - Cannot read IP mode file for wolfSSL.I-CUBE-wolfSSL.5.8.4
2026-05-19 12:08:34,900 [ERROR] Engine:466 - C:\Users\hp\.stm32cubemx\thirdparties\pdsc\STMicroelectronics.FP-SNS-STAIOTCFT.1.1.0.pdsc: PDSC version is not supported
2026-05-19 12:08:35,032 [WARN] PackLoader:240 - Cannot read IP mode file for STMicroelectronics.X-CUBE-MEMS1.12.0.0
2026-05-19 12:08:35,433 [WARN] PackLoader:240 - Cannot read IP mode file for STMicroelectronics.X-CUBE-AZRTOS-G0.1.1.0
2026-05-19 12:08:35,455 [WARN] PackLoader:240 - Cannot read IP mode file for STMicroelectronics.X-CUBE-NFC4.3.0.0
2026-05-19 12:08:35,479 [WARN] PackLoader:240 - Cannot read IP mode file for EmbeddedOffice.I-CUBE-FS-RTOS.1.0.1
2026-05-19 12:08:35,487 [WARN] PackLoader:240 - Cannot read IP mode file for wolfSSL.I-CUBE-wolfTPM.3.8.0
2026-05-19 12:08:35,501 [WARN] PackLoader:240 - Cannot read IP mode file for STMicroelectronics.X-CUBE-TCPP.4.2.0
2026-05-19 12:08:35,515 [WARN] PackLoader:240 - Cannot read IP mode file for RealThread.X-CUBE-RT-Thread_Nano.4.1.1
2026-05-19 12:08:35,525 [WARN] PackLoader:240 - Cannot read IP mode file for STMicroelectronics.FP-ATR-SIGFOX1.3.2.0
2026-05-19 12:08:35,531 [ERROR] Engine:466 - C:\Users\hp\.stm32cubemx\thirdparties\pdsc\STMicroelectronics.X-CUBE-FREERTOS.1.5.0.pdsc: PDSC version is not supported
2026-05-19 12:08:35,543 [WARN] PackLoader:240 - Cannot read IP mode file for ITTIA_DB.I-CUBE-ITTIADB.8.9.0
2026-05-19 12:08:35,552 [WARN] PackLoader:240 - Cannot read IP mode file for Cesanta.I-CUBE-Mongoose.7.21.0
2026-05-19 12:08:35,565 [WARN] PackLoader:240 - Cannot read IP mode file for STMicroelectronics.X-CUBE-NFC6.3.2.0
2026-05-19 12:08:35,579 [WARN] PackLoader:240 - Cannot read IP mode file for STMicroelectronics.X-CUBE-AI.10.2.0
2026-05-19 12:08:35,655 [WARN] PackLoader:240 - Cannot read IP mode file for STMicroelectronics.X-CUBE-MEMS1.12.1.0
2026-05-19 12:08:35,855 [WARN] PackLoader:240 - Cannot read IP mode file for SEGGER.I-CUBE-embOS.1.3.1
2026-05-19 12:08:35,907 [WARN] PackLoader:240 - Cannot read IP mode file for STMicroelectronics.X-CUBE-ALGOBUILD.1.4.0
2026-05-19 12:08:35,917 [WARN] PackLoader:240 - Cannot read IP mode file for STMicroelectronics.X-CUBE-PM33A1.1.0.0
2026-05-19 12:08:35,940 [WARN] PackLoader:240 - Cannot read IP mode file for STMicroelectronics.X-CUBE-AZRTOS-F4.1.1.0
2026-05-19 12:08:35,949 [WARN] PackLoader:240 - Cannot read IP mode file for STMicroelectronics.X-CUBE-ISPU.2.1.0
2026-05-19 12:08:35,956 [ERROR] Engine:466 - C:\Users\hp\.stm32cubemx\thirdparties\pdsc\STMicroelectronics.X-CUBE-IPS.3.2.0.pdsc: PDSC version is not supported
2026-05-19 12:08:35,960 [WARN] PackLoader:240 - Cannot read IP mode file for STMicroelectronics.eDS-WB_DPC_TT-BIDIR.2.1.1
2026-05-19 12:08:35,970 [WARN] PackLoader:240 - Cannot read IP mode file for STMicroelectronics.X-CUBE-NFC12.1.0.0
2026-05-19 12:08:36,002 [WARN] PackLoader:240 - Cannot read IP mode file for STMicroelectronics.X-CUBE-AZRTOS-L5.2.0.0
2026-05-19 12:08:36,012 [WARN] PackLoader:240 - Cannot read IP mode file for STMicroelectronics.eDS-WB_DPC_VIENNA.1.2.0
2026-05-19 12:08:36,021 [WARN] PackLoader:240 - Cannot read IP mode file for STMicroelectronics.eDS-WB_DPC_3PH2L-BIDIR.1.1.1
2026-05-19 12:08:36,027 [ERROR] Engine:466 - C:\Users\hp\.stm32cubemx\thirdparties\pdsc\STMicroelectronics.X-CUBE-ST67W61.1.3.0.pdsc: PDSC version is not supported
2026-05-19 12:08:36,037 [WARN] PackLoader:240 - Cannot read IP mode file for STMicroelectronics.X-CUBE-TOUCHGFX.4.26.1
2026-05-19 12:08:36,048 [WARN] PackLoader:240 - Cannot read IP mode file for STMicroelectronics.FP-SNS-STAIOTCFT.1.0.0
2026-05-19 12:08:36,060 [WARN] PackLoader:240 - Cannot read IP mode file for STMicroelectronics.X-CUBE-DPower.1.3.0
2026-05-19 12:08:36,086 [WARN] ConditionMgr:438 - getConditionDescription Invalid condition id : LAN8742 Phy interface Condition cause : null
2026-05-19 12:08:36,087 [WARN] PackLoader:240 - Cannot read IP mode file for STMicroelectronics.X-CUBE-AZRTOS-L4.2.0.0
2026-05-19 12:08:36,089 [WARN] ConditionMgr:1044 - genDependencies : Invalid condition id : LAN8742 Phy interface Condition cause : null
2026-05-19 12:08:36,089 [WARN] ConditionMgr:1044 - genDependencies : Invalid condition id : LAN8742 Phy interface Condition cause : null
2026-05-19 12:08:36,090 [WARN] ConditionMgr:1044 - genDependencies : Invalid condition id : LAN8742 Phy interface Condition cause : null
2026-05-19 12:08:36,101 [WARN] PackLoader:240 - Cannot read IP mode file for STMicroelectronics.X-CUBE-SFXS2LP1.4.0.0
2026-05-19 12:08:36,110 [WARN] PackLoader:240 - Cannot read IP mode file for STMicroelectronics.X-CUBE-WB05N.2.1.0
2026-05-19 12:08:36,115 [ERROR] Engine:466 - C:\Users\hp\.stm32cubemx\thirdparties\pdsc\STMicroelectronics.X-CUBE-ST67W61.1.2.0.pdsc: PDSC version is not supported
2026-05-19 12:08:36,128 [WARN] PackLoader:240 - Cannot read IP mode file for STMicroelectronics.X-CUBE-BLEMGR.4.1.0
2026-05-19 12:08:36,148 [WARN] ConditionMgr:438 - getConditionDescription Invalid condition id : UX DEVICE CLASS RTOS Condition cause : null
2026-05-19 12:08:36,149 [WARN] ConditionMgr:438 - getConditionDescription Invalid condition id : UX DEVICE CLASS RTOS Condition cause : null
2026-05-19 12:08:36,151 [WARN] PackLoader:240 - Cannot read IP mode file for STMicroelectronics.X-CUBE-AZRTOS-WB.2.0.0
2026-05-19 12:08:36,152 [WARN] ConditionMgr:1044 - genDependencies : Invalid condition id : UX DEVICE CLASS RTOS Condition cause : null
2026-05-19 12:08:36,152 [WARN] ConditionMgr:1044 - genDependencies : Invalid condition id : UX DEVICE CLASS RTOS Condition cause : null
2026-05-19 12:08:36,153 [WARN] ConditionMgr:1044 - genDependencies : Invalid condition id : UX DEVICE CLASS RTOS Condition cause : null
2026-05-19 12:08:36,154 [WARN] ConditionMgr:1044 - genDependencies : Invalid condition id : UX DEVICE CLASS RTOS Condition cause : null
2026-05-19 12:08:36,154 [WARN] ConditionMgr:1044 - genDependencies : Invalid condition id : UX DEVICE CLASS RTOS Condition cause : null
2026-05-19 12:08:36,162 [WARN] ConditionMgr:438 - getConditionDescription Invalid condition id : Cortex-A Device cause : null
2026-05-19 12:08:36,177 [WARN] ConditionMgr:1044 - genDependencies : Invalid condition id : Cortex-A Device cause : null
2026-05-19 12:08:36,177 [WARN] ConditionMgr:1044 - genDependencies : Invalid condition id : Cortex-A Device cause : null
2026-05-19 12:08:36,177 [WARN] ConditionMgr:1044 - genDependencies : Invalid condition id : Cortex-A Device cause : null
2026-05-19 12:08:36,186 [WARN] PackLoader:240 - Cannot read IP mode file for STMicroelectronics.X-CUBE-STSE01.2.0.0
2026-05-19 12:08:36,200 [WARN] PackLoader:240 - Cannot read IP mode file for STMicroelectronics.X-CUBE-SUBG2.5.0.0
2026-05-19 12:08:36,221 [WARN] PackLoader:240 - Cannot read IP mode file for STMicroelectronics.X-CUBE-AZRTOS-G4.2.0.0
2026-05-19 12:08:36,229 [WARN] PackLoader:240 - Cannot read IP mode file for wolfSSL.I-CUBE-wolfSSH.1.4.20
2026-05-19 12:08:36,236 [WARN] PackLoader:240 - Cannot read IP mode file for STMicroelectronics.X-CUBE-NFC7.2.0.0
2026-05-19 12:08:36,243 [WARN] PackLoader:240 - Cannot read IP mode file for STMicroelectronics.X-CUBE-ALS.1.0.2
2026-05-19 12:08:36,264 [WARN] PackLoader:240 - Cannot read IP mode file for STMicroelectronics.X-CUBE-TOF1.3.4.3
2026-05-19 12:08:36,280 [INFO] ThirdParty:978 - Integrity check success = true
2026-05-19 12:08:36,280 [INFO] IntegrityCheckThread:100 - exiting critical section [integrity check]
2026-05-19 12:08:36,281 [INFO] IntegrityCheckThread:103 - End integrity checks thread
2026-05-19 12:08:36,610 [INFO] WebApp:463 - Apply proxy settings
2026-05-19 12:08:36,611 [INFO] WebApp:548 - Chromium requires no authentication
2026-05-19 12:08:36,622 [INFO] WebApp:491 - Direct internet connection detected
2026-05-19 12:08:36,658 [INFO] WebApp:894 - Register for checkConnection events
2026-05-19 12:08:36,659 [INFO] WebApp:463 - Apply proxy settings
2026-05-19 12:08:36,659 [INFO] WebApp:548 - Chromium requires no authentication
2026-05-19 12:08:36,660 [INFO] WebApp:491 - Direct internet connection detected
2026-05-19 12:08:36,911 [INFO] WebApp:225 - Starting web application
2026-05-19 12:08:36,912 [INFO] WebApp:593 - Web application path used C:\ST\STM32CubeIDE_1.18.0\STM32CubeIDE\plugins\com.st.stm32cube.common.mx_6.14.0.202502271554\db\plugins\mcufinder\reactClient1\index.html
2026-05-19 12:08:37,112 [INFO] WebApp:191 - Connection restablished
2026-05-19 12:33:50,210 [INFO] WebApp:194 - Connection lost
2026-05-19 12:33:50,663 [INFO] WebApp:191 - Connection restablished
2026-05-19 13:38:46,642 [INFO] WebApp:194 - Connection lost
2026-05-19 13:38:47,234 [INFO] WebApp:191 - Connection restablished
2026-05-19 14:38:47,859 [INFO] WebApp:194 - Connection lost
2026-05-19 14:38:48,449 [INFO] WebApp:191 - Connection restablished
2026-05-19 15:38:51,827 [INFO] WebApp:194 - Connection lost
2026-05-19 15:38:52,327 [INFO] WebApp:191 - Connection restablished
2026-05-19 16:38:55,335 [INFO] WebApp:194 - Connection lost
2026-05-19 16:38:55,918 [INFO] WebApp:191 - Connection restablished
2026-05-19 17:38:58,572 [INFO] WebApp:194 - Connection lost
2026-05-19 17:38:58,885 [INFO] WebApp:191 - Connection restablished
2026-05-19 17:59:18,060 [ERROR] LogOutputStream:75 - [STDERR_REDIRECT] 
2026-05-19 19:28:03,518 [INFO] Activator:176 - 


2026-05-19 19:28:03,527 [INFO] Activator:177 - !SESSION log4j initialized
2026-05-19 19:28:27,733 [INFO] LogOutputStream:77 - [STDOUT_REDIRECT] 
2026-05-19 19:28:34,650 [INFO] ApplicationProperties:184 - Using Application install path: C:\ST\STM32CubeIDE_1.18.0\STM32CubeIDE\plugins\com.st.stm32cube.common.mx_6.14.0.202502271554
2026-05-19 19:28:34,752 [INFO] DbMcusXml:78 - Set database path to: C:\ST\STM32CubeIDE_1.18.0\STM32CubeIDE\plugins\com.st.stm32cube.common.mx_6.14.0.202502271554\\db\/mcu/
2026-05-19 19:28:34,753 [INFO] ApiDb:274 - Set plugin database path to: C:\ST\STM32CubeIDE_1.18.0\STM32CubeIDE\plugins\com.st.stm32cube.common.mx_6.14.0.202502271554\\db\/plugins/boardmanager/
2026-05-19 19:28:34,754 [WARN] ApiDb:259 - Overriding images path with different value:  => C:\ST\STM32CubeIDE_1.18.0\STM32CubeIDE\plugins\com.st.stm32cube.common.mx_6.14.0.202502271554\\db\/plugins/mcufinder/images/
2026-05-19 19:28:34,787 [INFO] ApiDb:250 - Set database path to: C:\Users\hp\.stmcufinder\plugins\mcufinder//mcu/
2026-05-19 19:28:34,791 [INFO] DbMcusAds:125 - Set database path to: C:\Users\hp\.stmcufinder\plugins\mcufinder//mcu/
2026-05-19 19:28:34,798 [INFO] CrossReferenceDbSqlite:203 - Set database path to: C:\Users\hp\.stmcufinder\plugins\mcufinder//mcu/cs/
2026-05-19 19:28:35,434 [INFO] RulesReader:64 - Compatibility file has been processed (301 Rules)
2026-05-19 19:28:35,846 [INFO] DbMcusXml:78 - Set database path to: C:\ST\STM32CubeIDE_1.18.0\STM32CubeIDE\plugins\com.st.stm32cube.common.mx_6.14.0.202502271554\\db\/mcu/
2026-05-19 19:28:35,847 [INFO] ApiDb:274 - Set plugin database path to: C:\ST\STM32CubeIDE_1.18.0\STM32CubeIDE\plugins\com.st.stm32cube.common.mx_6.14.0.202502271554\\db\/plugins/boardmanager/
2026-05-19 19:28:35,848 [INFO] ApiDb:261 - Set plugin images path to: C:\ST\STM32CubeIDE_1.18.0\STM32CubeIDE\plugins\com.st.stm32cube.common.mx_6.14.0.202502271554\\db\/plugins/mcufinder/images/
2026-05-19 19:28:35,850 [WARN] DbFile:41 - Overriding database path with different value: C:\Users\hp\.stmcufinder\plugins\mcufinder/ => C:\Users\hp\.stmcufinder\plugins\mcufinder
2026-05-19 19:28:35,850 [INFO] ApiDb:250 - Set database path to: C:\Users\hp\.stmcufinder\plugins\mcufinder//mcu/
2026-05-19 19:28:35,851 [WARN] DbFile:41 - Overriding database path with different value: C:\Users\hp\.stmcufinder\plugins\mcufinder/ => C:\Users\hp\.stmcufinder\plugins\mcufinder
2026-05-19 19:28:35,851 [INFO] DbMcusAds:125 - Set database path to: C:\Users\hp\.stmcufinder\plugins\mcufinder//mcu/
2026-05-19 19:28:35,852 [WARN] DbFile:41 - Overriding database path with different value: C:\Users\hp\.stmcufinder\plugins\mcufinder/ => C:\Users\hp\.stmcufinder\plugins\mcufinder
2026-05-19 19:28:35,852 [WARN] DbFile:41 - Overriding database path with different value: C:\Users\hp\.stmcufinder\plugins\mcufinder/ => C:\Users\hp\.stmcufinder\plugins\mcufinder
2026-05-19 19:28:35,853 [INFO] CrossReferenceDbSqlite:203 - Set database path to: C:\Users\hp\.stmcufinder\plugins\mcufinder//mcu/cs/
2026-05-19 19:28:36,173 [INFO] MainPanel:272 - HeapMemory: 268435456
2026-05-19 19:28:36,504 [INFO] DbMcusXml:78 - Set database path to: C:\ST\STM32CubeIDE_1.18.0\STM32CubeIDE\plugins\com.st.stm32cube.common.mx_6.14.0.202502271554\\db\/mcu/
2026-05-19 19:28:36,504 [INFO] ApiDb:274 - Set plugin database path to: C:\ST\STM32CubeIDE_1.18.0\STM32CubeIDE\plugins\com.st.stm32cube.common.mx_6.14.0.202502271554\\db\/plugins/boardmanager/
2026-05-19 19:28:36,505 [INFO] ApiDb:261 - Set plugin images path to: C:\ST\STM32CubeIDE_1.18.0\STM32CubeIDE\plugins\com.st.stm32cube.common.mx_6.14.0.202502271554\\db\/plugins/mcufinder/images/
2026-05-19 19:28:36,507 [WARN] DbFile:41 - Overriding database path with different value: C:\Users\hp\.stmcufinder\plugins\mcufinder/ => C:\Users\hp\.stmcufinder\plugins\mcufinder
2026-05-19 19:28:36,507 [INFO] ApiDb:250 - Set database path to: C:\Users\hp\.stmcufinder\plugins\mcufinder//mcu/
2026-05-19 19:28:36,508 [WARN] DbFile:41 - Overriding database path with different value: C:\Users\hp\.stmcufinder\plugins\mcufinder/ => C:\Users\hp\.stmcufinder\plugins\mcufinder
2026-05-19 19:28:36,509 [INFO] DbMcusAds:125 - Set database path to: C:\Users\hp\.stmcufinder\plugins\mcufinder//mcu/
2026-05-19 19:28:36,509 [WARN] DbFile:41 - Overriding database path with different value: C:\Users\hp\.stmcufinder\plugins\mcufinder/ => C:\Users\hp\.stmcufinder\plugins\mcufinder
2026-05-19 19:28:36,510 [WARN] DbFile:41 - Overriding database path with different value: C:\Users\hp\.stmcufinder\plugins\mcufinder/ => C:\Users\hp\.stmcufinder\plugins\mcufinder
2026-05-19 19:28:36,511 [INFO] CrossReferenceDbSqlite:203 - Set database path to: C:\Users\hp\.stmcufinder\plugins\mcufinder//mcu/cs/
2026-05-19 19:28:36,681 [INFO] ApplicationProperties:184 - Using Application install path: C:\ST\STM32CubeIDE_1.18.0\STM32CubeIDE\plugins\com.st.stm32cube.common.mx_6.14.0.202502271554
2026-05-19 19:28:36,687 [INFO] PluginManage:196 - Search for loadable plugins [exclusion list=, ]
2026-05-19 19:28:36,695 [INFO] PluginManage:310 - Check plugin analytics
2026-05-19 19:28:37,375 [INFO] AnalyticsPlugin:253 - Accepted Software Licenses: 
2026-05-19 19:28:37,377 [INFO] AnalyticsPlugin:255 - Accepted CMSIS Pack Licenses: 
2026-05-19 19:28:37,378 [INFO] AnalyticsPlugin:257 - Accepted Firmware Licenses: FW.F4.1.28.0,FW.L4.1.18.0
2026-05-19 19:28:37,392 [INFO] PluginManage:359 - Loaded plugin analytics (category:tool,tabindex:-1)
2026-05-19 19:28:37,393 [INFO] PluginManage:310 - Check plugin cadmodel
2026-05-19 19:28:37,408 [INFO] CADModel:105 - Init CAD model plugin
2026-05-19 19:28:37,409 [INFO] PluginManage:359 - Loaded plugin cadmodel (category:power,tabindex:5)
2026-05-19 19:28:37,410 [INFO] PluginManage:310 - Check plugin clock
2026-05-19 19:28:37,439 [INFO] PluginManage:359 - Loaded plugin clock (category:base,tabindex:2)
2026-05-19 19:28:37,440 [INFO] PluginManage:310 - Check plugin ddr
2026-05-19 19:28:37,446 [INFO] PluginManage:359 - Loaded plugin ddr (category:tool,tabindex:6)
2026-05-19 19:28:37,447 [INFO] PluginManage:310 - Check plugin filemanager
2026-05-19 19:28:37,799 [INFO] PluginManage:359 - Loaded plugin filemanager (category:base,tabindex:10)
2026-05-19 19:28:37,799 [INFO] PluginManage:310 - Check plugin ipmanager
2026-05-19 19:28:37,818 [INFO] PluginManage:359 - Loaded plugin ipmanager (category:base,tabindex:5)
2026-05-19 19:28:37,819 [INFO] PluginManage:310 - Check plugin lpbam
2026-05-19 19:28:37,837 [INFO] PluginManage:359 - Loaded plugin lpbam (category:base,tabindex:0)
2026-05-19 19:28:37,838 [INFO] PluginManage:310 - Check plugin memorymap
2026-05-19 19:28:37,872 [INFO] PluginManage:359 - Loaded plugin memorymap (category:base,tabindex:4)
2026-05-19 19:28:37,872 [INFO] PluginManage:310 - Check plugin pinoutandconfiguration
2026-05-19 19:28:37,896 [INFO] PluginManage:359 - Loaded plugin pinoutandconfiguration (category:base,tabindex:1)
2026-05-19 19:28:37,897 [INFO] PluginManage:310 - Check plugin pinoutconfig
2026-05-19 19:28:38,072 [WARN] SupportedApi:132 - Cannot load RTOS API schema: s4s-elt-must-match.1: The content of 'definitions' must match (annotation?, (simpleType | complexType)?, (unique | key | keyref)*)). A problem was found starting at: attribute.
2026-05-19 19:28:38,570 [INFO] PluginManage:359 - Loaded plugin pinoutconfig (category:base,tabindex:0)
2026-05-19 19:28:38,571 [INFO] PluginManage:310 - Check plugin power
2026-05-19 19:28:38,606 [INFO] PluginManage:359 - Loaded plugin power (category:power,tabindex:4)
2026-05-19 19:28:38,607 [INFO] PluginManage:310 - Check plugin projectmanager
2026-05-19 19:28:38,653 [INFO] PluginManage:359 - Loaded plugin projectmanager (category:projectmanager,tabindex:4)
2026-05-19 19:28:38,654 [INFO] PluginManage:310 - Check plugin rif
2026-05-19 19:28:38,677 [INFO] PluginManage:359 - Loaded plugin rif (category:base,tabindex:3)
2026-05-19 19:28:38,678 [INFO] PluginManage:310 - Check plugin thirdparty
2026-05-19 19:28:39,227 [INFO] PluginManage:359 - Loaded plugin thirdparty (category:base,tabindex:-1)
2026-05-19 19:28:39,228 [INFO] PluginManage:310 - Check plugin tools
2026-05-19 19:28:39,227 [WARN] IntegrityCheckThread:84 - waiting for thirdparty lock release [integrity check]
2026-05-19 19:28:39,230 [INFO] IntegrityCheckThread:86 - entering critical section [integrity check]
2026-05-19 19:28:39,233 [INFO] ThirdPartyUpdaterWithRetryManager:70 - Updater plugin not ready yet. [1/15]
2026-05-19 19:28:39,238 [INFO] PluginManage:359 - Loaded plugin tools (category:base,tabindex:7)
2026-05-19 19:28:39,239 [INFO] PluginManage:310 - Check plugin tutovideos
2026-05-19 19:28:39,805 [INFO] PluginManage:359 - Loaded plugin tutovideos (category:base,tabindex:-1)
2026-05-19 19:28:39,807 [INFO] PluginManage:310 - Check plugin updater
2026-05-19 19:28:39,868 [INFO] PluginManage:359 - Loaded plugin updater (category:base,tabindex:12)
2026-05-19 19:28:39,868 [INFO] PluginManage:310 - Check plugin userauth
2026-05-19 19:28:39,881 [INFO] UserAuth:118 - Init User Auth plugin
2026-05-19 19:28:39,884 [INFO] PluginManage:359 - Loaded plugin userauth (category:base,tabindex:14)
2026-05-19 19:28:39,886 [INFO] PluginManage:283 - PluginManage : Loaded plugins [18]
2026-05-19 19:28:40,548 [INFO] PinOutPanel:1589 - setPackage(No Configuration,No Configuration)
2026-05-19 19:28:40,873 [INFO] CADModel:165 - CPN selected for project level
2026-05-19 19:28:40,873 [INFO] CADModel:114 - Register for checkConnection events
2026-05-19 19:28:40,939 [INFO] IPUIPlugin:80 - create IPUIPlugin
2026-05-19 19:28:40,940 [INFO] PluginManager:220 - loadIPPluginJar : add adc
2026-05-19 19:28:40,953 [INFO] IPUIPlugin:80 - create IPUIPlugin
2026-05-19 19:28:40,954 [INFO] PluginManager:220 - loadIPPluginJar : add aes
2026-05-19 19:28:40,975 [INFO] IPUIPlugin:80 - create IPUIPlugin
2026-05-19 19:28:40,976 [INFO] PluginManager:220 - loadIPPluginJar : add can
2026-05-19 19:28:41,002 [INFO] IPUIPlugin:80 - create IPUIPlugin
2026-05-19 19:28:41,002 [INFO] PluginManager:220 - loadIPPluginJar : add comp
2026-05-19 19:28:41,011 [INFO] IPUIPlugin:80 - create IPUIPlugin
2026-05-19 19:28:41,011 [INFO] PluginManager:220 - loadIPPluginJar : add cryp
2026-05-19 19:28:41,038 [INFO] IPUIPlugin:80 - create IPUIPlugin
2026-05-19 19:28:41,039 [INFO] PluginManager:220 - loadIPPluginJar : add ddr_ctrl_phy
2026-05-19 19:28:41,086 [INFO] IPUIPlugin:80 - create IPUIPlugin
2026-05-19 19:28:41,086 [INFO] PluginManager:220 - loadIPPluginJar : add dfsdm
2026-05-19 19:28:41,106 [INFO] IPUIPlugin:80 - create IPUIPlugin
2026-05-19 19:28:41,108 [INFO] PluginManager:220 - loadIPPluginJar : add dma
2026-05-19 19:28:41,137 [INFO] IPUIPlugin:80 - create IPUIPlugin
2026-05-19 19:28:41,138 [INFO] PluginManager:220 - loadIPPluginJar : add dma3
2026-05-19 19:28:41,178 [INFO] IPUIPlugin:80 - create IPUIPlugin
2026-05-19 19:28:41,195 [INFO] PluginManager:220 - loadIPPluginJar : add extmemmanager
2026-05-19 19:28:41,202 [INFO] IPUIPlugin:80 - create IPUIPlugin
2026-05-19 19:28:41,203 [INFO] PluginManager:220 - loadIPPluginJar : add fatfs
2026-05-19 19:28:41,221 [INFO] IPUIPlugin:80 - create IPUIPlugin
2026-05-19 19:28:41,222 [INFO] PluginManager:220 - loadIPPluginJar : add fmc
2026-05-19 19:28:41,241 [INFO] IPUIPlugin:80 - create IPUIPlugin
2026-05-19 19:28:41,242 [INFO] PluginManager:220 - loadIPPluginJar : add freertos
2026-05-19 19:28:41,249 [INFO] IPUIPlugin:80 - create IPUIPlugin
2026-05-19 19:28:41,250 [INFO] PluginManager:220 - loadIPPluginJar : add genericplugin
2026-05-19 19:28:41,266 [INFO] IPUIPlugin:80 - create IPUIPlugin
2026-05-19 19:28:41,267 [INFO] PluginManager:220 - loadIPPluginJar : add gfxmmu
2026-05-19 19:28:41,292 [INFO] IPUIPlugin:80 - create IPUIPlugin
2026-05-19 19:28:41,293 [INFO] PluginManager:220 - loadIPPluginJar : add gic
2026-05-19 19:28:41,307 [INFO] IPUIPlugin:80 - create IPUIPlugin
2026-05-19 19:28:41,308 [INFO] PluginManager:220 - loadIPPluginJar : add gpio
2026-05-19 19:28:41,320 [INFO] IPUIPlugin:80 - create IPUIPlugin
2026-05-19 19:28:41,320 [INFO] PluginManager:220 - loadIPPluginJar : add gtzc
2026-05-19 19:28:41,329 [INFO] IPUIPlugin:80 - create IPUIPlugin
2026-05-19 19:28:41,330 [INFO] PluginManager:220 - loadIPPluginJar : add hash
2026-05-19 19:28:41,340 [INFO] IPUIPlugin:80 - create IPUIPlugin
2026-05-19 19:28:41,340 [INFO] PluginManager:220 - loadIPPluginJar : add i2c
2026-05-19 19:28:41,349 [INFO] IPUIPlugin:80 - create IPUIPlugin
2026-05-19 19:28:41,350 [INFO] PluginManager:220 - loadIPPluginJar : add i2s
2026-05-19 19:28:41,362 [INFO] IPUIPlugin:80 - create IPUIPlugin
2026-05-19 19:28:41,362 [INFO] PluginManager:220 - loadIPPluginJar : add i3c
2026-05-19 19:28:41,376 [INFO] IPUIPlugin:80 - create IPUIPlugin
2026-05-19 19:28:41,377 [INFO] PluginManager:220 - loadIPPluginJar : add ipddr
2026-05-19 19:28:41,402 [INFO] IPUIPlugin:80 - create IPUIPlugin
2026-05-19 19:28:41,404 [INFO] PluginManager:220 - loadIPPluginJar : add linkedlist
2026-05-19 19:28:41,414 [INFO] IPUIPlugin:80 - create IPUIPlugin
2026-05-19 19:28:41,414 [INFO] PluginManager:220 - loadIPPluginJar : add lorawan
2026-05-19 19:28:41,418 [INFO] IPUIPlugin:80 - create IPUIPlugin
2026-05-19 19:28:41,418 [INFO] PluginManager:220 - loadIPPluginJar : add ltdc
2026-05-19 19:28:41,432 [INFO] IPUIPlugin:80 - create IPUIPlugin
2026-05-19 19:28:41,432 [INFO] PluginManager:220 - loadIPPluginJar : add mdma
2026-05-19 19:28:41,441 [INFO] IPUIPlugin:80 - create IPUIPlugin
2026-05-19 19:28:41,442 [INFO] PluginManager:220 - loadIPPluginJar : add nvic
2026-05-19 19:28:41,448 [INFO] IPUIPlugin:80 - create IPUIPlugin
2026-05-19 19:28:41,449 [INFO] PluginManager:220 - loadIPPluginJar : add opamp
2026-05-19 19:28:41,455 [INFO] IPUIPlugin:80 - create IPUIPlugin
2026-05-19 19:28:41,455 [INFO] PluginManager:220 - loadIPPluginJar : add openamp
2026-05-19 19:28:41,462 [INFO] IPUIPlugin:80 - create IPUIPlugin
2026-05-19 19:28:41,462 [INFO] PluginManager:220 - loadIPPluginJar : add pdm2pcm
2026-05-19 19:28:41,475 [INFO] IPUIPlugin:80 - create IPUIPlugin
2026-05-19 19:28:41,482 [INFO] PluginManager:220 - loadIPPluginJar : add plateformsettings
2026-05-19 19:28:41,486 [INFO] IPUIPlugin:80 - create IPUIPlugin
2026-05-19 19:28:41,486 [INFO] PluginManager:220 - loadIPPluginJar : add quadspi
2026-05-19 19:28:41,490 [INFO] IPUIPlugin:80 - create IPUIPlugin
2026-05-19 19:28:41,492 [INFO] PluginManager:220 - loadIPPluginJar : add radio
2026-05-19 19:28:41,500 [INFO] IPUIPlugin:80 - create IPUIPlugin
2026-05-19 19:28:41,500 [INFO] PluginManager:220 - loadIPPluginJar : add resmgrutility
2026-05-19 19:28:41,506 [INFO] IPUIPlugin:80 - create IPUIPlugin
2026-05-19 19:28:41,506 [INFO] PluginManager:220 - loadIPPluginJar : add sai
2026-05-19 19:28:41,513 [INFO] IPUIPlugin:80 - create IPUIPlugin
2026-05-19 19:28:41,513 [INFO] PluginManager:220 - loadIPPluginJar : add spi
2026-05-19 19:28:41,525 [INFO] IPUIPlugin:80 - create IPUIPlugin
2026-05-19 19:28:41,525 [INFO] PluginManager:220 - loadIPPluginJar : add stm32_wpan
2026-05-19 19:28:41,530 [INFO] IPUIPlugin:80 - create IPUIPlugin
2026-05-19 19:28:41,531 [INFO] PluginManager:220 - loadIPPluginJar : add tim
2026-05-19 19:28:41,541 [INFO] IPUIPlugin:80 - create IPUIPlugin
2026-05-19 19:28:41,541 [INFO] PluginManager:220 - loadIPPluginJar : add touchsensing
2026-05-19 19:28:41,551 [INFO] IPUIPlugin:80 - create IPUIPlugin
2026-05-19 19:28:41,552 [INFO] PluginManager:220 - loadIPPluginJar : add tracer_emb
2026-05-19 19:28:41,557 [INFO] IPUIPlugin:80 - create IPUIPlugin
2026-05-19 19:28:41,558 [INFO] PluginManager:220 - loadIPPluginJar : add ts
2026-05-19 19:28:41,562 [INFO] IPUIPlugin:80 - create IPUIPlugin
2026-05-19 19:28:41,563 [INFO] PluginManager:220 - loadIPPluginJar : add tsc
2026-05-19 19:28:41,568 [INFO] IPUIPlugin:80 - create IPUIPlugin
2026-05-19 19:28:41,569 [INFO] PluginManager:220 - loadIPPluginJar : add ucpd
2026-05-19 19:28:41,575 [INFO] IPUIPlugin:80 - create IPUIPlugin
2026-05-19 19:28:41,576 [INFO] PluginManager:220 - loadIPPluginJar : add usart
2026-05-19 19:28:41,587 [INFO] IPUIPlugin:80 - create IPUIPlugin
2026-05-19 19:28:41,587 [INFO] PluginManager:220 - loadIPPluginJar : add usbx
2026-05-19 19:28:41,947 [FATAL] Updater:351 - Updater called before beeing initialized
2026-05-19 19:28:42,083 [INFO] RulesReader:64 - Compatibility file has been processed (301 Rules)
2026-05-19 19:28:42,157 [INFO] RulesReader:64 - Compatibility file has been processed (301 Rules)
2026-05-19 19:28:42,188 [INFO] CADModel:165 - CPN selected for project level
2026-05-19 19:28:42,188 [INFO] CADModel:114 - Register for checkConnection events
2026-05-19 19:28:42,189 [FATAL] Updater:351 - Updater called before beeing initialized
2026-05-19 19:28:42,189 [ERROR] CADModel:125 - Updater not yet initialized, retry later 
2026-05-19 19:28:42,235 [INFO] ThirdPartyUpdaterWithRetryManager:70 - Updater plugin not ready yet. [2/15]
2026-05-19 19:28:42,684 [FATAL] Updater:351 - Updater called before beeing initialized
2026-05-19 19:28:42,691 [INFO] CADModel:165 - CPN selected for project level
2026-05-19 19:28:42,691 [INFO] CADModel:114 - Register for checkConnection events
2026-05-19 19:28:42,691 [FATAL] Updater:351 - Updater called before beeing initialized
2026-05-19 19:28:42,692 [ERROR] CADModel:125 - Updater not yet initialized, retry later 
2026-05-19 19:28:42,706 [FATAL] Updater:351 - Updater called before beeing initialized
2026-05-19 19:28:43,123 [FATAL] Updater:351 - Updater called before beeing initialized
2026-05-19 19:28:43,138 [INFO] DbMcusAds:53 - JSON generation date=Mon Apr 27 13:44:29 IST 2026 (1777277669683)
2026-05-19 19:28:43,139 [FATAL] Updater:351 - Updater called before beeing initialized
2026-05-19 19:28:43,235 [WARN] DetailPanel:346 - Failed to get advertising image, set to default
2026-05-19 19:28:43,822 [FATAL] Updater:351 - Updater called before beeing initialized
2026-05-19 19:28:43,828 [FATAL] Updater:351 - Updater called before beeing initialized
2026-05-19 19:28:43,829 [FATAL] Updater:351 - Updater called before beeing initialized
2026-05-19 19:28:43,830 [WARN] DetailPanel:346 - Failed to get advertising image, set to default
2026-05-19 19:28:43,832 [FATAL] Updater:351 - Updater called before beeing initialized
2026-05-19 19:28:43,986 [ERROR] Updater:1198 - MainUpdater not yet initialized. External WinMGr cannot be set.
2026-05-19 19:28:43,993 [INFO] Updater:1134 - Updater Version found : 6.14.0
2026-05-19 19:28:44,055 [INFO] ApplicationProperties:184 - Using Application install path: C:\ST\STM32CubeIDE_1.18.0\STM32CubeIDE\plugins\com.st.stm32cube.common.mx_6.14.0.202502271554
2026-05-19 19:28:44,863 [INFO] MainUpdater:2872 - connection check result : 10
2026-05-19 19:28:44,865 [INFO] MainUpdater:289 - Updater Check For Update Now.
2026-05-19 19:28:44,866 [INFO] MicroXplorer:498 - Change Database Version : DB.6.0.140
2026-05-19 19:28:44,886 [INFO] McuFinderGlobals:63 - Set McuFinder mode to 2 (CubeIDE integrated)
2026-05-19 19:28:44,888 [INFO] UserAuth:171 - activating auth plugin
2026-05-19 19:28:44,896 [INFO] UserAuth:486 - Internet connection configuration mode: 1
2026-05-19 19:28:44,970 [INFO] JxBrowserEngine:152 - Initiate JxBrowser Engine with user profile folder
2026-05-19 19:28:45,240 [INFO] CheckServerUpdateThread:120 - End of CheckServer Thread
2026-05-19 19:28:47,083 [WARN] PackLoader:240 - Cannot read IP mode file for STMicroelectronics.X-CUBE-AZRTOS-H7.3.5.0
2026-05-19 19:28:47,121 [WARN] PackLoader:240 - Cannot read IP mode file for STMicroelectronics.FP-ATR-ASTRA1.2.0.2
2026-05-19 19:28:47,155 [WARN] PackLoader:240 - Cannot read IP mode file for STMicroelectronics.X-CUBE-SMBUS.2.1.0
2026-05-19 19:28:47,264 [WARN] PackLoader:240 - Cannot read IP mode file for STMicroelectronics.X-CUBE-AZRTOS-F7.1.1.0
2026-05-19 19:28:47,464 [ERROR] Engine:466 - C:\Users\hp\.stm32cubemx\thirdparties\pdsc\STMicroelectronics.FP-SNS-MOTENV1.5.1.0.pdsc: PDSC version is not supported
2026-05-19 19:28:47,537 [ERROR] Engine:466 - C:\Users\hp\.stm32cubemx\thirdparties\pdsc\WES.I-CUBE-Cesium.1.4.0.pdsc: PDSC version is not supported
2026-05-19 19:28:47,639 [WARN] PackLoader:240 - Cannot read IP mode file for STMicroelectronics.X-CUBE-DISPLAY.3.0.0
2026-05-19 19:28:47,707 [WARN] PackLoader:240 - Cannot read IP mode file for STMicroelectronics.X-CUBE-GNSS1.7.1.1
2026-05-19 19:28:47,714 [ERROR] Engine:466 - C:\Users\hp\.stm32cubemx\thirdparties\pdsc\STMicroelectronics.FP-SNS-MOTENVWB1.1.5.0.pdsc: PDSC version is not supported
2026-05-19 19:28:47,752 [WARN] PackLoader:240 - Cannot read IP mode file for STMicroelectronics.X-CUBE-NFC10.1.0.0
2026-05-19 19:28:47,781 [WARN] PackLoader:240 - Cannot read IP mode file for STMicroelectronics.X-CUBE-ST60.1.1.0
2026-05-19 19:28:47,802 [WARN] PackLoader:240 - Cannot read IP mode file for emotas.I-CUBE-CANOPEN.1.3.0
2026-05-19 19:28:47,813 [WARN] PackLoader:240 - Cannot read IP mode file for STMicroelectronics.X-CUBE-GNSS1.7.1.0
2026-05-19 19:28:47,829 [ERROR] Engine:466 - C:\Users\hp\.stm32cubemx\thirdparties\pdsc\STMicroelectronics.FP-SNS-STBOX1.2.1.0.pdsc: PDSC version is not supported
2026-05-19 19:28:47,840 [WARN] PackLoader:240 - Cannot read IP mode file for STMicroelectronics.FP-SNS-SMARTAG2.1.2.0
2026-05-19 19:28:47,852 [WARN] PackLoader:240 - Cannot read IP mode file for STMicroelectronics.FP-SNS-FLIGHT1.5.1.0
2026-05-19 19:28:47,869 [INFO] LogOutputStream:77 - [STDOUT_REDIRECT] 1 : Invalid condition id : UX_CORESTACK_Condition cause : null
2026-05-19 19:28:47,870 [INFO] LogOutputStream:77 - [STDOUT_REDIRECT] 1 : Invalid condition id : UX_CORESTACK_Condition cause : null
2026-05-19 19:28:47,873 [INFO] LogOutputStream:77 - [STDOUT_REDIRECT] 1 : Invalid condition id : UX_CORESTACK_Condition cause : null
2026-05-19 19:28:47,876 [INFO] LogOutputStream:77 - [STDOUT_REDIRECT] 1 : Invalid condition id : UX_CORESTACK_Condition cause : null
2026-05-19 19:28:47,879 [INFO] LogOutputStream:77 - [STDOUT_REDIRECT] 1 : Invalid condition id : UX_CORESTACK_Condition cause : null
2026-05-19 19:28:47,887 [WARN] PackLoader:240 - Cannot read IP mode file for STMicroelectronics.X-CUBE-AZRTOS-WL.2.0.0
2026-05-19 19:28:47,929 [WARN] PackLoader:240 - Cannot read IP mode file for STMicroelectronics.X-CUBE-AZRTOS-H7RS.1.2.0
2026-05-19 19:28:47,945 [WARN] PackLoader:240 - Cannot read IP mode file for STMicroelectronics.X-CUBE-BLE2.3.3.0
2026-05-19 19:28:48,018 [WARN] PackLoader:240 - Cannot read IP mode file for Infineon.AIROC-Wi-Fi-Bluetooth-STM32.1.8.0
2026-05-19 19:28:48,035 [WARN] PackLoader:240 - Cannot read IP mode file for STMicroelectronics.X-CUBE-NFC9.1.0.0
2026-05-19 19:28:48,048 [WARN] PackLoader:240 - Cannot read IP mode file for STMicroelectronics.X-CUBE-BLE1.7.1.0
2026-05-19 19:28:48,062 [WARN] PackLoader:240 - Cannot read IP mode file for wolfSSL.I-CUBE-wolfMQTT.1.19.2
2026-05-19 19:28:48,079 [WARN] PackLoader:240 - Cannot read IP mode file for STMicroelectronics.X-CUBE-EEPRMA1.5.2.0
2026-05-19 19:28:48,092 [WARN] PackLoader:240 - Cannot read IP mode file for wolfSSL.I-CUBE-wolfSSL.5.8.4
2026-05-19 19:28:48,097 [ERROR] Engine:466 - C:\Users\hp\.stm32cubemx\thirdparties\pdsc\STMicroelectronics.FP-SNS-STAIOTCFT.1.1.0.pdsc: PDSC version is not supported
2026-05-19 19:28:48,173 [WARN] PackLoader:240 - Cannot read IP mode file for STMicroelectronics.X-CUBE-MEMS1.12.0.0
2026-05-19 19:28:48,290 [INFO] WebApp:169 - Instantiating new browser for Auth
2026-05-19 19:28:48,857 [WARN] PackLoader:240 - Cannot read IP mode file for STMicroelectronics.X-CUBE-AZRTOS-G0.1.1.0
2026-05-19 19:28:48,913 [WARN] PackLoader:240 - Cannot read IP mode file for STMicroelectronics.X-CUBE-NFC4.3.0.0
2026-05-19 19:28:48,959 [WARN] PackLoader:240 - Cannot read IP mode file for EmbeddedOffice.I-CUBE-FS-RTOS.1.0.1
2026-05-19 19:28:48,977 [WARN] PackLoader:240 - Cannot read IP mode file for wolfSSL.I-CUBE-wolfTPM.3.8.0
2026-05-19 19:28:49,006 [WARN] PackLoader:240 - Cannot read IP mode file for STMicroelectronics.X-CUBE-TCPP.4.2.0
2026-05-19 19:28:49,035 [WARN] PackLoader:240 - Cannot read IP mode file for RealThread.X-CUBE-RT-Thread_Nano.4.1.1
2026-05-19 19:28:49,059 [WARN] PackLoader:240 - Cannot read IP mode file for STMicroelectronics.FP-ATR-SIGFOX1.3.2.0
2026-05-19 19:28:49,075 [ERROR] Engine:466 - C:\Users\hp\.stm32cubemx\thirdparties\pdsc\STMicroelectronics.X-CUBE-FREERTOS.1.5.0.pdsc: PDSC version is not supported
2026-05-19 19:28:49,101 [WARN] PackLoader:240 - Cannot read IP mode file for ITTIA_DB.I-CUBE-ITTIADB.8.9.0
2026-05-19 19:28:49,119 [WARN] PackLoader:240 - Cannot read IP mode file for Cesanta.I-CUBE-Mongoose.7.21.0
2026-05-19 19:28:49,136 [WARN] PackLoader:240 - Cannot read IP mode file for STMicroelectronics.X-CUBE-NFC6.3.2.0
2026-05-19 19:28:49,153 [WARN] PackLoader:240 - Cannot read IP mode file for STMicroelectronics.X-CUBE-AI.10.2.0
2026-05-19 19:28:49,257 [WARN] PackLoader:240 - Cannot read IP mode file for STMicroelectronics.X-CUBE-MEMS1.12.1.0
2026-05-19 19:28:49,478 [WARN] PackLoader:240 - Cannot read IP mode file for SEGGER.I-CUBE-embOS.1.3.1
2026-05-19 19:28:49,582 [WARN] PackLoader:240 - Cannot read IP mode file for STMicroelectronics.X-CUBE-ALGOBUILD.1.4.0
2026-05-19 19:28:49,596 [WARN] PackLoader:240 - Cannot read IP mode file for STMicroelectronics.X-CUBE-PM33A1.1.0.0
2026-05-19 19:28:49,632 [WARN] PackLoader:240 - Cannot read IP mode file for STMicroelectronics.X-CUBE-AZRTOS-F4.1.1.0
2026-05-19 19:28:49,650 [WARN] PackLoader:240 - Cannot read IP mode file for STMicroelectronics.X-CUBE-ISPU.2.1.0
2026-05-19 19:28:49,667 [ERROR] Engine:466 - C:\Users\hp\.stm32cubemx\thirdparties\pdsc\STMicroelectronics.X-CUBE-IPS.3.2.0.pdsc: PDSC version is not supported
2026-05-19 19:28:49,678 [WARN] PackLoader:240 - Cannot read IP mode file for STMicroelectronics.eDS-WB_DPC_TT-BIDIR.2.1.1
2026-05-19 19:28:49,695 [WARN] PackLoader:240 - Cannot read IP mode file for STMicroelectronics.X-CUBE-NFC12.1.0.0
2026-05-19 19:28:49,741 [WARN] PackLoader:240 - Cannot read IP mode file for STMicroelectronics.X-CUBE-AZRTOS-L5.2.0.0
2026-05-19 19:28:49,765 [WARN] PackLoader:240 - Cannot read IP mode file for STMicroelectronics.eDS-WB_DPC_VIENNA.1.2.0
2026-05-19 19:28:49,778 [WARN] PackLoader:240 - Cannot read IP mode file for STMicroelectronics.eDS-WB_DPC_3PH2L-BIDIR.1.1.1
2026-05-19 19:28:49,790 [ERROR] Engine:466 - C:\Users\hp\.stm32cubemx\thirdparties\pdsc\STMicroelectronics.X-CUBE-ST67W61.1.3.0.pdsc: PDSC version is not supported
2026-05-19 19:28:49,805 [WARN] PackLoader:240 - Cannot read IP mode file for STMicroelectronics.X-CUBE-TOUCHGFX.4.26.1
2026-05-19 19:28:49,817 [WARN] PackLoader:240 - Cannot read IP mode file for STMicroelectronics.FP-SNS-STAIOTCFT.1.0.0
2026-05-19 19:28:49,832 [WARN] PackLoader:240 - Cannot read IP mode file for STMicroelectronics.X-CUBE-DPower.1.3.0
2026-05-19 19:28:49,869 [WARN] ConditionMgr:438 - getConditionDescription Invalid condition id : LAN8742 Phy interface Condition cause : null
2026-05-19 19:28:49,871 [WARN] PackLoader:240 - Cannot read IP mode file for STMicroelectronics.X-CUBE-AZRTOS-L4.2.0.0
2026-05-19 19:28:49,875 [WARN] ConditionMgr:1044 - genDependencies : Invalid condition id : LAN8742 Phy interface Condition cause : null
2026-05-19 19:28:49,877 [WARN] ConditionMgr:1044 - genDependencies : Invalid condition id : LAN8742 Phy interface Condition cause : null
2026-05-19 19:28:49,880 [WARN] ConditionMgr:1044 - genDependencies : Invalid condition id : LAN8742 Phy interface Condition cause : null
2026-05-19 19:28:49,929 [WARN] PackLoader:240 - Cannot read IP mode file for STMicroelectronics.X-CUBE-SFXS2LP1.4.0.0
2026-05-19 19:28:49,951 [WARN] PackLoader:240 - Cannot read IP mode file for STMicroelectronics.X-CUBE-WB05N.2.1.0
2026-05-19 19:28:49,965 [ERROR] Engine:466 - C:\Users\hp\.stm32cubemx\thirdparties\pdsc\STMicroelectronics.X-CUBE-ST67W61.1.2.0.pdsc: PDSC version is not supported
2026-05-19 19:28:50,003 [WARN] PackLoader:240 - Cannot read IP mode file for STMicroelectronics.X-CUBE-BLEMGR.4.1.0
2026-05-19 19:28:50,042 [WARN] ConditionMgr:438 - getConditionDescription Invalid condition id : UX DEVICE CLASS RTOS Condition cause : null
2026-05-19 19:28:50,043 [WARN] ConditionMgr:438 - getConditionDescription Invalid condition id : UX DEVICE CLASS RTOS Condition cause : null
2026-05-19 19:28:50,050 [WARN] PackLoader:240 - Cannot read IP mode file for STMicroelectronics.X-CUBE-AZRTOS-WB.2.0.0
2026-05-19 19:28:50,052 [WARN] ConditionMgr:1044 - genDependencies : Invalid condition id : UX DEVICE CLASS RTOS Condition cause : null
2026-05-19 19:28:50,054 [WARN] ConditionMgr:1044 - genDependencies : Invalid condition id : UX DEVICE CLASS RTOS Condition cause : null
2026-05-19 19:28:50,057 [WARN] ConditionMgr:1044 - genDependencies : Invalid condition id : UX DEVICE CLASS RTOS Condition cause : null
2026-05-19 19:28:50,058 [WARN] ConditionMgr:1044 - genDependencies : Invalid condition id : UX DEVICE CLASS RTOS Condition cause : null
2026-05-19 19:28:50,059 [WARN] ConditionMgr:1044 - genDependencies : Invalid condition id : UX DEVICE CLASS RTOS Condition cause : null
2026-05-19 19:28:50,084 [WARN] ConditionMgr:438 - getConditionDescription Invalid condition id : Cortex-A Device cause : null
2026-05-19 19:28:50,122 [WARN] ConditionMgr:1044 - genDependencies : Invalid condition id : Cortex-A Device cause : null
2026-05-19 19:28:50,123 [WARN] ConditionMgr:1044 - genDependencies : Invalid condition id : Cortex-A Device cause : null
2026-05-19 19:28:50,124 [WARN] ConditionMgr:1044 - genDependencies : Invalid condition id : Cortex-A Device cause : null
2026-05-19 19:28:50,149 [WARN] PackLoader:240 - Cannot read IP mode file for STMicroelectronics.X-CUBE-STSE01.2.0.0
2026-05-19 19:28:50,179 [WARN] PackLoader:240 - Cannot read IP mode file for STMicroelectronics.X-CUBE-SUBG2.5.0.0
2026-05-19 19:28:50,225 [WARN] PackLoader:240 - Cannot read IP mode file for STMicroelectronics.X-CUBE-AZRTOS-G4.2.0.0
2026-05-19 19:28:50,242 [WARN] PackLoader:240 - Cannot read IP mode file for wolfSSL.I-CUBE-wolfSSH.1.4.20
2026-05-19 19:28:50,254 [WARN] PackLoader:240 - Cannot read IP mode file for STMicroelectronics.X-CUBE-NFC7.2.0.0
2026-05-19 19:28:50,268 [WARN] PackLoader:240 - Cannot read IP mode file for STMicroelectronics.X-CUBE-ALS.1.0.2
2026-05-19 19:28:50,290 [WARN] PackLoader:240 - Cannot read IP mode file for STMicroelectronics.X-CUBE-TOF1.3.4.3
2026-05-19 19:28:50,311 [INFO] ThirdParty:978 - Integrity check success = true
2026-05-19 19:28:50,311 [INFO] IntegrityCheckThread:100 - exiting critical section [integrity check]
2026-05-19 19:28:50,311 [INFO] IntegrityCheckThread:103 - End integrity checks thread
2026-05-19 19:28:50,958 [INFO] WebApp:463 - Apply proxy settings
2026-05-19 19:28:50,959 [INFO] WebApp:548 - Chromium requires no authentication
2026-05-19 19:28:50,978 [INFO] WebApp:491 - Direct internet connection detected
2026-05-19 19:28:51,044 [INFO] WebApp:894 - Register for checkConnection events
2026-05-19 19:28:51,044 [INFO] WebApp:463 - Apply proxy settings
2026-05-19 19:28:51,045 [INFO] WebApp:548 - Chromium requires no authentication
2026-05-19 19:28:51,047 [INFO] WebApp:491 - Direct internet connection detected
2026-05-19 19:28:51,437 [INFO] WebApp:225 - Starting web application
2026-05-19 19:28:51,438 [INFO] WebApp:593 - Web application path used C:\ST\STM32CubeIDE_1.18.0\STM32CubeIDE\plugins\com.st.stm32cube.common.mx_6.14.0.202502271554\db\plugins\mcufinder\reactClient1\index.html
2026-05-19 19:28:51,828 [INFO] WebApp:191 - Connection restablished
2026-05-19 20:52:41,959 [INFO] WebApp:194 - Connection lost
2026-05-19 20:52:51,215 [INFO] WebApp:191 - Connection restablished
2026-05-19 21:47:46,203 [INFO] WebApp:194 - Connection lost
2026-05-19 21:47:47,193 [INFO] WebApp:191 - Connection restablished
2026-05-19 23:02:51,801 [INFO] WebApp:194 - Connection lost
2026-05-19 23:02:52,292 [INFO] WebApp:191 - Connection restablished
2026-05-19 23:22:15,960 [ERROR] LogOutputStream:75 - [STDERR_REDIRECT] 
