2026-05-17 14:45:26,981 [INFO] Activator:176 - 


2026-05-17 14:45:26,993 [INFO] Activator:177 - !SESSION log4j initialized
2026-05-17 14:45:33,451 [INFO] LogOutputStream:77 - [STDOUT_REDIRECT] 
2026-05-17 14:45:36,828 [INFO] ApplicationProperties:184 - Using Application install path: C:\ST\STM32CubeIDE_1.18.0\STM32CubeIDE\plugins\com.st.stm32cube.common.mx_6.14.0.202502271554
2026-05-17 14:45:36,863 [INFO] DbMcusXml:78 - Set database path to: C:\ST\STM32CubeIDE_1.18.0\STM32CubeIDE\plugins\com.st.stm32cube.common.mx_6.14.0.202502271554\\db\/mcu/
2026-05-17 14:45:36,864 [INFO] ApiDb:274 - Set plugin database path to: C:\ST\STM32CubeIDE_1.18.0\STM32CubeIDE\plugins\com.st.stm32cube.common.mx_6.14.0.202502271554\\db\/plugins/boardmanager/
2026-05-17 14:45:36,865 [WARN] ApiDb:259 - Overriding images path with different value:  => C:\ST\STM32CubeIDE_1.18.0\STM32CubeIDE\plugins\com.st.stm32cube.common.mx_6.14.0.202502271554\\db\/plugins/mcufinder/images/
2026-05-17 14:45:36,884 [INFO] ApiDb:250 - Set database path to: C:\Users\hp\.stmcufinder\plugins\mcufinder//mcu/
2026-05-17 14:45:36,886 [INFO] DbMcusAds:125 - Set database path to: C:\Users\hp\.stmcufinder\plugins\mcufinder//mcu/
2026-05-17 14:45:36,891 [INFO] CrossReferenceDbSqlite:203 - Set database path to: C:\Users\hp\.stmcufinder\plugins\mcufinder//mcu/cs/
2026-05-17 14:45:37,091 [INFO] RulesReader:64 - Compatibility file has been processed (301 Rules)
2026-05-17 14:45:37,237 [INFO] DbMcusXml:78 - Set database path to: C:\ST\STM32CubeIDE_1.18.0\STM32CubeIDE\plugins\com.st.stm32cube.common.mx_6.14.0.202502271554\\db\/mcu/
2026-05-17 14:45:37,237 [INFO] ApiDb:274 - Set plugin database path to: C:\ST\STM32CubeIDE_1.18.0\STM32CubeIDE\plugins\com.st.stm32cube.common.mx_6.14.0.202502271554\\db\/plugins/boardmanager/
2026-05-17 14:45:37,238 [INFO] ApiDb:261 - Set plugin images path to: C:\ST\STM32CubeIDE_1.18.0\STM32CubeIDE\plugins\com.st.stm32cube.common.mx_6.14.0.202502271554\\db\/plugins/mcufinder/images/
2026-05-17 14:45:37,238 [WARN] DbFile:41 - Overriding database path with different value: C:\Users\hp\.stmcufinder\plugins\mcufinder/ => C:\Users\hp\.stmcufinder\plugins\mcufinder
2026-05-17 14:45:37,239 [INFO] ApiDb:250 - Set database path to: C:\Users\hp\.stmcufinder\plugins\mcufinder//mcu/
2026-05-17 14:45:37,239 [WARN] DbFile:41 - Overriding database path with different value: C:\Users\hp\.stmcufinder\plugins\mcufinder/ => C:\Users\hp\.stmcufinder\plugins\mcufinder
2026-05-17 14:45:37,239 [INFO] DbMcusAds:125 - Set database path to: C:\Users\hp\.stmcufinder\plugins\mcufinder//mcu/
2026-05-17 14:45:37,239 [WARN] DbFile:41 - Overriding database path with different value: C:\Users\hp\.stmcufinder\plugins\mcufinder/ => C:\Users\hp\.stmcufinder\plugins\mcufinder
2026-05-17 14:45:37,240 [WARN] DbFile:41 - Overriding database path with different value: C:\Users\hp\.stmcufinder\plugins\mcufinder/ => C:\Users\hp\.stmcufinder\plugins\mcufinder
2026-05-17 14:45:37,240 [INFO] CrossReferenceDbSqlite:203 - Set database path to: C:\Users\hp\.stmcufinder\plugins\mcufinder//mcu/cs/
2026-05-17 14:45:37,375 [INFO] MainPanel:272 - HeapMemory: 268435456
2026-05-17 14:45:37,547 [INFO] DbMcusXml:78 - Set database path to: C:\ST\STM32CubeIDE_1.18.0\STM32CubeIDE\plugins\com.st.stm32cube.common.mx_6.14.0.202502271554\\db\/mcu/
2026-05-17 14:45:37,548 [INFO] ApiDb:274 - Set plugin database path to: C:\ST\STM32CubeIDE_1.18.0\STM32CubeIDE\plugins\com.st.stm32cube.common.mx_6.14.0.202502271554\\db\/plugins/boardmanager/
2026-05-17 14:45:37,548 [INFO] ApiDb:261 - Set plugin images path to: C:\ST\STM32CubeIDE_1.18.0\STM32CubeIDE\plugins\com.st.stm32cube.common.mx_6.14.0.202502271554\\db\/plugins/mcufinder/images/
2026-05-17 14:45:37,548 [WARN] DbFile:41 - Overriding database path with different value: C:\Users\hp\.stmcufinder\plugins\mcufinder/ => C:\Users\hp\.stmcufinder\plugins\mcufinder
2026-05-17 14:45:37,549 [INFO] ApiDb:250 - Set database path to: C:\Users\hp\.stmcufinder\plugins\mcufinder//mcu/
2026-05-17 14:45:37,549 [WARN] DbFile:41 - Overriding database path with different value: C:\Users\hp\.stmcufinder\plugins\mcufinder/ => C:\Users\hp\.stmcufinder\plugins\mcufinder
2026-05-17 14:45:37,549 [INFO] DbMcusAds:125 - Set database path to: C:\Users\hp\.stmcufinder\plugins\mcufinder//mcu/
2026-05-17 14:45:37,549 [WARN] DbFile:41 - Overriding database path with different value: C:\Users\hp\.stmcufinder\plugins\mcufinder/ => C:\Users\hp\.stmcufinder\plugins\mcufinder
2026-05-17 14:45:37,549 [WARN] DbFile:41 - Overriding database path with different value: C:\Users\hp\.stmcufinder\plugins\mcufinder/ => C:\Users\hp\.stmcufinder\plugins\mcufinder
2026-05-17 14:45:37,549 [INFO] CrossReferenceDbSqlite:203 - Set database path to: C:\Users\hp\.stmcufinder\plugins\mcufinder//mcu/cs/
2026-05-17 14:45:37,577 [INFO] ApplicationProperties:184 - Using Application install path: C:\ST\STM32CubeIDE_1.18.0\STM32CubeIDE\plugins\com.st.stm32cube.common.mx_6.14.0.202502271554
2026-05-17 14:45:37,579 [INFO] PluginManage:196 - Search for loadable plugins [exclusion list=, ]
2026-05-17 14:45:37,582 [INFO] PluginManage:310 - Check plugin analytics
2026-05-17 14:45:37,941 [INFO] AnalyticsPlugin:253 - Accepted Software Licenses: 
2026-05-17 14:45:37,942 [INFO] AnalyticsPlugin:255 - Accepted CMSIS Pack Licenses: 
2026-05-17 14:45:37,942 [INFO] AnalyticsPlugin:257 - Accepted Firmware Licenses: FW.F4.1.28.0,FW.L4.1.18.0
2026-05-17 14:45:37,949 [INFO] PluginManage:359 - Loaded plugin analytics (category:tool,tabindex:-1)
2026-05-17 14:45:37,949 [INFO] PluginManage:310 - Check plugin cadmodel
2026-05-17 14:45:37,958 [INFO] CADModel:105 - Init CAD model plugin
2026-05-17 14:45:37,959 [INFO] PluginManage:359 - Loaded plugin cadmodel (category:power,tabindex:5)
2026-05-17 14:45:37,960 [INFO] PluginManage:310 - Check plugin clock
2026-05-17 14:45:37,982 [INFO] PluginManage:359 - Loaded plugin clock (category:base,tabindex:2)
2026-05-17 14:45:37,983 [INFO] PluginManage:310 - Check plugin ddr
2026-05-17 14:45:37,988 [INFO] PluginManage:359 - Loaded plugin ddr (category:tool,tabindex:6)
2026-05-17 14:45:37,988 [INFO] PluginManage:310 - Check plugin filemanager
2026-05-17 14:45:38,354 [INFO] PluginManage:359 - Loaded plugin filemanager (category:base,tabindex:10)
2026-05-17 14:45:38,354 [INFO] PluginManage:310 - Check plugin ipmanager
2026-05-17 14:45:38,367 [INFO] PluginManage:359 - Loaded plugin ipmanager (category:base,tabindex:5)
2026-05-17 14:45:38,368 [INFO] PluginManage:310 - Check plugin lpbam
2026-05-17 14:45:38,381 [INFO] PluginManage:359 - Loaded plugin lpbam (category:base,tabindex:0)
2026-05-17 14:45:38,382 [INFO] PluginManage:310 - Check plugin memorymap
2026-05-17 14:45:38,404 [INFO] PluginManage:359 - Loaded plugin memorymap (category:base,tabindex:4)
2026-05-17 14:45:38,404 [INFO] PluginManage:310 - Check plugin pinoutandconfiguration
2026-05-17 14:45:38,417 [INFO] PluginManage:359 - Loaded plugin pinoutandconfiguration (category:base,tabindex:1)
2026-05-17 14:45:38,417 [INFO] PluginManage:310 - Check plugin pinoutconfig
2026-05-17 14:45:38,543 [WARN] SupportedApi:132 - Cannot load RTOS API schema: s4s-elt-must-match.1: The content of 'definitions' must match (annotation?, (simpleType | complexType)?, (unique | key | keyref)*)). A problem was found starting at: attribute.
2026-05-17 14:45:38,749 [INFO] PluginManage:359 - Loaded plugin pinoutconfig (category:base,tabindex:0)
2026-05-17 14:45:38,749 [INFO] PluginManage:310 - Check plugin power
2026-05-17 14:45:38,766 [INFO] PluginManage:359 - Loaded plugin power (category:power,tabindex:4)
2026-05-17 14:45:38,766 [INFO] PluginManage:310 - Check plugin projectmanager
2026-05-17 14:45:38,792 [INFO] PluginManage:359 - Loaded plugin projectmanager (category:projectmanager,tabindex:4)
2026-05-17 14:45:38,792 [INFO] PluginManage:310 - Check plugin rif
2026-05-17 14:45:38,802 [INFO] PluginManage:359 - Loaded plugin rif (category:base,tabindex:3)
2026-05-17 14:45:38,802 [INFO] PluginManage:310 - Check plugin thirdparty
2026-05-17 14:45:39,074 [INFO] PluginManage:359 - Loaded plugin thirdparty (category:base,tabindex:-1)
2026-05-17 14:45:39,074 [INFO] PluginManage:310 - Check plugin tools
2026-05-17 14:45:39,074 [WARN] IntegrityCheckThread:84 - waiting for thirdparty lock release [integrity check]
2026-05-17 14:45:39,075 [INFO] IntegrityCheckThread:86 - entering critical section [integrity check]
2026-05-17 14:45:39,076 [INFO] ThirdPartyUpdaterWithRetryManager:70 - Updater plugin not ready yet. [1/15]
2026-05-17 14:45:39,080 [INFO] PluginManage:359 - Loaded plugin tools (category:base,tabindex:7)
2026-05-17 14:45:39,081 [INFO] PluginManage:310 - Check plugin tutovideos
2026-05-17 14:45:39,368 [INFO] PluginManage:359 - Loaded plugin tutovideos (category:base,tabindex:-1)
2026-05-17 14:45:39,368 [INFO] PluginManage:310 - Check plugin updater
2026-05-17 14:45:39,406 [INFO] PluginManage:359 - Loaded plugin updater (category:base,tabindex:12)
2026-05-17 14:45:39,407 [INFO] PluginManage:310 - Check plugin userauth
2026-05-17 14:45:39,414 [INFO] UserAuth:118 - Init User Auth plugin
2026-05-17 14:45:39,415 [INFO] PluginManage:359 - Loaded plugin userauth (category:base,tabindex:14)
2026-05-17 14:45:39,416 [INFO] PluginManage:283 - PluginManage : Loaded plugins [18]
2026-05-17 14:45:39,761 [INFO] PinOutPanel:1589 - setPackage(No Configuration,No Configuration)
2026-05-17 14:45:39,913 [INFO] CADModel:165 - CPN selected for project level
2026-05-17 14:45:39,913 [INFO] CADModel:114 - Register for checkConnection events
2026-05-17 14:45:39,944 [INFO] IPUIPlugin:80 - create IPUIPlugin
2026-05-17 14:45:39,945 [INFO] PluginManager:220 - loadIPPluginJar : add adc
2026-05-17 14:45:39,950 [INFO] IPUIPlugin:80 - create IPUIPlugin
2026-05-17 14:45:39,950 [INFO] PluginManager:220 - loadIPPluginJar : add aes
2026-05-17 14:45:39,956 [INFO] IPUIPlugin:80 - create IPUIPlugin
2026-05-17 14:45:39,956 [INFO] PluginManager:220 - loadIPPluginJar : add can
2026-05-17 14:45:39,961 [INFO] IPUIPlugin:80 - create IPUIPlugin
2026-05-17 14:45:39,961 [INFO] PluginManager:220 - loadIPPluginJar : add comp
2026-05-17 14:45:39,966 [INFO] IPUIPlugin:80 - create IPUIPlugin
2026-05-17 14:45:39,966 [INFO] PluginManager:220 - loadIPPluginJar : add cryp
2026-05-17 14:45:39,972 [INFO] IPUIPlugin:80 - create IPUIPlugin
2026-05-17 14:45:39,973 [INFO] PluginManager:220 - loadIPPluginJar : add ddr_ctrl_phy
2026-05-17 14:45:39,979 [INFO] IPUIPlugin:80 - create IPUIPlugin
2026-05-17 14:45:39,979 [INFO] PluginManager:220 - loadIPPluginJar : add dfsdm
2026-05-17 14:45:39,990 [INFO] IPUIPlugin:80 - create IPUIPlugin
2026-05-17 14:45:39,991 [INFO] PluginManager:220 - loadIPPluginJar : add dma
2026-05-17 14:45:39,996 [INFO] IPUIPlugin:80 - create IPUIPlugin
2026-05-17 14:45:39,996 [INFO] PluginManager:220 - loadIPPluginJar : add dma3
2026-05-17 14:45:40,002 [INFO] IPUIPlugin:80 - create IPUIPlugin
2026-05-17 14:45:40,002 [INFO] PluginManager:220 - loadIPPluginJar : add extmemmanager
2026-05-17 14:45:40,005 [INFO] IPUIPlugin:80 - create IPUIPlugin
2026-05-17 14:45:40,005 [INFO] PluginManager:220 - loadIPPluginJar : add fatfs
2026-05-17 14:45:40,013 [INFO] IPUIPlugin:80 - create IPUIPlugin
2026-05-17 14:45:40,013 [INFO] PluginManager:220 - loadIPPluginJar : add fmc
2026-05-17 14:45:40,023 [INFO] IPUIPlugin:80 - create IPUIPlugin
2026-05-17 14:45:40,023 [INFO] PluginManager:220 - loadIPPluginJar : add freertos
2026-05-17 14:45:40,026 [INFO] IPUIPlugin:80 - create IPUIPlugin
2026-05-17 14:45:40,026 [INFO] PluginManager:220 - loadIPPluginJar : add genericplugin
2026-05-17 14:45:40,030 [INFO] IPUIPlugin:80 - create IPUIPlugin
2026-05-17 14:45:40,031 [INFO] PluginManager:220 - loadIPPluginJar : add gfxmmu
2026-05-17 14:45:40,040 [INFO] IPUIPlugin:80 - create IPUIPlugin
2026-05-17 14:45:40,040 [INFO] PluginManager:220 - loadIPPluginJar : add gic
2026-05-17 14:45:40,048 [INFO] IPUIPlugin:80 - create IPUIPlugin
2026-05-17 14:45:40,048 [INFO] PluginManager:220 - loadIPPluginJar : add gpio
2026-05-17 14:45:40,054 [INFO] IPUIPlugin:80 - create IPUIPlugin
2026-05-17 14:45:40,054 [INFO] PluginManager:220 - loadIPPluginJar : add gtzc
2026-05-17 14:45:40,059 [INFO] IPUIPlugin:80 - create IPUIPlugin
2026-05-17 14:45:40,060 [INFO] PluginManager:220 - loadIPPluginJar : add hash
2026-05-17 14:45:40,066 [INFO] IPUIPlugin:80 - create IPUIPlugin
2026-05-17 14:45:40,066 [INFO] PluginManager:220 - loadIPPluginJar : add i2c
2026-05-17 14:45:40,072 [INFO] IPUIPlugin:80 - create IPUIPlugin
2026-05-17 14:45:40,072 [INFO] PluginManager:220 - loadIPPluginJar : add i2s
2026-05-17 14:45:40,078 [INFO] IPUIPlugin:80 - create IPUIPlugin
2026-05-17 14:45:40,079 [INFO] PluginManager:220 - loadIPPluginJar : add i3c
2026-05-17 14:45:40,084 [INFO] IPUIPlugin:80 - create IPUIPlugin
2026-05-17 14:45:40,084 [INFO] PluginManager:220 - loadIPPluginJar : add ipddr
2026-05-17 14:45:40,099 [INFO] IPUIPlugin:80 - create IPUIPlugin
2026-05-17 14:45:40,099 [INFO] PluginManager:220 - loadIPPluginJar : add linkedlist
2026-05-17 14:45:40,106 [INFO] IPUIPlugin:80 - create IPUIPlugin
2026-05-17 14:45:40,106 [INFO] PluginManager:220 - loadIPPluginJar : add lorawan
2026-05-17 14:45:40,110 [INFO] IPUIPlugin:80 - create IPUIPlugin
2026-05-17 14:45:40,110 [INFO] PluginManager:220 - loadIPPluginJar : add ltdc
2026-05-17 14:45:40,121 [INFO] IPUIPlugin:80 - create IPUIPlugin
2026-05-17 14:45:40,122 [INFO] PluginManager:220 - loadIPPluginJar : add mdma
2026-05-17 14:45:40,129 [INFO] IPUIPlugin:80 - create IPUIPlugin
2026-05-17 14:45:40,129 [INFO] PluginManager:220 - loadIPPluginJar : add nvic
2026-05-17 14:45:40,137 [INFO] IPUIPlugin:80 - create IPUIPlugin
2026-05-17 14:45:40,137 [INFO] PluginManager:220 - loadIPPluginJar : add opamp
2026-05-17 14:45:40,144 [INFO] IPUIPlugin:80 - create IPUIPlugin
2026-05-17 14:45:40,144 [INFO] PluginManager:220 - loadIPPluginJar : add openamp
2026-05-17 14:45:40,151 [INFO] IPUIPlugin:80 - create IPUIPlugin
2026-05-17 14:45:40,152 [INFO] PluginManager:220 - loadIPPluginJar : add pdm2pcm
2026-05-17 14:45:40,164 [INFO] IPUIPlugin:80 - create IPUIPlugin
2026-05-17 14:45:40,170 [INFO] PluginManager:220 - loadIPPluginJar : add plateformsettings
2026-05-17 14:45:40,174 [INFO] IPUIPlugin:80 - create IPUIPlugin
2026-05-17 14:45:40,174 [INFO] PluginManager:220 - loadIPPluginJar : add quadspi
2026-05-17 14:45:40,179 [INFO] IPUIPlugin:80 - create IPUIPlugin
2026-05-17 14:45:40,180 [INFO] PluginManager:220 - loadIPPluginJar : add radio
2026-05-17 14:45:40,189 [INFO] IPUIPlugin:80 - create IPUIPlugin
2026-05-17 14:45:40,189 [INFO] PluginManager:220 - loadIPPluginJar : add resmgrutility
2026-05-17 14:45:40,196 [INFO] IPUIPlugin:80 - create IPUIPlugin
2026-05-17 14:45:40,197 [INFO] PluginManager:220 - loadIPPluginJar : add sai
2026-05-17 14:45:40,203 [INFO] IPUIPlugin:80 - create IPUIPlugin
2026-05-17 14:45:40,203 [INFO] PluginManager:220 - loadIPPluginJar : add spi
2026-05-17 14:45:40,214 [INFO] IPUIPlugin:80 - create IPUIPlugin
2026-05-17 14:45:40,214 [INFO] PluginManager:220 - loadIPPluginJar : add stm32_wpan
2026-05-17 14:45:40,219 [INFO] IPUIPlugin:80 - create IPUIPlugin
2026-05-17 14:45:40,219 [INFO] PluginManager:220 - loadIPPluginJar : add tim
2026-05-17 14:45:40,225 [INFO] IPUIPlugin:80 - create IPUIPlugin
2026-05-17 14:45:40,226 [INFO] PluginManager:220 - loadIPPluginJar : add touchsensing
2026-05-17 14:45:40,230 [INFO] IPUIPlugin:80 - create IPUIPlugin
2026-05-17 14:45:40,231 [INFO] PluginManager:220 - loadIPPluginJar : add tracer_emb
2026-05-17 14:45:40,234 [INFO] IPUIPlugin:80 - create IPUIPlugin
2026-05-17 14:45:40,235 [INFO] PluginManager:220 - loadIPPluginJar : add ts
2026-05-17 14:45:40,238 [INFO] IPUIPlugin:80 - create IPUIPlugin
2026-05-17 14:45:40,239 [INFO] PluginManager:220 - loadIPPluginJar : add tsc
2026-05-17 14:45:40,243 [INFO] IPUIPlugin:80 - create IPUIPlugin
2026-05-17 14:45:40,244 [INFO] PluginManager:220 - loadIPPluginJar : add ucpd
2026-05-17 14:45:40,250 [INFO] IPUIPlugin:80 - create IPUIPlugin
2026-05-17 14:45:40,250 [INFO] PluginManager:220 - loadIPPluginJar : add usart
2026-05-17 14:45:40,258 [INFO] IPUIPlugin:80 - create IPUIPlugin
2026-05-17 14:45:40,259 [INFO] PluginManager:220 - loadIPPluginJar : add usbx
2026-05-17 14:45:40,489 [FATAL] Updater:351 - Updater called before beeing initialized
2026-05-17 14:45:40,552 [INFO] RulesReader:64 - Compatibility file has been processed (301 Rules)
2026-05-17 14:45:40,574 [INFO] RulesReader:64 - Compatibility file has been processed (301 Rules)
2026-05-17 14:45:40,590 [INFO] CADModel:165 - CPN selected for project level
2026-05-17 14:45:40,590 [INFO] CADModel:114 - Register for checkConnection events
2026-05-17 14:45:40,590 [FATAL] Updater:351 - Updater called before beeing initialized
2026-05-17 14:45:40,591 [ERROR] CADModel:125 - Updater not yet initialized, retry later 
2026-05-17 14:45:40,901 [FATAL] Updater:351 - Updater called before beeing initialized
2026-05-17 14:45:40,904 [INFO] CADModel:165 - CPN selected for project level
2026-05-17 14:45:40,904 [INFO] CADModel:114 - Register for checkConnection events
2026-05-17 14:45:40,904 [FATAL] Updater:351 - Updater called before beeing initialized
2026-05-17 14:45:40,904 [ERROR] CADModel:125 - Updater not yet initialized, retry later 
2026-05-17 14:45:40,911 [FATAL] Updater:351 - Updater called before beeing initialized
2026-05-17 14:45:41,120 [FATAL] Updater:351 - Updater called before beeing initialized
2026-05-17 14:45:41,127 [INFO] DbMcusAds:53 - JSON generation date=Mon Apr 27 13:44:29 IST 2026 (1777277669683)
2026-05-17 14:45:41,127 [FATAL] Updater:351 - Updater called before beeing initialized
2026-05-17 14:45:41,180 [WARN] DetailPanel:346 - Failed to get advertising image, set to default
2026-05-17 14:45:41,520 [FATAL] Updater:351 - Updater called before beeing initialized
2026-05-17 14:45:41,522 [FATAL] Updater:351 - Updater called before beeing initialized
2026-05-17 14:45:41,523 [FATAL] Updater:351 - Updater called before beeing initialized
2026-05-17 14:45:41,523 [WARN] DetailPanel:346 - Failed to get advertising image, set to default
2026-05-17 14:45:41,524 [FATAL] Updater:351 - Updater called before beeing initialized
2026-05-17 14:45:41,603 [ERROR] Updater:1198 - MainUpdater not yet initialized. External WinMGr cannot be set.
2026-05-17 14:45:41,607 [INFO] Updater:1134 - Updater Version found : 6.14.0
2026-05-17 14:45:41,631 [INFO] ApplicationProperties:184 - Using Application install path: C:\ST\STM32CubeIDE_1.18.0\STM32CubeIDE\plugins\com.st.stm32cube.common.mx_6.14.0.202502271554
2026-05-17 14:45:42,077 [INFO] MainUpdater:2872 - connection check result : 10
2026-05-17 14:45:42,077 [INFO] ThirdPartyUpdaterWithRetryManager:70 - Updater plugin not ready yet. [2/15]
2026-05-17 14:45:42,077 [INFO] MainUpdater:3566 - Updater definition file requires update
2026-05-17 14:45:42,079 [INFO] MainUpdater:289 - Updater Check For Update Now.
2026-05-17 14:45:42,079 [INFO] MicroXplorer:498 - Change Database Version : DB.6.0.140
2026-05-17 14:45:42,087 [INFO] McuFinderGlobals:63 - Set McuFinder mode to 2 (CubeIDE integrated)
2026-05-17 14:45:42,087 [INFO] UserAuth:171 - activating auth plugin
2026-05-17 14:45:42,092 [INFO] UserAuth:486 - Internet connection configuration mode: 1
2026-05-17 14:45:42,097 [INFO] ServerAccessManage:473 - Download File updaters.zip
2026-05-17 14:45:42,130 [INFO] JxBrowserEngine:152 - Initiate JxBrowser Engine with user profile folder
2026-05-17 14:45:42,245 [INFO] FileExtend:242 - Unzip File : updaters.zip
2026-05-17 14:45:42,245 [INFO] FileExtend:257 - Standard Zip Deflate
2026-05-17 14:45:43,386 [INFO] ServerAccessManage:473 - Download File PacksControlFlags.xml
2026-05-17 14:45:43,502 [INFO] ServerAccessManage:473 - Download File cubemx.pidx
2026-05-17 14:45:43,829 [INFO] LoadServerUpdatesThread:375 - End of LoadServerUpdate Thread
2026-05-17 14:45:44,164 [INFO] CheckServerUpdateThread:120 - End of CheckServer Thread
2026-05-17 14:45:44,437 [INFO] WebApp:169 - Instantiating new browser for Auth
2026-05-17 14:45:45,929 [WARN] PackLoader:240 - Cannot read IP mode file for STMicroelectronics.X-CUBE-AZRTOS-H7.3.5.0
2026-05-17 14:45:45,955 [WARN] PackLoader:240 - Cannot read IP mode file for STMicroelectronics.FP-ATR-ASTRA1.2.0.2
2026-05-17 14:45:45,974 [WARN] PackLoader:240 - Cannot read IP mode file for STMicroelectronics.X-CUBE-SMBUS.2.1.0
2026-05-17 14:45:46,030 [WARN] PackLoader:240 - Cannot read IP mode file for STMicroelectronics.X-CUBE-AZRTOS-F7.1.1.0
2026-05-17 14:45:46,052 [ERROR] Engine:466 - C:\Users\hp\.stm32cubemx\thirdparties\pdsc\STMicroelectronics.FP-SNS-MOTENV1.5.1.0.pdsc: PDSC version is not supported
2026-05-17 14:45:46,060 [ERROR] Engine:466 - C:\Users\hp\.stm32cubemx\thirdparties\pdsc\WES.I-CUBE-Cesium.1.4.0.pdsc: PDSC version is not supported
2026-05-17 14:45:46,079 [WARN] PackLoader:240 - Cannot read IP mode file for STMicroelectronics.X-CUBE-DISPLAY.3.0.0
2026-05-17 14:45:46,087 [INFO] WebApp:463 - Apply proxy settings
2026-05-17 14:45:46,088 [INFO] WebApp:548 - Chromium requires no authentication
2026-05-17 14:45:46,113 [WARN] PackLoader:240 - Cannot read IP mode file for STMicroelectronics.X-CUBE-GNSS1.7.1.1
2026-05-17 14:45:46,116 [INFO] WebApp:491 - Direct internet connection detected
2026-05-17 14:45:46,122 [ERROR] Engine:466 - C:\Users\hp\.stm32cubemx\thirdparties\pdsc\STMicroelectronics.FP-SNS-MOTENVWB1.1.5.0.pdsc: PDSC version is not supported
2026-05-17 14:45:46,138 [WARN] PackLoader:240 - Cannot read IP mode file for STMicroelectronics.X-CUBE-NFC10.1.0.0
2026-05-17 14:45:46,154 [WARN] PackLoader:240 - Cannot read IP mode file for STMicroelectronics.X-CUBE-ST60.1.1.0
2026-05-17 14:45:46,170 [WARN] PackLoader:240 - Cannot read IP mode file for emotas.I-CUBE-CANOPEN.1.3.0
2026-05-17 14:45:46,185 [WARN] PackLoader:240 - Cannot read IP mode file for STMicroelectronics.X-CUBE-GNSS1.7.1.0
2026-05-17 14:45:46,195 [INFO] WebApp:894 - Register for checkConnection events
2026-05-17 14:45:46,196 [INFO] WebApp:463 - Apply proxy settings
2026-05-17 14:45:46,196 [INFO] WebApp:548 - Chromium requires no authentication
2026-05-17 14:45:46,197 [INFO] WebApp:491 - Direct internet connection detected
2026-05-17 14:45:46,198 [ERROR] Engine:466 - C:\Users\hp\.stm32cubemx\thirdparties\pdsc\STMicroelectronics.FP-SNS-STBOX1.2.1.0.pdsc: PDSC version is not supported
2026-05-17 14:45:46,209 [WARN] PackLoader:240 - Cannot read IP mode file for STMicroelectronics.FP-SNS-SMARTAG2.1.2.0
2026-05-17 14:45:46,219 [WARN] PackLoader:240 - Cannot read IP mode file for STMicroelectronics.FP-SNS-FLIGHT1.5.1.0
2026-05-17 14:45:46,238 [INFO] LogOutputStream:77 - [STDOUT_REDIRECT] 1 : Invalid condition id : UX_CORESTACK_Condition cause : null
2026-05-17 14:45:46,240 [INFO] LogOutputStream:77 - [STDOUT_REDIRECT] 1 : Invalid condition id : UX_CORESTACK_Condition cause : null
2026-05-17 14:45:46,242 [INFO] LogOutputStream:77 - [STDOUT_REDIRECT] 1 : Invalid condition id : UX_CORESTACK_Condition cause : null
2026-05-17 14:45:46,245 [INFO] LogOutputStream:77 - [STDOUT_REDIRECT] 1 : Invalid condition id : UX_CORESTACK_Condition cause : null
2026-05-17 14:45:46,248 [INFO] LogOutputStream:77 - [STDOUT_REDIRECT] 1 : Invalid condition id : UX_CORESTACK_Condition cause : null
2026-05-17 14:45:46,256 [WARN] PackLoader:240 - Cannot read IP mode file for STMicroelectronics.X-CUBE-AZRTOS-WL.2.0.0
2026-05-17 14:45:46,301 [WARN] PackLoader:240 - Cannot read IP mode file for STMicroelectronics.X-CUBE-AZRTOS-H7RS.1.2.0
2026-05-17 14:45:46,323 [WARN] PackLoader:240 - Cannot read IP mode file for STMicroelectronics.X-CUBE-BLE2.3.3.0
2026-05-17 14:45:46,407 [WARN] PackLoader:240 - Cannot read IP mode file for Infineon.AIROC-Wi-Fi-Bluetooth-STM32.1.8.0
2026-05-17 14:45:46,431 [WARN] PackLoader:240 - Cannot read IP mode file for STMicroelectronics.X-CUBE-NFC9.1.0.0
2026-05-17 14:45:46,446 [WARN] PackLoader:240 - Cannot read IP mode file for STMicroelectronics.X-CUBE-BLE1.7.1.0
2026-05-17 14:45:46,456 [WARN] PackLoader:240 - Cannot read IP mode file for wolfSSL.I-CUBE-wolfMQTT.1.19.2
2026-05-17 14:45:46,470 [WARN] PackLoader:240 - Cannot read IP mode file for STMicroelectronics.X-CUBE-EEPRMA1.5.2.0
2026-05-17 14:45:46,483 [WARN] PackLoader:240 - Cannot read IP mode file for wolfSSL.I-CUBE-wolfSSL.5.8.4
2026-05-17 14:45:46,490 [ERROR] Engine:466 - C:\Users\hp\.stm32cubemx\thirdparties\pdsc\STMicroelectronics.FP-SNS-STAIOTCFT.1.1.0.pdsc: PDSC version is not supported
2026-05-17 14:45:46,627 [INFO] WebApp:191 - Connection restablished
2026-05-17 14:45:46,631 [WARN] PackLoader:240 - Cannot read IP mode file for STMicroelectronics.X-CUBE-MEMS1.12.0.0
2026-05-17 14:45:46,765 [INFO] WebApp:225 - Starting web application
2026-05-17 14:45:46,766 [INFO] WebApp:593 - Web application path used C:\ST\STM32CubeIDE_1.18.0\STM32CubeIDE\plugins\com.st.stm32cube.common.mx_6.14.0.202502271554\db\plugins\mcufinder\reactClient1\index.html
2026-05-17 14:45:46,917 [WARN] PackLoader:240 - Cannot read IP mode file for STMicroelectronics.X-CUBE-AZRTOS-G0.1.1.0
2026-05-17 14:45:46,934 [WARN] PackLoader:240 - Cannot read IP mode file for STMicroelectronics.X-CUBE-NFC4.3.0.0
2026-05-17 14:45:46,954 [WARN] PackLoader:240 - Cannot read IP mode file for EmbeddedOffice.I-CUBE-FS-RTOS.1.0.1
2026-05-17 14:45:46,964 [WARN] PackLoader:240 - Cannot read IP mode file for wolfSSL.I-CUBE-wolfTPM.3.8.0
2026-05-17 14:45:46,977 [WARN] PackLoader:240 - Cannot read IP mode file for STMicroelectronics.X-CUBE-TCPP.4.2.0
2026-05-17 14:45:46,992 [WARN] PackLoader:240 - Cannot read IP mode file for RealThread.X-CUBE-RT-Thread_Nano.4.1.1
2026-05-17 14:45:47,003 [WARN] PackLoader:240 - Cannot read IP mode file for STMicroelectronics.FP-ATR-SIGFOX1.3.2.0
2026-05-17 14:45:47,009 [ERROR] Engine:466 - C:\Users\hp\.stm32cubemx\thirdparties\pdsc\STMicroelectronics.X-CUBE-FREERTOS.1.5.0.pdsc: PDSC version is not supported
2026-05-17 14:45:47,021 [WARN] PackLoader:240 - Cannot read IP mode file for ITTIA_DB.I-CUBE-ITTIADB.8.9.0
2026-05-17 14:45:47,039 [WARN] PackLoader:240 - Cannot read IP mode file for Cesanta.I-CUBE-Mongoose.7.21.0
2026-05-17 14:45:47,062 [WARN] PackLoader:240 - Cannot read IP mode file for STMicroelectronics.X-CUBE-NFC6.3.2.0
2026-05-17 14:45:47,076 [WARN] PackLoader:240 - Cannot read IP mode file for STMicroelectronics.X-CUBE-AI.10.2.0
2026-05-17 14:45:47,175 [WARN] PackLoader:240 - Cannot read IP mode file for STMicroelectronics.X-CUBE-MEMS1.12.1.0
2026-05-17 14:45:47,441 [WARN] PackLoader:240 - Cannot read IP mode file for SEGGER.I-CUBE-embOS.1.3.1
2026-05-17 14:45:47,529 [WARN] PackLoader:240 - Cannot read IP mode file for STMicroelectronics.X-CUBE-ALGOBUILD.1.4.0
2026-05-17 14:45:47,540 [WARN] PackLoader:240 - Cannot read IP mode file for STMicroelectronics.X-CUBE-PM33A1.1.0.0
2026-05-17 14:45:47,572 [WARN] PackLoader:240 - Cannot read IP mode file for STMicroelectronics.X-CUBE-AZRTOS-F4.1.1.0
2026-05-17 14:45:47,587 [WARN] PackLoader:240 - Cannot read IP mode file for STMicroelectronics.X-CUBE-ISPU.2.1.0
2026-05-17 14:45:47,596 [ERROR] Engine:466 - C:\Users\hp\.stm32cubemx\thirdparties\pdsc\STMicroelectronics.X-CUBE-IPS.3.2.0.pdsc: PDSC version is not supported
2026-05-17 14:45:47,604 [WARN] PackLoader:240 - Cannot read IP mode file for STMicroelectronics.eDS-WB_DPC_TT-BIDIR.2.1.1
2026-05-17 14:45:47,620 [WARN] PackLoader:240 - Cannot read IP mode file for STMicroelectronics.X-CUBE-NFC12.1.0.0
2026-05-17 14:45:47,660 [WARN] PackLoader:240 - Cannot read IP mode file for STMicroelectronics.X-CUBE-AZRTOS-L5.2.0.0
2026-05-17 14:45:47,681 [WARN] PackLoader:240 - Cannot read IP mode file for STMicroelectronics.eDS-WB_DPC_VIENNA.1.2.0
2026-05-17 14:45:47,691 [WARN] PackLoader:240 - Cannot read IP mode file for STMicroelectronics.eDS-WB_DPC_3PH2L-BIDIR.1.1.1
2026-05-17 14:45:47,699 [ERROR] Engine:466 - C:\Users\hp\.stm32cubemx\thirdparties\pdsc\STMicroelectronics.X-CUBE-ST67W61.1.3.0.pdsc: PDSC version is not supported
2026-05-17 14:45:47,711 [WARN] PackLoader:240 - Cannot read IP mode file for STMicroelectronics.X-CUBE-TOUCHGFX.4.26.1
2026-05-17 14:45:47,723 [WARN] PackLoader:240 - Cannot read IP mode file for STMicroelectronics.FP-SNS-STAIOTCFT.1.0.0
2026-05-17 14:45:47,735 [WARN] PackLoader:240 - Cannot read IP mode file for STMicroelectronics.X-CUBE-DPower.1.3.0
2026-05-17 14:45:47,770 [WARN] ConditionMgr:438 - getConditionDescription Invalid condition id : LAN8742 Phy interface Condition cause : null
2026-05-17 14:45:47,771 [WARN] PackLoader:240 - Cannot read IP mode file for STMicroelectronics.X-CUBE-AZRTOS-L4.2.0.0
2026-05-17 14:45:47,774 [WARN] ConditionMgr:1044 - genDependencies : Invalid condition id : LAN8742 Phy interface Condition cause : null
2026-05-17 14:45:47,775 [WARN] ConditionMgr:1044 - genDependencies : Invalid condition id : LAN8742 Phy interface Condition cause : null
2026-05-17 14:45:47,776 [WARN] ConditionMgr:1044 - genDependencies : Invalid condition id : LAN8742 Phy interface Condition cause : null
2026-05-17 14:45:47,792 [WARN] PackLoader:240 - Cannot read IP mode file for STMicroelectronics.X-CUBE-SFXS2LP1.4.0.0
2026-05-17 14:45:47,808 [WARN] PackLoader:240 - Cannot read IP mode file for STMicroelectronics.X-CUBE-WB05N.2.1.0
2026-05-17 14:45:47,863 [ERROR] Engine:466 - C:\Users\hp\.stm32cubemx\thirdparties\pdsc\STMicroelectronics.X-CUBE-ST67W61.1.2.0.pdsc: PDSC version is not supported
2026-05-17 14:45:47,893 [WARN] PackLoader:240 - Cannot read IP mode file for STMicroelectronics.X-CUBE-BLEMGR.4.1.0
2026-05-17 14:45:47,937 [WARN] ConditionMgr:438 - getConditionDescription Invalid condition id : UX DEVICE CLASS RTOS Condition cause : null
2026-05-17 14:45:47,938 [WARN] ConditionMgr:438 - getConditionDescription Invalid condition id : UX DEVICE CLASS RTOS Condition cause : null
2026-05-17 14:45:47,944 [WARN] PackLoader:240 - Cannot read IP mode file for STMicroelectronics.X-CUBE-AZRTOS-WB.2.0.0
2026-05-17 14:45:47,946 [WARN] ConditionMgr:1044 - genDependencies : Invalid condition id : UX DEVICE CLASS RTOS Condition cause : null
2026-05-17 14:45:47,946 [WARN] ConditionMgr:1044 - genDependencies : Invalid condition id : UX DEVICE CLASS RTOS Condition cause : null
2026-05-17 14:45:47,947 [WARN] ConditionMgr:1044 - genDependencies : Invalid condition id : UX DEVICE CLASS RTOS Condition cause : null
2026-05-17 14:45:47,948 [WARN] ConditionMgr:1044 - genDependencies : Invalid condition id : UX DEVICE CLASS RTOS Condition cause : null
2026-05-17 14:45:47,948 [WARN] ConditionMgr:1044 - genDependencies : Invalid condition id : UX DEVICE CLASS RTOS Condition cause : null
2026-05-17 14:45:47,965 [WARN] ConditionMgr:438 - getConditionDescription Invalid condition id : Cortex-A Device cause : null
2026-05-17 14:45:48,004 [WARN] ConditionMgr:1044 - genDependencies : Invalid condition id : Cortex-A Device cause : null
2026-05-17 14:45:48,023 [WARN] ConditionMgr:1044 - genDependencies : Invalid condition id : Cortex-A Device cause : null
2026-05-17 14:45:48,023 [WARN] ConditionMgr:1044 - genDependencies : Invalid condition id : Cortex-A Device cause : null
2026-05-17 14:45:48,071 [WARN] PackLoader:240 - Cannot read IP mode file for STMicroelectronics.X-CUBE-STSE01.2.0.0
2026-05-17 14:45:48,097 [WARN] PackLoader:240 - Cannot read IP mode file for STMicroelectronics.X-CUBE-SUBG2.5.0.0
2026-05-17 14:45:48,137 [WARN] PackLoader:240 - Cannot read IP mode file for STMicroelectronics.X-CUBE-AZRTOS-G4.2.0.0
2026-05-17 14:45:48,149 [WARN] PackLoader:240 - Cannot read IP mode file for wolfSSL.I-CUBE-wolfSSH.1.4.20
2026-05-17 14:45:48,159 [WARN] PackLoader:240 - Cannot read IP mode file for STMicroelectronics.X-CUBE-NFC7.2.0.0
2026-05-17 14:45:48,174 [WARN] PackLoader:240 - Cannot read IP mode file for STMicroelectronics.X-CUBE-ALS.1.0.2
2026-05-17 14:45:48,194 [WARN] PackLoader:240 - Cannot read IP mode file for STMicroelectronics.X-CUBE-TOF1.3.4.3
2026-05-17 14:45:48,219 [INFO] ThirdParty:978 - Integrity check success = true
2026-05-17 14:45:48,219 [INFO] IntegrityCheckThread:100 - exiting critical section [integrity check]
2026-05-17 14:45:48,219 [INFO] IntegrityCheckThread:103 - End integrity checks thread
2026-05-17 16:44:29,113 [INFO] WebApp:194 - Connection lost
2026-05-17 16:44:30,122 [INFO] WebApp:191 - Connection restablished
2026-05-17 17:13:34,764 [ERROR] ConfigurationRetriever:142 - IOException on connection: Read timed out
2026-05-17 17:54:25,191 [ERROR] AdobePublisher:162 - Exception while opening the connection: java.net.SocketTimeoutException: Connect timed out
2026-05-17 18:18:36,059 [INFO] WebApp:194 - Connection lost
2026-05-17 18:18:40,446 [INFO] WebApp:191 - Connection restablished
2026-05-17 18:18:58,672 [INFO] WebApp:194 - Connection lost
2026-05-17 18:49:29,114 [INFO] WebApp:191 - Connection restablished
2026-05-17 18:49:31,146 [INFO] WebApp:194 - Connection lost
2026-05-17 18:49:31,466 [INFO] WebApp:191 - Connection restablished
2026-05-17 21:27:04,832 [INFO] WebApp:194 - Connection lost
2026-05-17 21:29:06,163 [INFO] WebApp:191 - Connection restablished
2026-05-17 22:43:04,721 [ERROR] ConfigurationRetriever:142 - IOException on connection: Read timed out
2026-05-17 22:43:07,181 [ERROR] ConfigurationRetriever:142 - IOException on connection: Read timed out
2026-05-17 22:43:09,186 [ERROR] ConfigurationRetriever:142 - IOException on connection: Connect timed out
2026-05-17 22:43:11,332 [ERROR] ConfigurationRetriever:142 - IOException on connection: Connect timed out
2026-05-17 22:43:13,334 [ERROR] ConfigurationRetriever:142 - IOException on connection: Connect timed out
2026-05-17 22:43:15,337 [ERROR] ConfigurationRetriever:142 - IOException on connection: Connect timed out
2026-05-17 22:44:03,230 [ERROR] LogOutputStream:75 - [STDERR_REDIRECT] 
