2026-04-15 14:16:08,521 [INFO] Activator:176 - 


2026-04-15 14:16:08,532 [INFO] Activator:177 - !SESSION log4j initialized
2026-04-15 14:16:14,948 [INFO] LogOutputStream:77 - [STDOUT_REDIRECT] 
2026-04-15 14:16:19,007 [INFO] ApplicationProperties:184 - Using Application install path: C:\ST\STM32CubeIDE_1.18.0\STM32CubeIDE\plugins\com.st.stm32cube.common.mx_6.14.0.202502271554
2026-04-15 14:16:19,047 [INFO] DbMcusXml:78 - Set database path to: C:\ST\STM32CubeIDE_1.18.0\STM32CubeIDE\plugins\com.st.stm32cube.common.mx_6.14.0.202502271554\\db\/mcu/
2026-04-15 14:16:19,048 [INFO] ApiDb:274 - Set plugin database path to: C:\ST\STM32CubeIDE_1.18.0\STM32CubeIDE\plugins\com.st.stm32cube.common.mx_6.14.0.202502271554\\db\/plugins/boardmanager/
2026-04-15 14:16:19,049 [WARN] ApiDb:259 - Overriding images path with different value:  => C:\ST\STM32CubeIDE_1.18.0\STM32CubeIDE\plugins\com.st.stm32cube.common.mx_6.14.0.202502271554\\db\/plugins/mcufinder/images/
2026-04-15 14:16:19,076 [INFO] ApiDb:250 - Set database path to: C:\Users\hp\.stmcufinder\plugins\mcufinder//mcu/
2026-04-15 14:16:19,077 [INFO] DbMcusAds:125 - Set database path to: C:\Users\hp\.stmcufinder\plugins\mcufinder//mcu/
2026-04-15 14:16:19,084 [INFO] CrossReferenceDbSqlite:203 - Set database path to: C:\Users\hp\.stmcufinder\plugins\mcufinder//mcu/cs/
2026-04-15 14:16:19,288 [INFO] RulesReader:64 - Compatibility file has been processed (301 Rules)
2026-04-15 14:16:19,502 [INFO] DbMcusXml:78 - Set database path to: C:\ST\STM32CubeIDE_1.18.0\STM32CubeIDE\plugins\com.st.stm32cube.common.mx_6.14.0.202502271554\\db\/mcu/
2026-04-15 14:16:19,502 [INFO] ApiDb:274 - Set plugin database path to: C:\ST\STM32CubeIDE_1.18.0\STM32CubeIDE\plugins\com.st.stm32cube.common.mx_6.14.0.202502271554\\db\/plugins/boardmanager/
2026-04-15 14:16:19,502 [INFO] ApiDb:261 - Set plugin images path to: C:\ST\STM32CubeIDE_1.18.0\STM32CubeIDE\plugins\com.st.stm32cube.common.mx_6.14.0.202502271554\\db\/plugins/mcufinder/images/
2026-04-15 14:16:19,502 [WARN] DbFile:41 - Overriding database path with different value: C:\Users\hp\.stmcufinder\plugins\mcufinder/ => C:\Users\hp\.stmcufinder\plugins\mcufinder
2026-04-15 14:16:19,502 [INFO] ApiDb:250 - Set database path to: C:\Users\hp\.stmcufinder\plugins\mcufinder//mcu/
2026-04-15 14:16:19,503 [WARN] DbFile:41 - Overriding database path with different value: C:\Users\hp\.stmcufinder\plugins\mcufinder/ => C:\Users\hp\.stmcufinder\plugins\mcufinder
2026-04-15 14:16:19,503 [INFO] DbMcusAds:125 - Set database path to: C:\Users\hp\.stmcufinder\plugins\mcufinder//mcu/
2026-04-15 14:16:19,503 [WARN] DbFile:41 - Overriding database path with different value: C:\Users\hp\.stmcufinder\plugins\mcufinder/ => C:\Users\hp\.stmcufinder\plugins\mcufinder
2026-04-15 14:16:19,503 [WARN] DbFile:41 - Overriding database path with different value: C:\Users\hp\.stmcufinder\plugins\mcufinder/ => C:\Users\hp\.stmcufinder\plugins\mcufinder
2026-04-15 14:16:19,503 [INFO] CrossReferenceDbSqlite:203 - Set database path to: C:\Users\hp\.stmcufinder\plugins\mcufinder//mcu/cs/
2026-04-15 14:16:19,677 [INFO] MainPanel:272 - HeapMemory: 268435456
2026-04-15 14:16:19,958 [INFO] DbMcusXml:78 - Set database path to: C:\ST\STM32CubeIDE_1.18.0\STM32CubeIDE\plugins\com.st.stm32cube.common.mx_6.14.0.202502271554\\db\/mcu/
2026-04-15 14:16:19,959 [INFO] ApiDb:274 - Set plugin database path to: C:\ST\STM32CubeIDE_1.18.0\STM32CubeIDE\plugins\com.st.stm32cube.common.mx_6.14.0.202502271554\\db\/plugins/boardmanager/
2026-04-15 14:16:19,959 [INFO] ApiDb:261 - Set plugin images path to: C:\ST\STM32CubeIDE_1.18.0\STM32CubeIDE\plugins\com.st.stm32cube.common.mx_6.14.0.202502271554\\db\/plugins/mcufinder/images/
2026-04-15 14:16:19,960 [WARN] DbFile:41 - Overriding database path with different value: C:\Users\hp\.stmcufinder\plugins\mcufinder/ => C:\Users\hp\.stmcufinder\plugins\mcufinder
2026-04-15 14:16:19,960 [INFO] ApiDb:250 - Set database path to: C:\Users\hp\.stmcufinder\plugins\mcufinder//mcu/
2026-04-15 14:16:19,961 [WARN] DbFile:41 - Overriding database path with different value: C:\Users\hp\.stmcufinder\plugins\mcufinder/ => C:\Users\hp\.stmcufinder\plugins\mcufinder
2026-04-15 14:16:19,961 [INFO] DbMcusAds:125 - Set database path to: C:\Users\hp\.stmcufinder\plugins\mcufinder//mcu/
2026-04-15 14:16:19,961 [WARN] DbFile:41 - Overriding database path with different value: C:\Users\hp\.stmcufinder\plugins\mcufinder/ => C:\Users\hp\.stmcufinder\plugins\mcufinder
2026-04-15 14:16:19,961 [WARN] DbFile:41 - Overriding database path with different value: C:\Users\hp\.stmcufinder\plugins\mcufinder/ => C:\Users\hp\.stmcufinder\plugins\mcufinder
2026-04-15 14:16:19,962 [INFO] CrossReferenceDbSqlite:203 - Set database path to: C:\Users\hp\.stmcufinder\plugins\mcufinder//mcu/cs/
2026-04-15 14:16:20,002 [INFO] ApplicationProperties:184 - Using Application install path: C:\ST\STM32CubeIDE_1.18.0\STM32CubeIDE\plugins\com.st.stm32cube.common.mx_6.14.0.202502271554
2026-04-15 14:16:20,006 [INFO] PluginManage:196 - Search for loadable plugins [exclusion list=, ]
2026-04-15 14:16:20,010 [INFO] PluginManage:310 - Check plugin analytics
2026-04-15 14:16:20,407 [INFO] AnalyticsPlugin:253 - Accepted Software Licenses: 
2026-04-15 14:16:20,408 [INFO] AnalyticsPlugin:255 - Accepted CMSIS Pack Licenses: 
2026-04-15 14:16:20,409 [INFO] AnalyticsPlugin:257 - Accepted Firmware Licenses: 
2026-04-15 14:16:20,414 [INFO] PluginManage:359 - Loaded plugin analytics (category:tool,tabindex:-1)
2026-04-15 14:16:20,415 [INFO] PluginManage:310 - Check plugin cadmodel
2026-04-15 14:16:20,433 [INFO] CADModel:105 - Init CAD model plugin
2026-04-15 14:16:20,434 [INFO] PluginManage:359 - Loaded plugin cadmodel (category:power,tabindex:5)
2026-04-15 14:16:20,434 [INFO] PluginManage:310 - Check plugin clock
2026-04-15 14:16:20,460 [INFO] PluginManage:359 - Loaded plugin clock (category:base,tabindex:2)
2026-04-15 14:16:20,461 [INFO] PluginManage:310 - Check plugin ddr
2026-04-15 14:16:20,466 [INFO] PluginManage:359 - Loaded plugin ddr (category:tool,tabindex:6)
2026-04-15 14:16:20,466 [INFO] PluginManage:310 - Check plugin filemanager
2026-04-15 14:16:20,813 [INFO] PluginManage:359 - Loaded plugin filemanager (category:base,tabindex:10)
2026-04-15 14:16:20,813 [INFO] PluginManage:310 - Check plugin ipmanager
2026-04-15 14:16:20,834 [INFO] PluginManage:359 - Loaded plugin ipmanager (category:base,tabindex:5)
2026-04-15 14:16:20,835 [INFO] PluginManage:310 - Check plugin lpbam
2026-04-15 14:16:20,853 [INFO] PluginManage:359 - Loaded plugin lpbam (category:base,tabindex:0)
2026-04-15 14:16:20,853 [INFO] PluginManage:310 - Check plugin memorymap
2026-04-15 14:16:20,888 [INFO] PluginManage:359 - Loaded plugin memorymap (category:base,tabindex:4)
2026-04-15 14:16:20,888 [INFO] PluginManage:310 - Check plugin pinoutandconfiguration
2026-04-15 14:16:20,905 [INFO] PluginManage:359 - Loaded plugin pinoutandconfiguration (category:base,tabindex:1)
2026-04-15 14:16:20,905 [INFO] PluginManage:310 - Check plugin pinoutconfig
2026-04-15 14:16:21,092 [WARN] SupportedApi:132 - Cannot load RTOS API schema: s4s-elt-must-match.1: The content of 'definitions' must match (annotation?, (simpleType | complexType)?, (unique | key | keyref)*)). A problem was found starting at: attribute.
2026-04-15 14:16:21,347 [INFO] PluginManage:359 - Loaded plugin pinoutconfig (category:base,tabindex:0)
2026-04-15 14:16:21,348 [INFO] PluginManage:310 - Check plugin power
2026-04-15 14:16:21,370 [INFO] PluginManage:359 - Loaded plugin power (category:power,tabindex:4)
2026-04-15 14:16:21,370 [INFO] PluginManage:310 - Check plugin projectmanager
2026-04-15 14:16:21,397 [INFO] PluginManage:359 - Loaded plugin projectmanager (category:projectmanager,tabindex:4)
2026-04-15 14:16:21,397 [INFO] PluginManage:310 - Check plugin rif
2026-04-15 14:16:21,416 [INFO] PluginManage:359 - Loaded plugin rif (category:base,tabindex:3)
2026-04-15 14:16:21,416 [INFO] PluginManage:310 - Check plugin thirdparty
2026-04-15 14:16:21,657 [INFO] PluginManage:359 - Loaded plugin thirdparty (category:base,tabindex:-1)
2026-04-15 14:16:21,657 [WARN] IntegrityCheckThread:84 - waiting for thirdparty lock release [integrity check]
2026-04-15 14:16:21,658 [INFO] PluginManage:310 - Check plugin tools
2026-04-15 14:16:21,658 [INFO] IntegrityCheckThread:86 - entering critical section [integrity check]
2026-04-15 14:16:21,660 [INFO] ThirdPartyUpdaterWithRetryManager:70 - Updater plugin not ready yet. [1/15]
2026-04-15 14:16:21,665 [INFO] PluginManage:359 - Loaded plugin tools (category:base,tabindex:7)
2026-04-15 14:16:21,665 [INFO] PluginManage:310 - Check plugin tutovideos
2026-04-15 14:16:22,005 [INFO] PluginManage:359 - Loaded plugin tutovideos (category:base,tabindex:-1)
2026-04-15 14:16:22,006 [INFO] PluginManage:310 - Check plugin updater
2026-04-15 14:16:22,051 [INFO] PluginManage:359 - Loaded plugin updater (category:base,tabindex:12)
2026-04-15 14:16:22,051 [INFO] PluginManage:310 - Check plugin userauth
2026-04-15 14:16:22,061 [INFO] UserAuth:118 - Init User Auth plugin
2026-04-15 14:16:22,063 [INFO] PluginManage:359 - Loaded plugin userauth (category:base,tabindex:14)
2026-04-15 14:16:22,064 [INFO] PluginManage:283 - PluginManage : Loaded plugins [18]
2026-04-15 14:16:22,516 [INFO] PinOutPanel:1589 - setPackage(No Configuration,No Configuration)
2026-04-15 14:16:22,764 [INFO] CADModel:165 - CPN selected for project level
2026-04-15 14:16:22,764 [INFO] CADModel:114 - Register for checkConnection events
2026-04-15 14:16:22,805 [INFO] IPUIPlugin:80 - create IPUIPlugin
2026-04-15 14:16:22,806 [INFO] PluginManager:220 - loadIPPluginJar : add adc
2026-04-15 14:16:22,813 [INFO] IPUIPlugin:80 - create IPUIPlugin
2026-04-15 14:16:22,813 [INFO] PluginManager:220 - loadIPPluginJar : add aes
2026-04-15 14:16:22,820 [INFO] IPUIPlugin:80 - create IPUIPlugin
2026-04-15 14:16:22,820 [INFO] PluginManager:220 - loadIPPluginJar : add can
2026-04-15 14:16:22,824 [INFO] IPUIPlugin:80 - create IPUIPlugin
2026-04-15 14:16:22,824 [INFO] PluginManager:220 - loadIPPluginJar : add comp
2026-04-15 14:16:22,830 [INFO] IPUIPlugin:80 - create IPUIPlugin
2026-04-15 14:16:22,830 [INFO] PluginManager:220 - loadIPPluginJar : add cryp
2026-04-15 14:16:22,840 [INFO] IPUIPlugin:80 - create IPUIPlugin
2026-04-15 14:16:22,840 [INFO] PluginManager:220 - loadIPPluginJar : add ddr_ctrl_phy
2026-04-15 14:16:22,845 [INFO] IPUIPlugin:80 - create IPUIPlugin
2026-04-15 14:16:22,845 [INFO] PluginManager:220 - loadIPPluginJar : add dfsdm
2026-04-15 14:16:22,855 [INFO] IPUIPlugin:80 - create IPUIPlugin
2026-04-15 14:16:22,855 [INFO] PluginManager:220 - loadIPPluginJar : add dma
2026-04-15 14:16:22,861 [INFO] IPUIPlugin:80 - create IPUIPlugin
2026-04-15 14:16:22,861 [INFO] PluginManager:220 - loadIPPluginJar : add dma3
2026-04-15 14:16:22,869 [INFO] IPUIPlugin:80 - create IPUIPlugin
2026-04-15 14:16:22,869 [INFO] PluginManager:220 - loadIPPluginJar : add extmemmanager
2026-04-15 14:16:22,874 [INFO] IPUIPlugin:80 - create IPUIPlugin
2026-04-15 14:16:22,874 [INFO] PluginManager:220 - loadIPPluginJar : add fatfs
2026-04-15 14:16:22,884 [INFO] IPUIPlugin:80 - create IPUIPlugin
2026-04-15 14:16:22,885 [INFO] PluginManager:220 - loadIPPluginJar : add fmc
2026-04-15 14:16:22,897 [INFO] IPUIPlugin:80 - create IPUIPlugin
2026-04-15 14:16:22,897 [INFO] PluginManager:220 - loadIPPluginJar : add freertos
2026-04-15 14:16:22,902 [INFO] IPUIPlugin:80 - create IPUIPlugin
2026-04-15 14:16:22,902 [INFO] PluginManager:220 - loadIPPluginJar : add genericplugin
2026-04-15 14:16:22,911 [INFO] IPUIPlugin:80 - create IPUIPlugin
2026-04-15 14:16:22,912 [INFO] PluginManager:220 - loadIPPluginJar : add gfxmmu
2026-04-15 14:16:22,923 [INFO] IPUIPlugin:80 - create IPUIPlugin
2026-04-15 14:16:22,924 [INFO] PluginManager:220 - loadIPPluginJar : add gic
2026-04-15 14:16:22,936 [INFO] IPUIPlugin:80 - create IPUIPlugin
2026-04-15 14:16:22,936 [INFO] PluginManager:220 - loadIPPluginJar : add gpio
2026-04-15 14:16:22,945 [INFO] IPUIPlugin:80 - create IPUIPlugin
2026-04-15 14:16:22,946 [INFO] PluginManager:220 - loadIPPluginJar : add gtzc
2026-04-15 14:16:22,951 [INFO] IPUIPlugin:80 - create IPUIPlugin
2026-04-15 14:16:22,951 [INFO] PluginManager:220 - loadIPPluginJar : add hash
2026-04-15 14:16:22,960 [INFO] IPUIPlugin:80 - create IPUIPlugin
2026-04-15 14:16:22,961 [INFO] PluginManager:220 - loadIPPluginJar : add i2c
2026-04-15 14:16:22,967 [INFO] IPUIPlugin:80 - create IPUIPlugin
2026-04-15 14:16:22,968 [INFO] PluginManager:220 - loadIPPluginJar : add i2s
2026-04-15 14:16:22,979 [INFO] IPUIPlugin:80 - create IPUIPlugin
2026-04-15 14:16:22,980 [INFO] PluginManager:220 - loadIPPluginJar : add i3c
2026-04-15 14:16:22,990 [INFO] IPUIPlugin:80 - create IPUIPlugin
2026-04-15 14:16:22,990 [INFO] PluginManager:220 - loadIPPluginJar : add ipddr
2026-04-15 14:16:23,009 [INFO] IPUIPlugin:80 - create IPUIPlugin
2026-04-15 14:16:23,009 [INFO] PluginManager:220 - loadIPPluginJar : add linkedlist
2026-04-15 14:16:23,015 [INFO] IPUIPlugin:80 - create IPUIPlugin
2026-04-15 14:16:23,016 [INFO] PluginManager:220 - loadIPPluginJar : add lorawan
2026-04-15 14:16:23,020 [INFO] IPUIPlugin:80 - create IPUIPlugin
2026-04-15 14:16:23,021 [INFO] PluginManager:220 - loadIPPluginJar : add ltdc
2026-04-15 14:16:23,032 [INFO] IPUIPlugin:80 - create IPUIPlugin
2026-04-15 14:16:23,032 [INFO] PluginManager:220 - loadIPPluginJar : add mdma
2026-04-15 14:16:23,041 [INFO] IPUIPlugin:80 - create IPUIPlugin
2026-04-15 14:16:23,041 [INFO] PluginManager:220 - loadIPPluginJar : add nvic
2026-04-15 14:16:23,050 [INFO] IPUIPlugin:80 - create IPUIPlugin
2026-04-15 14:16:23,050 [INFO] PluginManager:220 - loadIPPluginJar : add opamp
2026-04-15 14:16:23,060 [INFO] IPUIPlugin:80 - create IPUIPlugin
2026-04-15 14:16:23,060 [INFO] PluginManager:220 - loadIPPluginJar : add openamp
2026-04-15 14:16:23,069 [INFO] IPUIPlugin:80 - create IPUIPlugin
2026-04-15 14:16:23,070 [INFO] PluginManager:220 - loadIPPluginJar : add pdm2pcm
2026-04-15 14:16:23,086 [INFO] IPUIPlugin:80 - create IPUIPlugin
2026-04-15 14:16:23,091 [INFO] PluginManager:220 - loadIPPluginJar : add plateformsettings
2026-04-15 14:16:23,095 [INFO] IPUIPlugin:80 - create IPUIPlugin
2026-04-15 14:16:23,095 [INFO] PluginManager:220 - loadIPPluginJar : add quadspi
2026-04-15 14:16:23,101 [INFO] IPUIPlugin:80 - create IPUIPlugin
2026-04-15 14:16:23,102 [INFO] PluginManager:220 - loadIPPluginJar : add radio
2026-04-15 14:16:23,114 [INFO] IPUIPlugin:80 - create IPUIPlugin
2026-04-15 14:16:23,114 [INFO] PluginManager:220 - loadIPPluginJar : add resmgrutility
2026-04-15 14:16:23,122 [INFO] IPUIPlugin:80 - create IPUIPlugin
2026-04-15 14:16:23,122 [INFO] PluginManager:220 - loadIPPluginJar : add sai
2026-04-15 14:16:23,127 [INFO] IPUIPlugin:80 - create IPUIPlugin
2026-04-15 14:16:23,128 [INFO] PluginManager:220 - loadIPPluginJar : add spi
2026-04-15 14:16:23,139 [INFO] IPUIPlugin:80 - create IPUIPlugin
2026-04-15 14:16:23,139 [INFO] PluginManager:220 - loadIPPluginJar : add stm32_wpan
2026-04-15 14:16:23,145 [INFO] IPUIPlugin:80 - create IPUIPlugin
2026-04-15 14:16:23,145 [INFO] PluginManager:220 - loadIPPluginJar : add tim
2026-04-15 14:16:23,153 [INFO] IPUIPlugin:80 - create IPUIPlugin
2026-04-15 14:16:23,153 [INFO] PluginManager:220 - loadIPPluginJar : add touchsensing
2026-04-15 14:16:23,158 [INFO] IPUIPlugin:80 - create IPUIPlugin
2026-04-15 14:16:23,158 [INFO] PluginManager:220 - loadIPPluginJar : add tracer_emb
2026-04-15 14:16:23,163 [INFO] IPUIPlugin:80 - create IPUIPlugin
2026-04-15 14:16:23,164 [INFO] PluginManager:220 - loadIPPluginJar : add ts
2026-04-15 14:16:23,168 [INFO] IPUIPlugin:80 - create IPUIPlugin
2026-04-15 14:16:23,169 [INFO] PluginManager:220 - loadIPPluginJar : add tsc
2026-04-15 14:16:23,175 [INFO] IPUIPlugin:80 - create IPUIPlugin
2026-04-15 14:16:23,175 [INFO] PluginManager:220 - loadIPPluginJar : add ucpd
2026-04-15 14:16:23,181 [INFO] IPUIPlugin:80 - create IPUIPlugin
2026-04-15 14:16:23,182 [INFO] PluginManager:220 - loadIPPluginJar : add usart
2026-04-15 14:16:23,191 [INFO] IPUIPlugin:80 - create IPUIPlugin
2026-04-15 14:16:23,192 [INFO] PluginManager:220 - loadIPPluginJar : add usbx
2026-04-15 14:16:23,411 [FATAL] Updater:351 - Updater called before beeing initialized
2026-04-15 14:16:23,466 [INFO] RulesReader:64 - Compatibility file has been processed (301 Rules)
2026-04-15 14:16:23,487 [INFO] RulesReader:64 - Compatibility file has been processed (301 Rules)
2026-04-15 14:16:23,501 [INFO] CADModel:165 - CPN selected for project level
2026-04-15 14:16:23,502 [INFO] CADModel:114 - Register for checkConnection events
2026-04-15 14:16:23,502 [FATAL] Updater:351 - Updater called before beeing initialized
2026-04-15 14:16:23,502 [ERROR] CADModel:125 - Updater not yet initialized, retry later 
2026-04-15 14:16:23,917 [FATAL] Updater:351 - Updater called before beeing initialized
2026-04-15 14:16:23,922 [INFO] CADModel:165 - CPN selected for project level
2026-04-15 14:16:23,923 [INFO] CADModel:114 - Register for checkConnection events
2026-04-15 14:16:23,923 [FATAL] Updater:351 - Updater called before beeing initialized
2026-04-15 14:16:23,923 [ERROR] CADModel:125 - Updater not yet initialized, retry later 
2026-04-15 14:16:23,927 [FATAL] Updater:351 - Updater called before beeing initialized
2026-04-15 14:16:24,158 [FATAL] Updater:351 - Updater called before beeing initialized
2026-04-15 14:16:24,165 [INFO] DbMcusAds:53 - JSON generation date=Tue Apr 07 13:03:18 IST 2026 (1775547198605)
2026-04-15 14:16:24,165 [FATAL] Updater:351 - Updater called before beeing initialized
2026-04-15 14:16:24,238 [WARN] DetailPanel:346 - Failed to get advertising image, set to default
2026-04-15 14:16:24,557 [FATAL] Updater:351 - Updater called before beeing initialized
2026-04-15 14:16:24,559 [FATAL] Updater:351 - Updater called before beeing initialized
2026-04-15 14:16:24,560 [FATAL] Updater:351 - Updater called before beeing initialized
2026-04-15 14:16:24,560 [WARN] DetailPanel:346 - Failed to get advertising image, set to default
2026-04-15 14:16:24,561 [FATAL] Updater:351 - Updater called before beeing initialized
2026-04-15 14:16:24,657 [ERROR] Updater:1198 - MainUpdater not yet initialized. External WinMGr cannot be set.
2026-04-15 14:16:24,660 [INFO] ThirdPartyUpdaterWithRetryManager:70 - Updater plugin not ready yet. [2/15]
2026-04-15 14:16:24,662 [INFO] Updater:1134 - Updater Version found : 6.14.0
2026-04-15 14:16:24,703 [INFO] ApplicationProperties:184 - Using Application install path: C:\ST\STM32CubeIDE_1.18.0\STM32CubeIDE\plugins\com.st.stm32cube.common.mx_6.14.0.202502271554
2026-04-15 14:16:26,297 [ERROR] LogOutputStream:75 - [STDERR_REDIRECT] Apr 15, 2026 2:16:26 PM java.util.prefs.WindowsPreferences <init>
2026-04-15 14:16:26,300 [ERROR] LogOutputStream:75 - [STDERR_REDIRECT] WARNING: Could not open/create prefs root node Software\JavaSoft\Prefs at root 0xffffffff80000002. Windows RegCreateKeyEx(...) returned error code 5.
2026-04-15 14:16:26,300 [ERROR] LogOutputStream:75 - [STDERR_REDIRECT] 
2026-04-15 14:16:26,835 [INFO] MainUpdater:2872 - connection check result : 10
2026-04-15 14:16:26,836 [INFO] MainUpdater:289 - Updater Check For Update Now.
2026-04-15 14:16:26,836 [INFO] MicroXplorer:498 - Change Database Version : DB.6.0.140
2026-04-15 14:16:26,849 [INFO] McuFinderGlobals:63 - Set McuFinder mode to 2 (CubeIDE integrated)
2026-04-15 14:16:26,849 [INFO] UserAuth:171 - activating auth plugin
2026-04-15 14:16:26,855 [INFO] UserAuth:486 - Internet connection configuration mode: 1
2026-04-15 14:16:26,907 [INFO] JxBrowserEngine:152 - Initiate JxBrowser Engine with user profile folder
2026-04-15 14:16:27,090 [INFO] CheckServerUpdateThread:120 - End of CheckServer Thread
2026-04-15 14:16:28,878 [WARN] PackLoader:240 - Cannot read IP mode file for STMicroelectronics.X-CUBE-AZRTOS-H7.3.5.0
2026-04-15 14:16:28,905 [WARN] PackLoader:240 - Cannot read IP mode file for STMicroelectronics.FP-ATR-ASTRA1.2.0.2
2026-04-15 14:16:28,928 [WARN] PackLoader:240 - Cannot read IP mode file for STMicroelectronics.X-CUBE-SMBUS.2.1.0
2026-04-15 14:16:28,980 [WARN] PackLoader:240 - Cannot read IP mode file for STMicroelectronics.X-CUBE-AZRTOS-F7.1.1.0
2026-04-15 14:16:29,001 [ERROR] Engine:466 - C:\Users\hp\.stm32cubemx\thirdparties\pdsc\STMicroelectronics.FP-SNS-MOTENV1.5.1.0.pdsc: PDSC version is not supported
2026-04-15 14:16:29,016 [ERROR] Engine:466 - C:\Users\hp\.stm32cubemx\thirdparties\pdsc\WES.I-CUBE-Cesium.1.4.0.pdsc: PDSC version is not supported
2026-04-15 14:16:29,036 [WARN] PackLoader:240 - Cannot read IP mode file for STMicroelectronics.X-CUBE-DISPLAY.3.0.0
2026-04-15 14:16:29,051 [ERROR] Engine:466 - C:\Users\hp\.stm32cubemx\thirdparties\pdsc\STMicroelectronics.FP-SNS-MOTENVWB1.1.5.0.pdsc: PDSC version is not supported
2026-04-15 14:16:29,075 [WARN] PackLoader:240 - Cannot read IP mode file for STMicroelectronics.X-CUBE-NFC10.1.0.0
2026-04-15 14:16:29,101 [WARN] PackLoader:240 - Cannot read IP mode file for STMicroelectronics.X-CUBE-ST60.1.1.0
2026-04-15 14:16:29,118 [WARN] PackLoader:240 - Cannot read IP mode file for emotas.I-CUBE-CANOPEN.1.3.0
2026-04-15 14:16:29,134 [WARN] PackLoader:240 - Cannot read IP mode file for STMicroelectronics.X-CUBE-GNSS1.7.1.0
2026-04-15 14:16:29,146 [ERROR] Engine:466 - C:\Users\hp\.stm32cubemx\thirdparties\pdsc\STMicroelectronics.FP-SNS-STBOX1.2.1.0.pdsc: PDSC version is not supported
2026-04-15 14:16:29,158 [WARN] PackLoader:240 - Cannot read IP mode file for STMicroelectronics.FP-SNS-SMARTAG2.1.2.0
2026-04-15 14:16:29,170 [WARN] PackLoader:240 - Cannot read IP mode file for STMicroelectronics.FP-SNS-FLIGHT1.5.1.0
2026-04-15 14:16:29,170 [INFO] WebApp:169 - Instantiating new browser for Auth
2026-04-15 14:16:29,194 [INFO] LogOutputStream:77 - [STDOUT_REDIRECT] 1 : Invalid condition id : UX_CORESTACK_Condition cause : null
2026-04-15 14:16:29,195 [INFO] LogOutputStream:77 - [STDOUT_REDIRECT] 1 : Invalid condition id : UX_CORESTACK_Condition cause : null
2026-04-15 14:16:29,198 [INFO] LogOutputStream:77 - [STDOUT_REDIRECT] 1 : Invalid condition id : UX_CORESTACK_Condition cause : null
2026-04-15 14:16:29,199 [INFO] LogOutputStream:77 - [STDOUT_REDIRECT] 1 : Invalid condition id : UX_CORESTACK_Condition cause : null
2026-04-15 14:16:29,202 [INFO] LogOutputStream:77 - [STDOUT_REDIRECT] 1 : Invalid condition id : UX_CORESTACK_Condition cause : null
2026-04-15 14:16:29,211 [WARN] PackLoader:240 - Cannot read IP mode file for STMicroelectronics.X-CUBE-AZRTOS-WL.2.0.0
2026-04-15 14:16:29,275 [WARN] PackLoader:240 - Cannot read IP mode file for STMicroelectronics.X-CUBE-AZRTOS-H7RS.1.2.0
2026-04-15 14:16:29,305 [WARN] PackLoader:240 - Cannot read IP mode file for STMicroelectronics.X-CUBE-BLE2.3.3.0
2026-04-15 14:16:29,414 [WARN] PackLoader:240 - Cannot read IP mode file for Infineon.AIROC-Wi-Fi-Bluetooth-STM32.1.8.0
2026-04-15 14:16:29,440 [WARN] PackLoader:240 - Cannot read IP mode file for STMicroelectronics.X-CUBE-NFC9.1.0.0
2026-04-15 14:16:29,460 [WARN] PackLoader:240 - Cannot read IP mode file for STMicroelectronics.X-CUBE-BLE1.7.1.0
2026-04-15 14:16:29,480 [WARN] PackLoader:240 - Cannot read IP mode file for wolfSSL.I-CUBE-wolfMQTT.1.19.2
2026-04-15 14:16:29,497 [WARN] PackLoader:240 - Cannot read IP mode file for STMicroelectronics.X-CUBE-EEPRMA1.5.2.0
2026-04-15 14:16:29,513 [WARN] PackLoader:240 - Cannot read IP mode file for wolfSSL.I-CUBE-wolfSSL.5.8.4
2026-04-15 14:16:29,625 [WARN] PackLoader:240 - Cannot read IP mode file for STMicroelectronics.X-CUBE-MEMS1.12.0.0
2026-04-15 14:16:29,809 [WARN] PackLoader:240 - Cannot read IP mode file for STMicroelectronics.X-CUBE-AZRTOS-G0.1.1.0
2026-04-15 14:16:29,825 [WARN] PackLoader:240 - Cannot read IP mode file for STMicroelectronics.X-CUBE-NFC4.3.0.0
2026-04-15 14:16:29,852 [WARN] PackLoader:240 - Cannot read IP mode file for EmbeddedOffice.I-CUBE-FS-RTOS.1.0.1
2026-04-15 14:16:29,863 [WARN] PackLoader:240 - Cannot read IP mode file for wolfSSL.I-CUBE-wolfTPM.3.8.0
2026-04-15 14:16:29,879 [WARN] PackLoader:240 - Cannot read IP mode file for STMicroelectronics.X-CUBE-TCPP.4.2.0
2026-04-15 14:16:29,898 [WARN] PackLoader:240 - Cannot read IP mode file for RealThread.X-CUBE-RT-Thread_Nano.4.1.1
2026-04-15 14:16:29,911 [WARN] PackLoader:240 - Cannot read IP mode file for STMicroelectronics.FP-ATR-SIGFOX1.3.2.0
2026-04-15 14:16:29,918 [ERROR] Engine:466 - C:\Users\hp\.stm32cubemx\thirdparties\pdsc\STMicroelectronics.X-CUBE-FREERTOS.1.5.0.pdsc: PDSC version is not supported
2026-04-15 14:16:29,936 [WARN] PackLoader:240 - Cannot read IP mode file for ITTIA_DB.I-CUBE-ITTIADB.8.9.0
2026-04-15 14:16:29,949 [WARN] PackLoader:240 - Cannot read IP mode file for Cesanta.I-CUBE-Mongoose.7.21.0
2026-04-15 14:16:29,964 [WARN] PackLoader:240 - Cannot read IP mode file for STMicroelectronics.X-CUBE-NFC6.3.2.0
2026-04-15 14:16:29,979 [WARN] PackLoader:240 - Cannot read IP mode file for STMicroelectronics.X-CUBE-AI.10.2.0
2026-04-15 14:16:30,040 [WARN] PackLoader:240 - Cannot read IP mode file for SEGGER.I-CUBE-embOS.1.3.1
2026-04-15 14:16:30,139 [WARN] PackLoader:240 - Cannot read IP mode file for STMicroelectronics.X-CUBE-ALGOBUILD.1.4.0
2026-04-15 14:16:30,155 [WARN] PackLoader:240 - Cannot read IP mode file for STMicroelectronics.X-CUBE-PM33A1.1.0.0
2026-04-15 14:16:30,232 [WARN] PackLoader:240 - Cannot read IP mode file for STMicroelectronics.X-CUBE-AZRTOS-F4.1.1.0
2026-04-15 14:16:30,253 [WARN] PackLoader:240 - Cannot read IP mode file for STMicroelectronics.X-CUBE-ISPU.2.1.0
2026-04-15 14:16:30,266 [ERROR] Engine:466 - C:\Users\hp\.stm32cubemx\thirdparties\pdsc\STMicroelectronics.X-CUBE-IPS.3.2.0.pdsc: PDSC version is not supported
2026-04-15 14:16:30,274 [WARN] PackLoader:240 - Cannot read IP mode file for STMicroelectronics.eDS-WB_DPC_TT-BIDIR.2.1.1
2026-04-15 14:16:30,287 [WARN] PackLoader:240 - Cannot read IP mode file for STMicroelectronics.X-CUBE-NFC12.1.0.0
2026-04-15 14:16:30,316 [WARN] PackLoader:240 - Cannot read IP mode file for STMicroelectronics.X-CUBE-AZRTOS-L5.2.0.0
2026-04-15 14:16:30,330 [WARN] PackLoader:240 - Cannot read IP mode file for STMicroelectronics.eDS-WB_DPC_VIENNA.1.2.0
2026-04-15 14:16:30,343 [WARN] PackLoader:240 - Cannot read IP mode file for STMicroelectronics.eDS-WB_DPC_3PH2L-BIDIR.1.1.1
2026-04-15 14:16:30,357 [WARN] PackLoader:240 - Cannot read IP mode file for STMicroelectronics.X-CUBE-TOUCHGFX.4.26.1
2026-04-15 14:16:30,369 [WARN] PackLoader:240 - Cannot read IP mode file for STMicroelectronics.FP-SNS-STAIOTCFT.1.0.0
2026-04-15 14:16:30,384 [WARN] PackLoader:240 - Cannot read IP mode file for STMicroelectronics.X-CUBE-DPower.1.3.0
2026-04-15 14:16:30,417 [WARN] ConditionMgr:438 - getConditionDescription Invalid condition id : LAN8742 Phy interface Condition cause : null
2026-04-15 14:16:30,417 [WARN] PackLoader:240 - Cannot read IP mode file for STMicroelectronics.X-CUBE-AZRTOS-L4.2.0.0
2026-04-15 14:16:30,420 [WARN] ConditionMgr:1044 - genDependencies : Invalid condition id : LAN8742 Phy interface Condition cause : null
2026-04-15 14:16:30,421 [WARN] ConditionMgr:1044 - genDependencies : Invalid condition id : LAN8742 Phy interface Condition cause : null
2026-04-15 14:16:30,421 [WARN] ConditionMgr:1044 - genDependencies : Invalid condition id : LAN8742 Phy interface Condition cause : null
2026-04-15 14:16:30,439 [WARN] PackLoader:240 - Cannot read IP mode file for STMicroelectronics.X-CUBE-SFXS2LP1.4.0.0
2026-04-15 14:16:30,458 [WARN] PackLoader:240 - Cannot read IP mode file for STMicroelectronics.X-CUBE-WB05N.2.1.0
2026-04-15 14:16:30,465 [ERROR] Engine:466 - C:\Users\hp\.stm32cubemx\thirdparties\pdsc\STMicroelectronics.X-CUBE-ST67W61.1.2.0.pdsc: PDSC version is not supported
2026-04-15 14:16:30,488 [WARN] PackLoader:240 - Cannot read IP mode file for STMicroelectronics.X-CUBE-BLEMGR.4.1.0
2026-04-15 14:16:30,526 [WARN] ConditionMgr:438 - getConditionDescription Invalid condition id : UX DEVICE CLASS RTOS Condition cause : null
2026-04-15 14:16:30,526 [WARN] ConditionMgr:438 - getConditionDescription Invalid condition id : UX DEVICE CLASS RTOS Condition cause : null
2026-04-15 14:16:30,530 [WARN] PackLoader:240 - Cannot read IP mode file for STMicroelectronics.X-CUBE-AZRTOS-WB.2.0.0
2026-04-15 14:16:30,531 [WARN] ConditionMgr:1044 - genDependencies : Invalid condition id : UX DEVICE CLASS RTOS Condition cause : null
2026-04-15 14:16:30,532 [WARN] ConditionMgr:1044 - genDependencies : Invalid condition id : UX DEVICE CLASS RTOS Condition cause : null
2026-04-15 14:16:30,533 [WARN] ConditionMgr:1044 - genDependencies : Invalid condition id : UX DEVICE CLASS RTOS Condition cause : null
2026-04-15 14:16:30,533 [WARN] ConditionMgr:1044 - genDependencies : Invalid condition id : UX DEVICE CLASS RTOS Condition cause : null
2026-04-15 14:16:30,534 [WARN] ConditionMgr:1044 - genDependencies : Invalid condition id : UX DEVICE CLASS RTOS Condition cause : null
2026-04-15 14:16:30,549 [WARN] ConditionMgr:438 - getConditionDescription Invalid condition id : Cortex-A Device cause : null
2026-04-15 14:16:30,578 [WARN] ConditionMgr:1044 - genDependencies : Invalid condition id : Cortex-A Device cause : null
2026-04-15 14:16:30,578 [WARN] ConditionMgr:1044 - genDependencies : Invalid condition id : Cortex-A Device cause : null
2026-04-15 14:16:30,579 [WARN] ConditionMgr:1044 - genDependencies : Invalid condition id : Cortex-A Device cause : null
2026-04-15 14:16:30,597 [WARN] PackLoader:240 - Cannot read IP mode file for STMicroelectronics.X-CUBE-STSE01.2.0.0
2026-04-15 14:16:30,619 [WARN] PackLoader:240 - Cannot read IP mode file for STMicroelectronics.X-CUBE-SUBG2.5.0.0
2026-04-15 14:16:30,651 [WARN] PackLoader:240 - Cannot read IP mode file for STMicroelectronics.X-CUBE-AZRTOS-G4.2.0.0
2026-04-15 14:16:30,663 [WARN] PackLoader:240 - Cannot read IP mode file for wolfSSL.I-CUBE-wolfSSH.1.4.20
2026-04-15 14:16:30,679 [WARN] PackLoader:240 - Cannot read IP mode file for STMicroelectronics.X-CUBE-NFC7.2.0.0
2026-04-15 14:16:30,690 [WARN] PackLoader:240 - Cannot read IP mode file for STMicroelectronics.X-CUBE-ALS.1.0.2
2026-04-15 14:16:30,713 [WARN] PackLoader:240 - Cannot read IP mode file for STMicroelectronics.X-CUBE-TOF1.3.4.3
2026-04-15 14:16:30,739 [INFO] ThirdParty:978 - Integrity check success = true
2026-04-15 14:16:30,739 [INFO] IntegrityCheckThread:100 - exiting critical section [integrity check]
2026-04-15 14:16:30,739 [INFO] IntegrityCheckThread:103 - End integrity checks thread
2026-04-15 14:16:32,055 [INFO] WebApp:463 - Apply proxy settings
2026-04-15 14:16:32,056 [INFO] WebApp:548 - Chromium requires no authentication
2026-04-15 14:16:32,084 [INFO] WebApp:491 - Direct internet connection detected
2026-04-15 14:16:32,149 [INFO] WebApp:894 - Register for checkConnection events
2026-04-15 14:16:32,149 [INFO] WebApp:463 - Apply proxy settings
2026-04-15 14:16:32,149 [INFO] WebApp:548 - Chromium requires no authentication
2026-04-15 14:16:32,150 [INFO] WebApp:491 - Direct internet connection detected
2026-04-15 14:16:32,597 [INFO] WebApp:191 - Connection restablished
2026-04-15 14:16:32,795 [INFO] WebApp:225 - Starting web application
2026-04-15 14:16:32,796 [INFO] WebApp:593 - Web application path used C:\ST\STM32CubeIDE_1.18.0\STM32CubeIDE\plugins\com.st.stm32cube.common.mx_6.14.0.202502271554\db\plugins\mcufinder\reactClient1\index.html
2026-04-15 18:02:56,173 [INFO] WebApp:194 - Connection lost
2026-04-15 18:02:59,461 [INFO] WebApp:191 - Connection restablished
