2026-05-21 23:29:03,604 [ERROR] ConfigurationRetriever:142 - IOException on connection: sw-center.st.com
2026-05-21 23:29:03,791 [ERROR] ConfigurationRetriever:142 - IOException on connection: sw-center.st.com
2026-05-21 23:29:03,794 [ERROR] ConfigurationRetriever:142 - IOException on connection: sw-center.st.com
2026-05-21 23:48:32,860 [INFO] Activator:176 - 


2026-05-21 23:48:32,892 [INFO] Activator:177 - !SESSION log4j initialized
2026-05-21 23:48:48,359 [INFO] LogOutputStream:77 - [STDOUT_REDIRECT] 
2026-05-21 23:48:51,901 [INFO] ApplicationProperties:184 - Using Application install path: C:\ST\STM32CubeIDE_1.18.0\STM32CubeIDE\plugins\com.st.stm32cube.common.mx_6.14.0.202502271554
2026-05-21 23:48:51,958 [INFO] DbMcusXml:78 - Set database path to: C:\ST\STM32CubeIDE_1.18.0\STM32CubeIDE\plugins\com.st.stm32cube.common.mx_6.14.0.202502271554\\db\/mcu/
2026-05-21 23:48:51,959 [INFO] ApiDb:274 - Set plugin database path to: C:\ST\STM32CubeIDE_1.18.0\STM32CubeIDE\plugins\com.st.stm32cube.common.mx_6.14.0.202502271554\\db\/plugins/boardmanager/
2026-05-21 23:48:51,959 [WARN] ApiDb:259 - Overriding images path with different value:  => C:\ST\STM32CubeIDE_1.18.0\STM32CubeIDE\plugins\com.st.stm32cube.common.mx_6.14.0.202502271554\\db\/plugins/mcufinder/images/
2026-05-21 23:48:51,987 [INFO] ApiDb:250 - Set database path to: C:\Users\hp\.stmcufinder\plugins\mcufinder//mcu/
2026-05-21 23:48:51,990 [INFO] DbMcusAds:125 - Set database path to: C:\Users\hp\.stmcufinder\plugins\mcufinder//mcu/
2026-05-21 23:48:51,997 [INFO] CrossReferenceDbSqlite:203 - Set database path to: C:\Users\hp\.stmcufinder\plugins\mcufinder//mcu/cs/
2026-05-21 23:48:52,321 [INFO] RulesReader:64 - Compatibility file has been processed (301 Rules)
2026-05-21 23:48:52,720 [INFO] DbMcusXml:78 - Set database path to: C:\ST\STM32CubeIDE_1.18.0\STM32CubeIDE\plugins\com.st.stm32cube.common.mx_6.14.0.202502271554\\db\/mcu/
2026-05-21 23:48:52,721 [INFO] ApiDb:274 - Set plugin database path to: C:\ST\STM32CubeIDE_1.18.0\STM32CubeIDE\plugins\com.st.stm32cube.common.mx_6.14.0.202502271554\\db\/plugins/boardmanager/
2026-05-21 23:48:52,722 [INFO] ApiDb:261 - Set plugin images path to: C:\ST\STM32CubeIDE_1.18.0\STM32CubeIDE\plugins\com.st.stm32cube.common.mx_6.14.0.202502271554\\db\/plugins/mcufinder/images/
2026-05-21 23:48:52,723 [WARN] DbFile:41 - Overriding database path with different value: C:\Users\hp\.stmcufinder\plugins\mcufinder/ => C:\Users\hp\.stmcufinder\plugins\mcufinder
2026-05-21 23:48:52,725 [INFO] ApiDb:250 - Set database path to: C:\Users\hp\.stmcufinder\plugins\mcufinder//mcu/
2026-05-21 23:48:52,725 [WARN] DbFile:41 - Overriding database path with different value: C:\Users\hp\.stmcufinder\plugins\mcufinder/ => C:\Users\hp\.stmcufinder\plugins\mcufinder
2026-05-21 23:48:52,726 [INFO] DbMcusAds:125 - Set database path to: C:\Users\hp\.stmcufinder\plugins\mcufinder//mcu/
2026-05-21 23:48:52,727 [WARN] DbFile:41 - Overriding database path with different value: C:\Users\hp\.stmcufinder\plugins\mcufinder/ => C:\Users\hp\.stmcufinder\plugins\mcufinder
2026-05-21 23:48:52,728 [WARN] DbFile:41 - Overriding database path with different value: C:\Users\hp\.stmcufinder\plugins\mcufinder/ => C:\Users\hp\.stmcufinder\plugins\mcufinder
2026-05-21 23:48:52,728 [INFO] CrossReferenceDbSqlite:203 - Set database path to: C:\Users\hp\.stmcufinder\plugins\mcufinder//mcu/cs/
2026-05-21 23:48:52,956 [INFO] MainPanel:272 - HeapMemory: 268435456
2026-05-21 23:48:53,261 [INFO] DbMcusXml:78 - Set database path to: C:\ST\STM32CubeIDE_1.18.0\STM32CubeIDE\plugins\com.st.stm32cube.common.mx_6.14.0.202502271554\\db\/mcu/
2026-05-21 23:48:53,262 [INFO] ApiDb:274 - Set plugin database path to: C:\ST\STM32CubeIDE_1.18.0\STM32CubeIDE\plugins\com.st.stm32cube.common.mx_6.14.0.202502271554\\db\/plugins/boardmanager/
2026-05-21 23:48:53,262 [INFO] ApiDb:261 - Set plugin images path to: C:\ST\STM32CubeIDE_1.18.0\STM32CubeIDE\plugins\com.st.stm32cube.common.mx_6.14.0.202502271554\\db\/plugins/mcufinder/images/
2026-05-21 23:48:53,263 [WARN] DbFile:41 - Overriding database path with different value: C:\Users\hp\.stmcufinder\plugins\mcufinder/ => C:\Users\hp\.stmcufinder\plugins\mcufinder
2026-05-21 23:48:53,264 [INFO] ApiDb:250 - Set database path to: C:\Users\hp\.stmcufinder\plugins\mcufinder//mcu/
2026-05-21 23:48:53,264 [WARN] DbFile:41 - Overriding database path with different value: C:\Users\hp\.stmcufinder\plugins\mcufinder/ => C:\Users\hp\.stmcufinder\plugins\mcufinder
2026-05-21 23:48:53,264 [INFO] DbMcusAds:125 - Set database path to: C:\Users\hp\.stmcufinder\plugins\mcufinder//mcu/
2026-05-21 23:48:53,265 [WARN] DbFile:41 - Overriding database path with different value: C:\Users\hp\.stmcufinder\plugins\mcufinder/ => C:\Users\hp\.stmcufinder\plugins\mcufinder
2026-05-21 23:48:53,265 [WARN] DbFile:41 - Overriding database path with different value: C:\Users\hp\.stmcufinder\plugins\mcufinder/ => C:\Users\hp\.stmcufinder\plugins\mcufinder
2026-05-21 23:48:53,265 [INFO] CrossReferenceDbSqlite:203 - Set database path to: C:\Users\hp\.stmcufinder\plugins\mcufinder//mcu/cs/
2026-05-21 23:48:53,326 [INFO] ApplicationProperties:184 - Using Application install path: C:\ST\STM32CubeIDE_1.18.0\STM32CubeIDE\plugins\com.st.stm32cube.common.mx_6.14.0.202502271554
2026-05-21 23:48:53,330 [INFO] PluginManage:196 - Search for loadable plugins [exclusion list=, ]
2026-05-21 23:48:53,336 [INFO] PluginManage:310 - Check plugin analytics
2026-05-21 23:48:53,909 [INFO] AnalyticsPlugin:253 - Accepted Software Licenses: 
2026-05-21 23:48:53,910 [INFO] AnalyticsPlugin:255 - Accepted CMSIS Pack Licenses: 
2026-05-21 23:48:53,912 [INFO] AnalyticsPlugin:257 - Accepted Firmware Licenses: FW.F4.1.28.0,FW.L4.1.18.0
2026-05-21 23:48:53,924 [INFO] PluginManage:359 - Loaded plugin analytics (category:tool,tabindex:-1)
2026-05-21 23:48:53,926 [INFO] PluginManage:310 - Check plugin cadmodel
2026-05-21 23:48:53,945 [INFO] CADModel:105 - Init CAD model plugin
2026-05-21 23:48:53,946 [INFO] PluginManage:359 - Loaded plugin cadmodel (category:power,tabindex:5)
2026-05-21 23:48:53,947 [INFO] PluginManage:310 - Check plugin clock
2026-05-21 23:48:53,973 [INFO] PluginManage:359 - Loaded plugin clock (category:base,tabindex:2)
2026-05-21 23:48:53,973 [INFO] PluginManage:310 - Check plugin ddr
2026-05-21 23:48:53,981 [INFO] PluginManage:359 - Loaded plugin ddr (category:tool,tabindex:6)
2026-05-21 23:48:53,982 [INFO] PluginManage:310 - Check plugin filemanager
2026-05-21 23:48:54,333 [INFO] PluginManage:359 - Loaded plugin filemanager (category:base,tabindex:10)
2026-05-21 23:48:54,334 [INFO] PluginManage:310 - Check plugin ipmanager
2026-05-21 23:48:54,358 [INFO] PluginManage:359 - Loaded plugin ipmanager (category:base,tabindex:5)
2026-05-21 23:48:54,358 [INFO] PluginManage:310 - Check plugin lpbam
2026-05-21 23:48:54,384 [INFO] PluginManage:359 - Loaded plugin lpbam (category:base,tabindex:0)
2026-05-21 23:48:54,385 [INFO] PluginManage:310 - Check plugin memorymap
2026-05-21 23:48:54,421 [INFO] PluginManage:359 - Loaded plugin memorymap (category:base,tabindex:4)
2026-05-21 23:48:54,421 [INFO] PluginManage:310 - Check plugin pinoutandconfiguration
2026-05-21 23:48:54,446 [INFO] PluginManage:359 - Loaded plugin pinoutandconfiguration (category:base,tabindex:1)
2026-05-21 23:48:54,446 [INFO] PluginManage:310 - Check plugin pinoutconfig
2026-05-21 23:48:54,680 [WARN] SupportedApi:132 - Cannot load RTOS API schema: s4s-elt-must-match.1: The content of 'definitions' must match (annotation?, (simpleType | complexType)?, (unique | key | keyref)*)). A problem was found starting at: attribute.
2026-05-21 23:48:55,082 [INFO] PluginManage:359 - Loaded plugin pinoutconfig (category:base,tabindex:0)
2026-05-21 23:48:55,083 [INFO] PluginManage:310 - Check plugin power
2026-05-21 23:48:55,115 [INFO] PluginManage:359 - Loaded plugin power (category:power,tabindex:4)
2026-05-21 23:48:55,116 [INFO] PluginManage:310 - Check plugin projectmanager
2026-05-21 23:48:55,179 [INFO] PluginManage:359 - Loaded plugin projectmanager (category:projectmanager,tabindex:4)
2026-05-21 23:48:55,181 [INFO] PluginManage:310 - Check plugin rif
2026-05-21 23:48:55,204 [INFO] PluginManage:359 - Loaded plugin rif (category:base,tabindex:3)
2026-05-21 23:48:55,205 [INFO] PluginManage:310 - Check plugin thirdparty
2026-05-21 23:48:55,769 [INFO] PluginManage:359 - Loaded plugin thirdparty (category:base,tabindex:-1)
2026-05-21 23:48:55,770 [INFO] PluginManage:310 - Check plugin tools
2026-05-21 23:48:55,769 [WARN] IntegrityCheckThread:84 - waiting for thirdparty lock release [integrity check]
2026-05-21 23:48:55,771 [INFO] IntegrityCheckThread:86 - entering critical section [integrity check]
2026-05-21 23:48:55,773 [INFO] ThirdPartyUpdaterWithRetryManager:70 - Updater plugin not ready yet. [1/15]
2026-05-21 23:48:55,781 [INFO] PluginManage:359 - Loaded plugin tools (category:base,tabindex:7)
2026-05-21 23:48:55,782 [INFO] PluginManage:310 - Check plugin tutovideos
2026-05-21 23:48:56,241 [INFO] PluginManage:359 - Loaded plugin tutovideos (category:base,tabindex:-1)
2026-05-21 23:48:56,242 [INFO] PluginManage:310 - Check plugin updater
2026-05-21 23:48:56,293 [INFO] PluginManage:359 - Loaded plugin updater (category:base,tabindex:12)
2026-05-21 23:48:56,293 [INFO] PluginManage:310 - Check plugin userauth
2026-05-21 23:48:56,304 [INFO] UserAuth:118 - Init User Auth plugin
2026-05-21 23:48:56,306 [INFO] PluginManage:359 - Loaded plugin userauth (category:base,tabindex:14)
2026-05-21 23:48:56,307 [INFO] PluginManage:283 - PluginManage : Loaded plugins [18]
2026-05-21 23:48:56,885 [INFO] PinOutPanel:1589 - setPackage(No Configuration,No Configuration)
2026-05-21 23:48:57,119 [INFO] CADModel:165 - CPN selected for project level
2026-05-21 23:48:57,120 [INFO] CADModel:114 - Register for checkConnection events
2026-05-21 23:48:57,174 [INFO] IPUIPlugin:80 - create IPUIPlugin
2026-05-21 23:48:57,175 [INFO] PluginManager:220 - loadIPPluginJar : add adc
2026-05-21 23:48:57,183 [INFO] IPUIPlugin:80 - create IPUIPlugin
2026-05-21 23:48:57,184 [INFO] PluginManager:220 - loadIPPluginJar : add aes
2026-05-21 23:48:57,196 [INFO] IPUIPlugin:80 - create IPUIPlugin
2026-05-21 23:48:57,197 [INFO] PluginManager:220 - loadIPPluginJar : add can
2026-05-21 23:48:57,203 [INFO] IPUIPlugin:80 - create IPUIPlugin
2026-05-21 23:48:57,204 [INFO] PluginManager:220 - loadIPPluginJar : add comp
2026-05-21 23:48:57,213 [INFO] IPUIPlugin:80 - create IPUIPlugin
2026-05-21 23:48:57,213 [INFO] PluginManager:220 - loadIPPluginJar : add cryp
2026-05-21 23:48:57,225 [INFO] IPUIPlugin:80 - create IPUIPlugin
2026-05-21 23:48:57,226 [INFO] PluginManager:220 - loadIPPluginJar : add ddr_ctrl_phy
2026-05-21 23:48:57,234 [INFO] IPUIPlugin:80 - create IPUIPlugin
2026-05-21 23:48:57,235 [INFO] PluginManager:220 - loadIPPluginJar : add dfsdm
2026-05-21 23:48:57,250 [INFO] IPUIPlugin:80 - create IPUIPlugin
2026-05-21 23:48:57,252 [INFO] PluginManager:220 - loadIPPluginJar : add dma
2026-05-21 23:48:57,263 [INFO] IPUIPlugin:80 - create IPUIPlugin
2026-05-21 23:48:57,263 [INFO] PluginManager:220 - loadIPPluginJar : add dma3
2026-05-21 23:48:57,273 [INFO] IPUIPlugin:80 - create IPUIPlugin
2026-05-21 23:48:57,274 [INFO] PluginManager:220 - loadIPPluginJar : add extmemmanager
2026-05-21 23:48:57,279 [INFO] IPUIPlugin:80 - create IPUIPlugin
2026-05-21 23:48:57,279 [INFO] PluginManager:220 - loadIPPluginJar : add fatfs
2026-05-21 23:48:57,321 [INFO] IPUIPlugin:80 - create IPUIPlugin
2026-05-21 23:48:57,322 [INFO] PluginManager:220 - loadIPPluginJar : add fmc
2026-05-21 23:48:57,338 [INFO] IPUIPlugin:80 - create IPUIPlugin
2026-05-21 23:48:57,339 [INFO] PluginManager:220 - loadIPPluginJar : add freertos
2026-05-21 23:48:57,344 [INFO] IPUIPlugin:80 - create IPUIPlugin
2026-05-21 23:48:57,344 [INFO] PluginManager:220 - loadIPPluginJar : add genericplugin
2026-05-21 23:48:57,351 [INFO] IPUIPlugin:80 - create IPUIPlugin
2026-05-21 23:48:57,351 [INFO] PluginManager:220 - loadIPPluginJar : add gfxmmu
2026-05-21 23:48:57,367 [INFO] IPUIPlugin:80 - create IPUIPlugin
2026-05-21 23:48:57,367 [INFO] PluginManager:220 - loadIPPluginJar : add gic
2026-05-21 23:48:57,379 [INFO] IPUIPlugin:80 - create IPUIPlugin
2026-05-21 23:48:57,380 [INFO] PluginManager:220 - loadIPPluginJar : add gpio
2026-05-21 23:48:57,389 [INFO] IPUIPlugin:80 - create IPUIPlugin
2026-05-21 23:48:57,389 [INFO] PluginManager:220 - loadIPPluginJar : add gtzc
2026-05-21 23:48:57,398 [INFO] IPUIPlugin:80 - create IPUIPlugin
2026-05-21 23:48:57,398 [INFO] PluginManager:220 - loadIPPluginJar : add hash
2026-05-21 23:48:57,408 [INFO] IPUIPlugin:80 - create IPUIPlugin
2026-05-21 23:48:57,409 [INFO] PluginManager:220 - loadIPPluginJar : add i2c
2026-05-21 23:48:57,417 [INFO] IPUIPlugin:80 - create IPUIPlugin
2026-05-21 23:48:57,417 [INFO] PluginManager:220 - loadIPPluginJar : add i2s
2026-05-21 23:48:57,428 [INFO] IPUIPlugin:80 - create IPUIPlugin
2026-05-21 23:48:57,428 [INFO] PluginManager:220 - loadIPPluginJar : add i3c
2026-05-21 23:48:57,439 [INFO] IPUIPlugin:80 - create IPUIPlugin
2026-05-21 23:48:57,440 [INFO] PluginManager:220 - loadIPPluginJar : add ipddr
2026-05-21 23:48:57,461 [INFO] IPUIPlugin:80 - create IPUIPlugin
2026-05-21 23:48:57,462 [INFO] PluginManager:220 - loadIPPluginJar : add linkedlist
2026-05-21 23:48:57,474 [INFO] IPUIPlugin:80 - create IPUIPlugin
2026-05-21 23:48:57,476 [INFO] PluginManager:220 - loadIPPluginJar : add lorawan
2026-05-21 23:48:57,481 [INFO] IPUIPlugin:80 - create IPUIPlugin
2026-05-21 23:48:57,482 [INFO] PluginManager:220 - loadIPPluginJar : add ltdc
2026-05-21 23:48:57,501 [INFO] IPUIPlugin:80 - create IPUIPlugin
2026-05-21 23:48:57,501 [INFO] PluginManager:220 - loadIPPluginJar : add mdma
2026-05-21 23:48:57,513 [INFO] IPUIPlugin:80 - create IPUIPlugin
2026-05-21 23:48:57,514 [INFO] PluginManager:220 - loadIPPluginJar : add nvic
2026-05-21 23:48:57,524 [INFO] IPUIPlugin:80 - create IPUIPlugin
2026-05-21 23:48:57,524 [INFO] PluginManager:220 - loadIPPluginJar : add opamp
2026-05-21 23:48:57,534 [INFO] IPUIPlugin:80 - create IPUIPlugin
2026-05-21 23:48:57,535 [INFO] PluginManager:220 - loadIPPluginJar : add openamp
2026-05-21 23:48:57,546 [INFO] IPUIPlugin:80 - create IPUIPlugin
2026-05-21 23:48:57,547 [INFO] PluginManager:220 - loadIPPluginJar : add pdm2pcm
2026-05-21 23:48:57,566 [INFO] IPUIPlugin:80 - create IPUIPlugin
2026-05-21 23:48:57,575 [INFO] PluginManager:220 - loadIPPluginJar : add plateformsettings
2026-05-21 23:48:57,580 [INFO] IPUIPlugin:80 - create IPUIPlugin
2026-05-21 23:48:57,581 [INFO] PluginManager:220 - loadIPPluginJar : add quadspi
2026-05-21 23:48:57,587 [INFO] IPUIPlugin:80 - create IPUIPlugin
2026-05-21 23:48:57,589 [INFO] PluginManager:220 - loadIPPluginJar : add radio
2026-05-21 23:48:57,600 [INFO] IPUIPlugin:80 - create IPUIPlugin
2026-05-21 23:48:57,601 [INFO] PluginManager:220 - loadIPPluginJar : add resmgrutility
2026-05-21 23:48:57,612 [INFO] IPUIPlugin:80 - create IPUIPlugin
2026-05-21 23:48:57,613 [INFO] PluginManager:220 - loadIPPluginJar : add sai
2026-05-21 23:48:57,624 [INFO] IPUIPlugin:80 - create IPUIPlugin
2026-05-21 23:48:57,624 [INFO] PluginManager:220 - loadIPPluginJar : add spi
2026-05-21 23:48:57,644 [INFO] IPUIPlugin:80 - create IPUIPlugin
2026-05-21 23:48:57,645 [INFO] PluginManager:220 - loadIPPluginJar : add stm32_wpan
2026-05-21 23:48:57,653 [INFO] IPUIPlugin:80 - create IPUIPlugin
2026-05-21 23:48:57,653 [INFO] PluginManager:220 - loadIPPluginJar : add tim
2026-05-21 23:48:57,666 [INFO] IPUIPlugin:80 - create IPUIPlugin
2026-05-21 23:48:57,666 [INFO] PluginManager:220 - loadIPPluginJar : add touchsensing
2026-05-21 23:48:57,674 [INFO] IPUIPlugin:80 - create IPUIPlugin
2026-05-21 23:48:57,674 [INFO] PluginManager:220 - loadIPPluginJar : add tracer_emb
2026-05-21 23:48:57,681 [INFO] IPUIPlugin:80 - create IPUIPlugin
2026-05-21 23:48:57,682 [INFO] PluginManager:220 - loadIPPluginJar : add ts
2026-05-21 23:48:57,687 [INFO] IPUIPlugin:80 - create IPUIPlugin
2026-05-21 23:48:57,688 [INFO] PluginManager:220 - loadIPPluginJar : add tsc
2026-05-21 23:48:57,694 [INFO] IPUIPlugin:80 - create IPUIPlugin
2026-05-21 23:48:57,694 [INFO] PluginManager:220 - loadIPPluginJar : add ucpd
2026-05-21 23:48:57,704 [INFO] IPUIPlugin:80 - create IPUIPlugin
2026-05-21 23:48:57,704 [INFO] PluginManager:220 - loadIPPluginJar : add usart
2026-05-21 23:48:57,714 [INFO] IPUIPlugin:80 - create IPUIPlugin
2026-05-21 23:48:57,715 [INFO] PluginManager:220 - loadIPPluginJar : add usbx
2026-05-21 23:48:57,991 [FATAL] Updater:351 - Updater called before beeing initialized
2026-05-21 23:48:58,080 [INFO] RulesReader:64 - Compatibility file has been processed (301 Rules)
2026-05-21 23:48:58,102 [INFO] RulesReader:64 - Compatibility file has been processed (301 Rules)
2026-05-21 23:48:58,127 [INFO] CADModel:165 - CPN selected for project level
2026-05-21 23:48:58,127 [INFO] CADModel:114 - Register for checkConnection events
2026-05-21 23:48:58,128 [FATAL] Updater:351 - Updater called before beeing initialized
2026-05-21 23:48:58,128 [ERROR] CADModel:125 - Updater not yet initialized, retry later 
2026-05-21 23:48:58,558 [FATAL] Updater:351 - Updater called before beeing initialized
2026-05-21 23:48:58,563 [INFO] CADModel:165 - CPN selected for project level
2026-05-21 23:48:58,564 [INFO] CADModel:114 - Register for checkConnection events
2026-05-21 23:48:58,564 [FATAL] Updater:351 - Updater called before beeing initialized
2026-05-21 23:48:58,564 [ERROR] CADModel:125 - Updater not yet initialized, retry later 
2026-05-21 23:48:58,573 [FATAL] Updater:351 - Updater called before beeing initialized
2026-05-21 23:48:58,774 [INFO] ThirdPartyUpdaterWithRetryManager:70 - Updater plugin not ready yet. [2/15]
2026-05-21 23:48:58,844 [FATAL] Updater:351 - Updater called before beeing initialized
2026-05-21 23:48:58,854 [INFO] DbMcusAds:53 - JSON generation date=Mon Apr 27 13:44:29 IST 2026 (1777277669683)
2026-05-21 23:48:58,855 [FATAL] Updater:351 - Updater called before beeing initialized
2026-05-21 23:48:58,936 [WARN] DetailPanel:346 - Failed to get advertising image, set to default
2026-05-21 23:48:59,379 [FATAL] Updater:351 - Updater called before beeing initialized
2026-05-21 23:48:59,384 [FATAL] Updater:351 - Updater called before beeing initialized
2026-05-21 23:48:59,385 [FATAL] Updater:351 - Updater called before beeing initialized
2026-05-21 23:48:59,385 [WARN] DetailPanel:346 - Failed to get advertising image, set to default
2026-05-21 23:48:59,387 [FATAL] Updater:351 - Updater called before beeing initialized
2026-05-21 23:48:59,508 [ERROR] Updater:1198 - MainUpdater not yet initialized. External WinMGr cannot be set.
2026-05-21 23:48:59,516 [INFO] Updater:1134 - Updater Version found : 6.14.0
2026-05-21 23:48:59,566 [INFO] ApplicationProperties:184 - Using Application install path: C:\ST\STM32CubeIDE_1.18.0\STM32CubeIDE\plugins\com.st.stm32cube.common.mx_6.14.0.202502271554
2026-05-21 23:49:01,093 [INFO] MainUpdater:2872 - connection check result : 10
2026-05-21 23:49:01,095 [INFO] MainUpdater:289 - Updater Check For Update Now.
2026-05-21 23:49:01,096 [INFO] MicroXplorer:498 - Change Database Version : DB.6.0.140
2026-05-21 23:49:01,114 [INFO] McuFinderGlobals:63 - Set McuFinder mode to 2 (CubeIDE integrated)
2026-05-21 23:49:01,115 [INFO] UserAuth:171 - activating auth plugin
2026-05-21 23:49:01,133 [INFO] UserAuth:486 - Internet connection configuration mode: 1
2026-05-21 23:49:01,214 [INFO] JxBrowserEngine:152 - Initiate JxBrowser Engine with user profile folder
2026-05-21 23:49:01,459 [INFO] CheckServerUpdateThread:120 - End of CheckServer Thread
2026-05-21 23:49:03,397 [WARN] PackLoader:240 - Cannot read IP mode file for STMicroelectronics.X-CUBE-AZRTOS-H7.3.5.0
2026-05-21 23:49:03,449 [WARN] PackLoader:240 - Cannot read IP mode file for STMicroelectronics.FP-ATR-ASTRA1.2.0.2
2026-05-21 23:49:03,490 [WARN] PackLoader:240 - Cannot read IP mode file for STMicroelectronics.X-CUBE-SMBUS.2.1.0
2026-05-21 23:49:03,566 [WARN] PackLoader:240 - Cannot read IP mode file for STMicroelectronics.X-CUBE-AZRTOS-F7.1.1.0
2026-05-21 23:49:03,608 [ERROR] Engine:466 - C:\Users\hp\.stm32cubemx\thirdparties\pdsc\STMicroelectronics.FP-SNS-MOTENV1.5.1.0.pdsc: PDSC version is not supported
2026-05-21 23:49:03,623 [ERROR] Engine:466 - C:\Users\hp\.stm32cubemx\thirdparties\pdsc\WES.I-CUBE-Cesium.1.4.0.pdsc: PDSC version is not supported
2026-05-21 23:49:03,665 [WARN] PackLoader:240 - Cannot read IP mode file for STMicroelectronics.X-CUBE-DISPLAY.3.0.0
2026-05-21 23:49:03,754 [WARN] PackLoader:240 - Cannot read IP mode file for STMicroelectronics.X-CUBE-GNSS1.7.1.1
2026-05-21 23:49:03,768 [ERROR] Engine:466 - C:\Users\hp\.stm32cubemx\thirdparties\pdsc\STMicroelectronics.FP-SNS-MOTENVWB1.1.5.0.pdsc: PDSC version is not supported
2026-05-21 23:49:03,798 [WARN] PackLoader:240 - Cannot read IP mode file for STMicroelectronics.X-CUBE-NFC10.1.0.0
2026-05-21 23:49:03,824 [WARN] PackLoader:240 - Cannot read IP mode file for STMicroelectronics.X-CUBE-ST60.1.1.0
2026-05-21 23:49:03,850 [WARN] PackLoader:240 - Cannot read IP mode file for emotas.I-CUBE-CANOPEN.1.3.0
2026-05-21 23:49:03,868 [WARN] PackLoader:240 - Cannot read IP mode file for STMicroelectronics.X-CUBE-GNSS1.7.1.0
2026-05-21 23:49:03,886 [ERROR] Engine:466 - C:\Users\hp\.stm32cubemx\thirdparties\pdsc\STMicroelectronics.FP-SNS-STBOX1.2.1.0.pdsc: PDSC version is not supported
2026-05-21 23:49:03,903 [WARN] PackLoader:240 - Cannot read IP mode file for STMicroelectronics.FP-SNS-SMARTAG2.1.2.0
2026-05-21 23:49:03,920 [WARN] PackLoader:240 - Cannot read IP mode file for STMicroelectronics.FP-SNS-FLIGHT1.5.1.0
2026-05-21 23:49:03,955 [INFO] LogOutputStream:77 - [STDOUT_REDIRECT] 1 : Invalid condition id : UX_CORESTACK_Condition cause : null
2026-05-21 23:49:03,958 [INFO] LogOutputStream:77 - [STDOUT_REDIRECT] 1 : Invalid condition id : UX_CORESTACK_Condition cause : null
2026-05-21 23:49:03,964 [INFO] LogOutputStream:77 - [STDOUT_REDIRECT] 1 : Invalid condition id : UX_CORESTACK_Condition cause : null
2026-05-21 23:49:03,970 [INFO] LogOutputStream:77 - [STDOUT_REDIRECT] 1 : Invalid condition id : UX_CORESTACK_Condition cause : null
2026-05-21 23:49:03,976 [INFO] LogOutputStream:77 - [STDOUT_REDIRECT] 1 : Invalid condition id : UX_CORESTACK_Condition cause : null
2026-05-21 23:49:03,989 [WARN] PackLoader:240 - Cannot read IP mode file for STMicroelectronics.X-CUBE-AZRTOS-WL.2.0.0
2026-05-21 23:49:04,064 [WARN] PackLoader:240 - Cannot read IP mode file for STMicroelectronics.X-CUBE-AZRTOS-H7RS.1.2.0
2026-05-21 23:49:04,098 [WARN] PackLoader:240 - Cannot read IP mode file for STMicroelectronics.X-CUBE-BLE2.3.3.0
2026-05-21 23:49:04,227 [WARN] PackLoader:240 - Cannot read IP mode file for Infineon.AIROC-Wi-Fi-Bluetooth-STM32.1.8.0
2026-05-21 23:49:04,240 [INFO] WebApp:169 - Instantiating new browser for Auth
2026-05-21 23:49:04,259 [WARN] PackLoader:240 - Cannot read IP mode file for STMicroelectronics.X-CUBE-NFC9.1.0.0
2026-05-21 23:49:04,279 [WARN] PackLoader:240 - Cannot read IP mode file for STMicroelectronics.X-CUBE-BLE1.7.1.0
2026-05-21 23:49:04,301 [WARN] PackLoader:240 - Cannot read IP mode file for wolfSSL.I-CUBE-wolfMQTT.1.19.2
2026-05-21 23:49:04,318 [WARN] PackLoader:240 - Cannot read IP mode file for STMicroelectronics.X-CUBE-EEPRMA1.5.2.0
2026-05-21 23:49:04,342 [WARN] PackLoader:240 - Cannot read IP mode file for wolfSSL.I-CUBE-wolfSSL.5.8.4
2026-05-21 23:49:04,353 [ERROR] Engine:466 - C:\Users\hp\.stm32cubemx\thirdparties\pdsc\STMicroelectronics.FP-SNS-STAIOTCFT.1.1.0.pdsc: PDSC version is not supported
2026-05-21 23:49:04,461 [WARN] PackLoader:240 - Cannot read IP mode file for STMicroelectronics.X-CUBE-MEMS1.12.0.0
2026-05-21 23:49:04,800 [WARN] PackLoader:240 - Cannot read IP mode file for STMicroelectronics.X-CUBE-AZRTOS-G0.1.1.0
2026-05-21 23:49:04,826 [WARN] PackLoader:240 - Cannot read IP mode file for STMicroelectronics.X-CUBE-NFC4.3.0.0
2026-05-21 23:49:04,868 [WARN] PackLoader:240 - Cannot read IP mode file for EmbeddedOffice.I-CUBE-FS-RTOS.1.0.1
2026-05-21 23:49:04,891 [WARN] PackLoader:240 - Cannot read IP mode file for wolfSSL.I-CUBE-wolfTPM.3.8.0
2026-05-21 23:49:04,914 [WARN] PackLoader:240 - Cannot read IP mode file for STMicroelectronics.X-CUBE-TCPP.4.2.0
2026-05-21 23:49:04,939 [WARN] PackLoader:240 - Cannot read IP mode file for RealThread.X-CUBE-RT-Thread_Nano.4.1.1
2026-05-21 23:49:04,960 [WARN] PackLoader:240 - Cannot read IP mode file for STMicroelectronics.FP-ATR-SIGFOX1.3.2.0
2026-05-21 23:49:04,975 [ERROR] Engine:466 - C:\Users\hp\.stm32cubemx\thirdparties\pdsc\STMicroelectronics.X-CUBE-FREERTOS.1.5.0.pdsc: PDSC version is not supported
2026-05-21 23:49:05,011 [WARN] PackLoader:240 - Cannot read IP mode file for ITTIA_DB.I-CUBE-ITTIADB.8.9.0
2026-05-21 23:49:05,033 [WARN] PackLoader:240 - Cannot read IP mode file for Cesanta.I-CUBE-Mongoose.7.21.0
2026-05-21 23:49:05,061 [WARN] PackLoader:240 - Cannot read IP mode file for STMicroelectronics.X-CUBE-NFC6.3.2.0
2026-05-21 23:49:05,104 [WARN] PackLoader:240 - Cannot read IP mode file for STMicroelectronics.X-CUBE-AI.10.2.0
2026-05-21 23:49:05,279 [WARN] PackLoader:240 - Cannot read IP mode file for STMicroelectronics.X-CUBE-MEMS1.12.1.0
2026-05-21 23:49:05,631 [WARN] PackLoader:240 - Cannot read IP mode file for SEGGER.I-CUBE-embOS.1.3.1
2026-05-21 23:49:05,811 [WARN] PackLoader:240 - Cannot read IP mode file for STMicroelectronics.X-CUBE-ALGOBUILD.1.4.0
2026-05-21 23:49:05,832 [WARN] PackLoader:240 - Cannot read IP mode file for STMicroelectronics.X-CUBE-PM33A1.1.0.0
2026-05-21 23:49:05,877 [WARN] PackLoader:240 - Cannot read IP mode file for STMicroelectronics.X-CUBE-AZRTOS-F4.1.1.0
2026-05-21 23:49:05,896 [WARN] PackLoader:240 - Cannot read IP mode file for STMicroelectronics.X-CUBE-ISPU.2.1.0
2026-05-21 23:49:05,912 [ERROR] Engine:466 - C:\Users\hp\.stm32cubemx\thirdparties\pdsc\STMicroelectronics.X-CUBE-IPS.3.2.0.pdsc: PDSC version is not supported
2026-05-21 23:49:05,925 [WARN] PackLoader:240 - Cannot read IP mode file for STMicroelectronics.eDS-WB_DPC_TT-BIDIR.2.1.1
2026-05-21 23:49:05,945 [WARN] PackLoader:240 - Cannot read IP mode file for STMicroelectronics.X-CUBE-NFC12.1.0.0
2026-05-21 23:49:06,007 [WARN] PackLoader:240 - Cannot read IP mode file for STMicroelectronics.X-CUBE-AZRTOS-L5.2.0.0
2026-05-21 23:49:06,032 [WARN] PackLoader:240 - Cannot read IP mode file for STMicroelectronics.eDS-WB_DPC_VIENNA.1.2.0
2026-05-21 23:49:06,047 [WARN] PackLoader:240 - Cannot read IP mode file for STMicroelectronics.eDS-WB_DPC_3PH2L-BIDIR.1.1.1
2026-05-21 23:49:06,059 [ERROR] Engine:466 - C:\Users\hp\.stm32cubemx\thirdparties\pdsc\STMicroelectronics.X-CUBE-ST67W61.1.3.0.pdsc: PDSC version is not supported
2026-05-21 23:49:06,075 [WARN] PackLoader:240 - Cannot read IP mode file for STMicroelectronics.X-CUBE-TOUCHGFX.4.26.1
2026-05-21 23:49:06,092 [WARN] PackLoader:240 - Cannot read IP mode file for STMicroelectronics.FP-SNS-STAIOTCFT.1.0.0
2026-05-21 23:49:06,108 [WARN] PackLoader:240 - Cannot read IP mode file for STMicroelectronics.X-CUBE-DPower.1.3.0
2026-05-21 23:49:06,205 [WARN] ConditionMgr:438 - getConditionDescription Invalid condition id : LAN8742 Phy interface Condition cause : null
2026-05-21 23:49:06,209 [WARN] PackLoader:240 - Cannot read IP mode file for STMicroelectronics.X-CUBE-AZRTOS-L4.2.0.0
2026-05-21 23:49:06,218 [WARN] ConditionMgr:1044 - genDependencies : Invalid condition id : LAN8742 Phy interface Condition cause : null
2026-05-21 23:49:06,220 [WARN] ConditionMgr:1044 - genDependencies : Invalid condition id : LAN8742 Phy interface Condition cause : null
2026-05-21 23:49:06,222 [WARN] ConditionMgr:1044 - genDependencies : Invalid condition id : LAN8742 Phy interface Condition cause : null
2026-05-21 23:49:06,258 [WARN] PackLoader:240 - Cannot read IP mode file for STMicroelectronics.X-CUBE-SFXS2LP1.4.0.0
2026-05-21 23:49:06,280 [WARN] PackLoader:240 - Cannot read IP mode file for STMicroelectronics.X-CUBE-WB05N.2.1.0
2026-05-21 23:49:06,296 [ERROR] Engine:466 - C:\Users\hp\.stm32cubemx\thirdparties\pdsc\STMicroelectronics.X-CUBE-ST67W61.1.2.0.pdsc: PDSC version is not supported
2026-05-21 23:49:06,323 [WARN] PackLoader:240 - Cannot read IP mode file for STMicroelectronics.X-CUBE-BLEMGR.4.1.0
2026-05-21 23:49:06,358 [WARN] ConditionMgr:438 - getConditionDescription Invalid condition id : UX DEVICE CLASS RTOS Condition cause : null
2026-05-21 23:49:06,360 [WARN] ConditionMgr:438 - getConditionDescription Invalid condition id : UX DEVICE CLASS RTOS Condition cause : null
2026-05-21 23:49:06,364 [WARN] PackLoader:240 - Cannot read IP mode file for STMicroelectronics.X-CUBE-AZRTOS-WB.2.0.0
2026-05-21 23:49:06,366 [WARN] ConditionMgr:1044 - genDependencies : Invalid condition id : UX DEVICE CLASS RTOS Condition cause : null
2026-05-21 23:49:06,367 [WARN] ConditionMgr:1044 - genDependencies : Invalid condition id : UX DEVICE CLASS RTOS Condition cause : null
2026-05-21 23:49:06,382 [WARN] ConditionMgr:1044 - genDependencies : Invalid condition id : UX DEVICE CLASS RTOS Condition cause : null
2026-05-21 23:49:06,386 [WARN] ConditionMgr:1044 - genDependencies : Invalid condition id : UX DEVICE CLASS RTOS Condition cause : null
2026-05-21 23:49:06,388 [WARN] ConditionMgr:1044 - genDependencies : Invalid condition id : UX DEVICE CLASS RTOS Condition cause : null
2026-05-21 23:49:06,427 [WARN] ConditionMgr:438 - getConditionDescription Invalid condition id : Cortex-A Device cause : null
2026-05-21 23:49:06,474 [WARN] ConditionMgr:1044 - genDependencies : Invalid condition id : Cortex-A Device cause : null
2026-05-21 23:49:06,475 [WARN] ConditionMgr:1044 - genDependencies : Invalid condition id : Cortex-A Device cause : null
2026-05-21 23:49:06,476 [WARN] ConditionMgr:1044 - genDependencies : Invalid condition id : Cortex-A Device cause : null
2026-05-21 23:49:06,495 [WARN] PackLoader:240 - Cannot read IP mode file for STMicroelectronics.X-CUBE-STSE01.2.0.0
2026-05-21 23:49:06,523 [WARN] PackLoader:240 - Cannot read IP mode file for STMicroelectronics.X-CUBE-SUBG2.5.0.0
2026-05-21 23:49:06,563 [WARN] PackLoader:240 - Cannot read IP mode file for STMicroelectronics.X-CUBE-AZRTOS-G4.2.0.0
2026-05-21 23:49:06,581 [WARN] PackLoader:240 - Cannot read IP mode file for wolfSSL.I-CUBE-wolfSSH.1.4.20
2026-05-21 23:49:06,598 [WARN] PackLoader:240 - Cannot read IP mode file for STMicroelectronics.X-CUBE-NFC7.2.0.0
2026-05-21 23:49:06,615 [WARN] PackLoader:240 - Cannot read IP mode file for STMicroelectronics.X-CUBE-ALS.1.0.2
2026-05-21 23:49:06,644 [WARN] PackLoader:240 - Cannot read IP mode file for STMicroelectronics.X-CUBE-TOF1.3.4.3
2026-05-21 23:49:06,676 [INFO] ThirdParty:978 - Integrity check success = true
2026-05-21 23:49:06,678 [INFO] IntegrityCheckThread:100 - exiting critical section [integrity check]
2026-05-21 23:49:06,678 [INFO] IntegrityCheckThread:103 - End integrity checks thread
2026-05-21 23:49:07,507 [INFO] WebApp:463 - Apply proxy settings
2026-05-21 23:49:07,508 [INFO] WebApp:548 - Chromium requires no authentication
2026-05-21 23:49:07,520 [INFO] WebApp:491 - Direct internet connection detected
2026-05-21 23:49:07,564 [INFO] WebApp:894 - Register for checkConnection events
2026-05-21 23:49:07,564 [INFO] WebApp:463 - Apply proxy settings
2026-05-21 23:49:07,564 [INFO] WebApp:548 - Chromium requires no authentication
2026-05-21 23:49:07,565 [INFO] WebApp:491 - Direct internet connection detected
2026-05-21 23:49:07,823 [INFO] WebApp:225 - Starting web application
2026-05-21 23:49:07,824 [INFO] WebApp:593 - Web application path used C:\ST\STM32CubeIDE_1.18.0\STM32CubeIDE\plugins\com.st.stm32cube.common.mx_6.14.0.202502271554\db\plugins\mcufinder\reactClient1\index.html
2026-05-21 23:49:08,337 [INFO] WebApp:191 - Connection restablished
