2026-05-20 08:04:41,308 [INFO] Activator:176 - 


2026-05-20 08:04:41,343 [INFO] Activator:177 - !SESSION log4j initialized
2026-05-20 08:05:22,513 [INFO] LogOutputStream:77 - [STDOUT_REDIRECT] 
2026-05-20 08:05:27,206 [INFO] ApplicationProperties:184 - Using Application install path: C:\ST\STM32CubeIDE_1.18.0\STM32CubeIDE\plugins\com.st.stm32cube.common.mx_6.14.0.202502271554
2026-05-20 08:05:27,280 [INFO] DbMcusXml:78 - Set database path to: C:\ST\STM32CubeIDE_1.18.0\STM32CubeIDE\plugins\com.st.stm32cube.common.mx_6.14.0.202502271554\\db\/mcu/
2026-05-20 08:05:27,283 [INFO] ApiDb:274 - Set plugin database path to: C:\ST\STM32CubeIDE_1.18.0\STM32CubeIDE\plugins\com.st.stm32cube.common.mx_6.14.0.202502271554\\db\/plugins/boardmanager/
2026-05-20 08:05:27,284 [WARN] ApiDb:259 - Overriding images path with different value:  => C:\ST\STM32CubeIDE_1.18.0\STM32CubeIDE\plugins\com.st.stm32cube.common.mx_6.14.0.202502271554\\db\/plugins/mcufinder/images/
2026-05-20 08:05:27,319 [INFO] ApiDb:250 - Set database path to: C:\Users\hp\.stmcufinder\plugins\mcufinder//mcu/
2026-05-20 08:05:27,323 [INFO] DbMcusAds:125 - Set database path to: C:\Users\hp\.stmcufinder\plugins\mcufinder//mcu/
2026-05-20 08:05:27,329 [INFO] CrossReferenceDbSqlite:203 - Set database path to: C:\Users\hp\.stmcufinder\plugins\mcufinder//mcu/cs/
2026-05-20 08:05:28,171 [INFO] RulesReader:64 - Compatibility file has been processed (301 Rules)
2026-05-20 08:05:28,552 [INFO] DbMcusXml:78 - Set database path to: C:\ST\STM32CubeIDE_1.18.0\STM32CubeIDE\plugins\com.st.stm32cube.common.mx_6.14.0.202502271554\\db\/mcu/
2026-05-20 08:05:28,552 [INFO] ApiDb:274 - Set plugin database path to: C:\ST\STM32CubeIDE_1.18.0\STM32CubeIDE\plugins\com.st.stm32cube.common.mx_6.14.0.202502271554\\db\/plugins/boardmanager/
2026-05-20 08:05:28,554 [INFO] ApiDb:261 - Set plugin images path to: C:\ST\STM32CubeIDE_1.18.0\STM32CubeIDE\plugins\com.st.stm32cube.common.mx_6.14.0.202502271554\\db\/plugins/mcufinder/images/
2026-05-20 08:05:28,554 [WARN] DbFile:41 - Overriding database path with different value: C:\Users\hp\.stmcufinder\plugins\mcufinder/ => C:\Users\hp\.stmcufinder\plugins\mcufinder
2026-05-20 08:05:28,556 [INFO] ApiDb:250 - Set database path to: C:\Users\hp\.stmcufinder\plugins\mcufinder//mcu/
2026-05-20 08:05:28,556 [WARN] DbFile:41 - Overriding database path with different value: C:\Users\hp\.stmcufinder\plugins\mcufinder/ => C:\Users\hp\.stmcufinder\plugins\mcufinder
2026-05-20 08:05:28,556 [INFO] DbMcusAds:125 - Set database path to: C:\Users\hp\.stmcufinder\plugins\mcufinder//mcu/
2026-05-20 08:05:28,558 [WARN] DbFile:41 - Overriding database path with different value: C:\Users\hp\.stmcufinder\plugins\mcufinder/ => C:\Users\hp\.stmcufinder\plugins\mcufinder
2026-05-20 08:05:28,558 [WARN] DbFile:41 - Overriding database path with different value: C:\Users\hp\.stmcufinder\plugins\mcufinder/ => C:\Users\hp\.stmcufinder\plugins\mcufinder
2026-05-20 08:05:28,558 [INFO] CrossReferenceDbSqlite:203 - Set database path to: C:\Users\hp\.stmcufinder\plugins\mcufinder//mcu/cs/
2026-05-20 08:05:28,905 [INFO] MainPanel:272 - HeapMemory: 268435456
2026-05-20 08:05:29,349 [INFO] DbMcusXml:78 - Set database path to: C:\ST\STM32CubeIDE_1.18.0\STM32CubeIDE\plugins\com.st.stm32cube.common.mx_6.14.0.202502271554\\db\/mcu/
2026-05-20 08:05:29,349 [INFO] ApiDb:274 - Set plugin database path to: C:\ST\STM32CubeIDE_1.18.0\STM32CubeIDE\plugins\com.st.stm32cube.common.mx_6.14.0.202502271554\\db\/plugins/boardmanager/
2026-05-20 08:05:29,349 [INFO] ApiDb:261 - Set plugin images path to: C:\ST\STM32CubeIDE_1.18.0\STM32CubeIDE\plugins\com.st.stm32cube.common.mx_6.14.0.202502271554\\db\/plugins/mcufinder/images/
2026-05-20 08:05:29,349 [WARN] DbFile:41 - Overriding database path with different value: C:\Users\hp\.stmcufinder\plugins\mcufinder/ => C:\Users\hp\.stmcufinder\plugins\mcufinder
2026-05-20 08:05:29,349 [INFO] ApiDb:250 - Set database path to: C:\Users\hp\.stmcufinder\plugins\mcufinder//mcu/
2026-05-20 08:05:29,356 [WARN] DbFile:41 - Overriding database path with different value: C:\Users\hp\.stmcufinder\plugins\mcufinder/ => C:\Users\hp\.stmcufinder\plugins\mcufinder
2026-05-20 08:05:29,356 [INFO] DbMcusAds:125 - Set database path to: C:\Users\hp\.stmcufinder\plugins\mcufinder//mcu/
2026-05-20 08:05:29,356 [WARN] DbFile:41 - Overriding database path with different value: C:\Users\hp\.stmcufinder\plugins\mcufinder/ => C:\Users\hp\.stmcufinder\plugins\mcufinder
2026-05-20 08:05:29,356 [WARN] DbFile:41 - Overriding database path with different value: C:\Users\hp\.stmcufinder\plugins\mcufinder/ => C:\Users\hp\.stmcufinder\plugins\mcufinder
2026-05-20 08:05:29,356 [INFO] CrossReferenceDbSqlite:203 - Set database path to: C:\Users\hp\.stmcufinder\plugins\mcufinder//mcu/cs/
2026-05-20 08:05:29,449 [INFO] ApplicationProperties:184 - Using Application install path: C:\ST\STM32CubeIDE_1.18.0\STM32CubeIDE\plugins\com.st.stm32cube.common.mx_6.14.0.202502271554
2026-05-20 08:05:29,456 [INFO] PluginManage:196 - Search for loadable plugins [exclusion list=, ]
2026-05-20 08:05:29,462 [INFO] PluginManage:310 - Check plugin analytics
2026-05-20 08:05:30,642 [INFO] AnalyticsPlugin:253 - Accepted Software Licenses: 
2026-05-20 08:05:30,643 [INFO] AnalyticsPlugin:255 - Accepted CMSIS Pack Licenses: 
2026-05-20 08:05:30,645 [INFO] AnalyticsPlugin:257 - Accepted Firmware Licenses: FW.F4.1.28.0,FW.L4.1.18.0
2026-05-20 08:05:30,671 [INFO] PluginManage:359 - Loaded plugin analytics (category:tool,tabindex:-1)
2026-05-20 08:05:30,676 [INFO] PluginManage:310 - Check plugin cadmodel
2026-05-20 08:05:30,703 [INFO] CADModel:105 - Init CAD model plugin
2026-05-20 08:05:30,708 [INFO] PluginManage:359 - Loaded plugin cadmodel (category:power,tabindex:5)
2026-05-20 08:05:30,708 [INFO] PluginManage:310 - Check plugin clock
2026-05-20 08:05:30,760 [INFO] PluginManage:359 - Loaded plugin clock (category:base,tabindex:2)
2026-05-20 08:05:30,761 [INFO] PluginManage:310 - Check plugin ddr
2026-05-20 08:05:30,773 [INFO] PluginManage:359 - Loaded plugin ddr (category:tool,tabindex:6)
2026-05-20 08:05:30,773 [INFO] PluginManage:310 - Check plugin filemanager
2026-05-20 08:05:31,530 [INFO] PluginManage:359 - Loaded plugin filemanager (category:base,tabindex:10)
2026-05-20 08:05:31,530 [INFO] PluginManage:310 - Check plugin ipmanager
2026-05-20 08:05:31,566 [INFO] PluginManage:359 - Loaded plugin ipmanager (category:base,tabindex:5)
2026-05-20 08:05:31,566 [INFO] PluginManage:310 - Check plugin lpbam
2026-05-20 08:05:31,603 [INFO] PluginManage:359 - Loaded plugin lpbam (category:base,tabindex:0)
2026-05-20 08:05:31,604 [INFO] PluginManage:310 - Check plugin memorymap
2026-05-20 08:05:31,661 [INFO] PluginManage:359 - Loaded plugin memorymap (category:base,tabindex:4)
2026-05-20 08:05:31,662 [INFO] PluginManage:310 - Check plugin pinoutandconfiguration
2026-05-20 08:05:31,700 [INFO] PluginManage:359 - Loaded plugin pinoutandconfiguration (category:base,tabindex:1)
2026-05-20 08:05:31,701 [INFO] PluginManage:310 - Check plugin pinoutconfig
2026-05-20 08:05:32,085 [WARN] SupportedApi:132 - Cannot load RTOS API schema: s4s-elt-must-match.1: The content of 'definitions' must match (annotation?, (simpleType | complexType)?, (unique | key | keyref)*)). A problem was found starting at: attribute.
2026-05-20 08:05:33,074 [INFO] PluginManage:359 - Loaded plugin pinoutconfig (category:base,tabindex:0)
2026-05-20 08:05:33,075 [INFO] PluginManage:310 - Check plugin power
2026-05-20 08:05:33,135 [INFO] PluginManage:359 - Loaded plugin power (category:power,tabindex:4)
2026-05-20 08:05:33,136 [INFO] PluginManage:310 - Check plugin projectmanager
2026-05-20 08:05:33,231 [INFO] PluginManage:359 - Loaded plugin projectmanager (category:projectmanager,tabindex:4)
2026-05-20 08:05:33,233 [INFO] PluginManage:310 - Check plugin rif
2026-05-20 08:05:33,258 [INFO] PluginManage:359 - Loaded plugin rif (category:base,tabindex:3)
2026-05-20 08:05:33,261 [INFO] PluginManage:310 - Check plugin thirdparty
2026-05-20 08:05:33,866 [WARN] IntegrityCheckThread:84 - waiting for thirdparty lock release [integrity check]
2026-05-20 08:05:33,868 [INFO] IntegrityCheckThread:86 - entering critical section [integrity check]
2026-05-20 08:05:33,869 [INFO] ThirdPartyUpdaterWithRetryManager:70 - Updater plugin not ready yet. [1/15]
2026-05-20 08:05:33,870 [INFO] PluginManage:359 - Loaded plugin thirdparty (category:base,tabindex:-1)
2026-05-20 08:05:33,872 [INFO] PluginManage:310 - Check plugin tools
2026-05-20 08:05:33,882 [INFO] PluginManage:359 - Loaded plugin tools (category:base,tabindex:7)
2026-05-20 08:05:33,884 [INFO] PluginManage:310 - Check plugin tutovideos
2026-05-20 08:05:34,634 [INFO] PluginManage:359 - Loaded plugin tutovideos (category:base,tabindex:-1)
2026-05-20 08:05:34,634 [INFO] PluginManage:310 - Check plugin updater
2026-05-20 08:05:34,744 [INFO] PluginManage:359 - Loaded plugin updater (category:base,tabindex:12)
2026-05-20 08:05:34,748 [INFO] PluginManage:310 - Check plugin userauth
2026-05-20 08:05:34,765 [INFO] UserAuth:118 - Init User Auth plugin
2026-05-20 08:05:34,768 [INFO] PluginManage:359 - Loaded plugin userauth (category:base,tabindex:14)
2026-05-20 08:05:34,769 [INFO] PluginManage:283 - PluginManage : Loaded plugins [18]
2026-05-20 08:05:35,761 [INFO] PinOutPanel:1589 - setPackage(No Configuration,No Configuration)
2026-05-20 08:05:36,230 [INFO] CADModel:165 - CPN selected for project level
2026-05-20 08:05:36,230 [INFO] CADModel:114 - Register for checkConnection events
2026-05-20 08:05:36,342 [INFO] IPUIPlugin:80 - create IPUIPlugin
2026-05-20 08:05:36,344 [INFO] PluginManager:220 - loadIPPluginJar : add adc
2026-05-20 08:05:36,361 [INFO] IPUIPlugin:80 - create IPUIPlugin
2026-05-20 08:05:36,361 [INFO] PluginManager:220 - loadIPPluginJar : add aes
2026-05-20 08:05:36,381 [INFO] IPUIPlugin:80 - create IPUIPlugin
2026-05-20 08:05:36,381 [INFO] PluginManager:220 - loadIPPluginJar : add can
2026-05-20 08:05:36,398 [INFO] IPUIPlugin:80 - create IPUIPlugin
2026-05-20 08:05:36,398 [INFO] PluginManager:220 - loadIPPluginJar : add comp
2026-05-20 08:05:36,425 [INFO] IPUIPlugin:80 - create IPUIPlugin
2026-05-20 08:05:36,429 [INFO] PluginManager:220 - loadIPPluginJar : add cryp
2026-05-20 08:05:36,451 [INFO] IPUIPlugin:80 - create IPUIPlugin
2026-05-20 08:05:36,452 [INFO] PluginManager:220 - loadIPPluginJar : add ddr_ctrl_phy
2026-05-20 08:05:36,464 [INFO] IPUIPlugin:80 - create IPUIPlugin
2026-05-20 08:05:36,465 [INFO] PluginManager:220 - loadIPPluginJar : add dfsdm
2026-05-20 08:05:36,488 [INFO] IPUIPlugin:80 - create IPUIPlugin
2026-05-20 08:05:36,489 [INFO] PluginManager:220 - loadIPPluginJar : add dma
2026-05-20 08:05:36,505 [INFO] IPUIPlugin:80 - create IPUIPlugin
2026-05-20 08:05:36,505 [INFO] PluginManager:220 - loadIPPluginJar : add dma3
2026-05-20 08:05:36,517 [INFO] IPUIPlugin:80 - create IPUIPlugin
2026-05-20 08:05:36,517 [INFO] PluginManager:220 - loadIPPluginJar : add extmemmanager
2026-05-20 08:05:36,525 [INFO] IPUIPlugin:80 - create IPUIPlugin
2026-05-20 08:05:36,525 [INFO] PluginManager:220 - loadIPPluginJar : add fatfs
2026-05-20 08:05:36,543 [INFO] IPUIPlugin:80 - create IPUIPlugin
2026-05-20 08:05:36,544 [INFO] PluginManager:220 - loadIPPluginJar : add fmc
2026-05-20 08:05:36,562 [INFO] IPUIPlugin:80 - create IPUIPlugin
2026-05-20 08:05:36,563 [INFO] PluginManager:220 - loadIPPluginJar : add freertos
2026-05-20 08:05:36,568 [INFO] IPUIPlugin:80 - create IPUIPlugin
2026-05-20 08:05:36,568 [INFO] PluginManager:220 - loadIPPluginJar : add genericplugin
2026-05-20 08:05:36,574 [INFO] IPUIPlugin:80 - create IPUIPlugin
2026-05-20 08:05:36,574 [INFO] PluginManager:220 - loadIPPluginJar : add gfxmmu
2026-05-20 08:05:36,590 [INFO] IPUIPlugin:80 - create IPUIPlugin
2026-05-20 08:05:36,598 [INFO] PluginManager:220 - loadIPPluginJar : add gic
2026-05-20 08:05:36,615 [INFO] IPUIPlugin:80 - create IPUIPlugin
2026-05-20 08:05:36,615 [INFO] PluginManager:220 - loadIPPluginJar : add gpio
2026-05-20 08:05:36,629 [INFO] IPUIPlugin:80 - create IPUIPlugin
2026-05-20 08:05:36,629 [INFO] PluginManager:220 - loadIPPluginJar : add gtzc
2026-05-20 08:05:36,639 [INFO] IPUIPlugin:80 - create IPUIPlugin
2026-05-20 08:05:36,640 [INFO] PluginManager:220 - loadIPPluginJar : add hash
2026-05-20 08:05:36,649 [INFO] IPUIPlugin:80 - create IPUIPlugin
2026-05-20 08:05:36,649 [INFO] PluginManager:220 - loadIPPluginJar : add i2c
2026-05-20 08:05:36,665 [INFO] IPUIPlugin:80 - create IPUIPlugin
2026-05-20 08:05:36,666 [INFO] PluginManager:220 - loadIPPluginJar : add i2s
2026-05-20 08:05:36,678 [INFO] IPUIPlugin:80 - create IPUIPlugin
2026-05-20 08:05:36,679 [INFO] PluginManager:220 - loadIPPluginJar : add i3c
2026-05-20 08:05:36,695 [INFO] IPUIPlugin:80 - create IPUIPlugin
2026-05-20 08:05:36,696 [INFO] PluginManager:220 - loadIPPluginJar : add ipddr
2026-05-20 08:05:36,730 [INFO] IPUIPlugin:80 - create IPUIPlugin
2026-05-20 08:05:36,731 [INFO] PluginManager:220 - loadIPPluginJar : add linkedlist
2026-05-20 08:05:36,751 [INFO] IPUIPlugin:80 - create IPUIPlugin
2026-05-20 08:05:36,751 [INFO] PluginManager:220 - loadIPPluginJar : add lorawan
2026-05-20 08:05:36,757 [INFO] IPUIPlugin:80 - create IPUIPlugin
2026-05-20 08:05:36,758 [INFO] PluginManager:220 - loadIPPluginJar : add ltdc
2026-05-20 08:05:36,778 [INFO] IPUIPlugin:80 - create IPUIPlugin
2026-05-20 08:05:36,778 [INFO] PluginManager:220 - loadIPPluginJar : add mdma
2026-05-20 08:05:36,796 [INFO] IPUIPlugin:80 - create IPUIPlugin
2026-05-20 08:05:36,797 [INFO] PluginManager:220 - loadIPPluginJar : add nvic
2026-05-20 08:05:36,809 [INFO] IPUIPlugin:80 - create IPUIPlugin
2026-05-20 08:05:36,811 [INFO] PluginManager:220 - loadIPPluginJar : add opamp
2026-05-20 08:05:36,826 [INFO] IPUIPlugin:80 - create IPUIPlugin
2026-05-20 08:05:36,826 [INFO] PluginManager:220 - loadIPPluginJar : add openamp
2026-05-20 08:05:37,055 [INFO] ThirdPartyUpdaterWithRetryManager:70 - Updater plugin not ready yet. [2/15]
2026-05-20 08:05:37,059 [INFO] IPUIPlugin:80 - create IPUIPlugin
2026-05-20 08:05:37,059 [INFO] PluginManager:220 - loadIPPluginJar : add pdm2pcm
2026-05-20 08:05:37,089 [INFO] IPUIPlugin:80 - create IPUIPlugin
2026-05-20 08:05:37,101 [INFO] PluginManager:220 - loadIPPluginJar : add plateformsettings
2026-05-20 08:05:37,107 [INFO] IPUIPlugin:80 - create IPUIPlugin
2026-05-20 08:05:37,108 [INFO] PluginManager:220 - loadIPPluginJar : add quadspi
2026-05-20 08:05:37,119 [INFO] IPUIPlugin:80 - create IPUIPlugin
2026-05-20 08:05:37,178 [INFO] PluginManager:220 - loadIPPluginJar : add radio
2026-05-20 08:05:37,195 [INFO] IPUIPlugin:80 - create IPUIPlugin
2026-05-20 08:05:37,196 [INFO] PluginManager:220 - loadIPPluginJar : add resmgrutility
2026-05-20 08:05:37,209 [INFO] IPUIPlugin:80 - create IPUIPlugin
2026-05-20 08:05:37,209 [INFO] PluginManager:220 - loadIPPluginJar : add sai
2026-05-20 08:05:37,221 [INFO] IPUIPlugin:80 - create IPUIPlugin
2026-05-20 08:05:37,223 [INFO] PluginManager:220 - loadIPPluginJar : add spi
2026-05-20 08:05:37,251 [INFO] IPUIPlugin:80 - create IPUIPlugin
2026-05-20 08:05:37,251 [INFO] PluginManager:220 - loadIPPluginJar : add stm32_wpan
2026-05-20 08:05:37,259 [INFO] IPUIPlugin:80 - create IPUIPlugin
2026-05-20 08:05:37,259 [INFO] PluginManager:220 - loadIPPluginJar : add tim
2026-05-20 08:05:37,275 [INFO] IPUIPlugin:80 - create IPUIPlugin
2026-05-20 08:05:37,276 [INFO] PluginManager:220 - loadIPPluginJar : add touchsensing
2026-05-20 08:05:37,285 [INFO] IPUIPlugin:80 - create IPUIPlugin
2026-05-20 08:05:37,285 [INFO] PluginManager:220 - loadIPPluginJar : add tracer_emb
2026-05-20 08:05:37,294 [INFO] IPUIPlugin:80 - create IPUIPlugin
2026-05-20 08:05:37,296 [INFO] PluginManager:220 - loadIPPluginJar : add ts
2026-05-20 08:05:37,306 [INFO] IPUIPlugin:80 - create IPUIPlugin
2026-05-20 08:05:37,308 [INFO] PluginManager:220 - loadIPPluginJar : add tsc
2026-05-20 08:05:37,317 [INFO] IPUIPlugin:80 - create IPUIPlugin
2026-05-20 08:05:37,318 [INFO] PluginManager:220 - loadIPPluginJar : add ucpd
2026-05-20 08:05:37,328 [INFO] IPUIPlugin:80 - create IPUIPlugin
2026-05-20 08:05:37,328 [INFO] PluginManager:220 - loadIPPluginJar : add usart
2026-05-20 08:05:37,341 [INFO] IPUIPlugin:80 - create IPUIPlugin
2026-05-20 08:05:37,341 [INFO] PluginManager:220 - loadIPPluginJar : add usbx
2026-05-20 08:05:37,792 [FATAL] Updater:351 - Updater called before beeing initialized
2026-05-20 08:05:37,910 [INFO] RulesReader:64 - Compatibility file has been processed (301 Rules)
2026-05-20 08:05:37,961 [INFO] RulesReader:64 - Compatibility file has been processed (301 Rules)
2026-05-20 08:05:37,999 [INFO] CADModel:165 - CPN selected for project level
2026-05-20 08:05:38,000 [INFO] CADModel:114 - Register for checkConnection events
2026-05-20 08:05:38,000 [FATAL] Updater:351 - Updater called before beeing initialized
2026-05-20 08:05:38,002 [ERROR] CADModel:125 - Updater not yet initialized, retry later 
2026-05-20 08:05:39,012 [FATAL] Updater:351 - Updater called before beeing initialized
2026-05-20 08:05:39,025 [INFO] CADModel:165 - CPN selected for project level
2026-05-20 08:05:39,026 [INFO] CADModel:114 - Register for checkConnection events
2026-05-20 08:05:39,027 [FATAL] Updater:351 - Updater called before beeing initialized
2026-05-20 08:05:39,027 [ERROR] CADModel:125 - Updater not yet initialized, retry later 
2026-05-20 08:05:39,049 [FATAL] Updater:351 - Updater called before beeing initialized
2026-05-20 08:05:39,550 [FATAL] Updater:351 - Updater called before beeing initialized
2026-05-20 08:05:39,571 [INFO] DbMcusAds:53 - JSON generation date=Mon Apr 27 13:44:29 IST 2026 (1777277669683)
2026-05-20 08:05:39,571 [FATAL] Updater:351 - Updater called before beeing initialized
2026-05-20 08:05:39,807 [WARN] DetailPanel:346 - Failed to get advertising image, set to default
2026-05-20 08:05:40,061 [INFO] ThirdPartyUpdaterWithRetryManager:70 - Updater plugin not ready yet. [3/15]
2026-05-20 08:05:40,949 [FATAL] Updater:351 - Updater called before beeing initialized
2026-05-20 08:05:40,957 [FATAL] Updater:351 - Updater called before beeing initialized
2026-05-20 08:05:40,957 [FATAL] Updater:351 - Updater called before beeing initialized
2026-05-20 08:05:40,959 [WARN] DetailPanel:346 - Failed to get advertising image, set to default
2026-05-20 08:05:40,963 [FATAL] Updater:351 - Updater called before beeing initialized
2026-05-20 08:05:41,267 [ERROR] Updater:1198 - MainUpdater not yet initialized. External WinMGr cannot be set.
2026-05-20 08:05:41,278 [INFO] Updater:1134 - Updater Version found : 6.14.0
2026-05-20 08:05:41,361 [INFO] ApplicationProperties:184 - Using Application install path: C:\ST\STM32CubeIDE_1.18.0\STM32CubeIDE\plugins\com.st.stm32cube.common.mx_6.14.0.202502271554
2026-05-20 08:05:43,069 [FATAL] Updater:351 - Updater called before beeing initialized
2026-05-20 08:05:43,076 [ERROR] IntegrityCheckThread:130 - Cannot retrieve database content from updater: error 21
2026-05-20 08:05:43,077 [INFO] ThirdParty:978 - Integrity check success = false
2026-05-20 08:05:43,078 [INFO] IntegrityCheckThread:100 - exiting critical section [integrity check]
2026-05-20 08:05:43,078 [INFO] IntegrityCheckThread:103 - End integrity checks thread
2026-05-20 08:05:43,127 [INFO] MainUpdater:2872 - connection check result : 10
2026-05-20 08:05:43,131 [INFO] MainUpdater:289 - Updater Check For Update Now.
2026-05-20 08:05:43,133 [INFO] MicroXplorer:498 - Change Database Version : DB.6.0.140
2026-05-20 08:05:43,182 [INFO] McuFinderGlobals:63 - Set McuFinder mode to 2 (CubeIDE integrated)
2026-05-20 08:05:43,190 [INFO] UserAuth:171 - activating auth plugin
2026-05-20 08:05:43,223 [INFO] UserAuth:486 - Internet connection configuration mode: 1
2026-05-20 08:05:43,441 [INFO] JxBrowserEngine:152 - Initiate JxBrowser Engine with user profile folder
2026-05-20 08:05:44,071 [INFO] CheckServerUpdateThread:120 - End of CheckServer Thread
2026-05-20 08:05:47,918 [INFO] WebApp:169 - Instantiating new browser for Auth
2026-05-20 08:05:50,780 [INFO] WebApp:463 - Apply proxy settings
2026-05-20 08:05:50,786 [INFO] WebApp:548 - Chromium requires no authentication
2026-05-20 08:05:50,819 [INFO] WebApp:491 - Direct internet connection detected
2026-05-20 08:05:50,926 [INFO] WebApp:894 - Register for checkConnection events
2026-05-20 08:05:50,929 [INFO] WebApp:463 - Apply proxy settings
2026-05-20 08:05:50,930 [INFO] WebApp:548 - Chromium requires no authentication
2026-05-20 08:05:50,932 [INFO] WebApp:491 - Direct internet connection detected
2026-05-20 08:05:51,242 [INFO] WebApp:191 - Connection restablished
2026-05-20 08:05:51,953 [INFO] WebApp:225 - Starting web application
2026-05-20 08:05:51,953 [INFO] WebApp:593 - Web application path used C:\ST\STM32CubeIDE_1.18.0\STM32CubeIDE\plugins\com.st.stm32cube.common.mx_6.14.0.202502271554\db\plugins\mcufinder\reactClient1\index.html
2026-05-20 08:35:47,967 [ERROR] LogOutputStream:75 - [STDERR_REDIRECT] 
2026-05-20 09:16:41,341 [INFO] Activator:176 - 


2026-05-20 09:16:41,357 [INFO] Activator:177 - !SESSION log4j initialized
2026-05-20 09:16:54,029 [INFO] LogOutputStream:77 - [STDOUT_REDIRECT] 
2026-05-20 09:16:55,291 [ERROR] ConfigurationRetriever:142 - IOException on connection: sw-center.st.com
2026-05-20 09:16:55,294 [ERROR] ConfigurationRetriever:142 - IOException on connection: sw-center.st.com
2026-05-20 09:16:55,295 [ERROR] ConfigurationRetriever:142 - IOException on connection: sw-center.st.com
2026-05-20 09:16:57,254 [INFO] ApplicationProperties:184 - Using Application install path: C:\ST\STM32CubeIDE_1.18.0\STM32CubeIDE\plugins\com.st.stm32cube.common.mx_6.14.0.202502271554
2026-05-20 09:16:57,314 [INFO] DbMcusXml:78 - Set database path to: C:\ST\STM32CubeIDE_1.18.0\STM32CubeIDE\plugins\com.st.stm32cube.common.mx_6.14.0.202502271554\\db\/mcu/
2026-05-20 09:16:57,315 [INFO] ApiDb:274 - Set plugin database path to: C:\ST\STM32CubeIDE_1.18.0\STM32CubeIDE\plugins\com.st.stm32cube.common.mx_6.14.0.202502271554\\db\/plugins/boardmanager/
2026-05-20 09:16:57,316 [WARN] ApiDb:259 - Overriding images path with different value:  => C:\ST\STM32CubeIDE_1.18.0\STM32CubeIDE\plugins\com.st.stm32cube.common.mx_6.14.0.202502271554\\db\/plugins/mcufinder/images/
2026-05-20 09:16:57,346 [INFO] ApiDb:250 - Set database path to: C:\Users\hp\.stmcufinder\plugins\mcufinder//mcu/
2026-05-20 09:16:57,350 [INFO] DbMcusAds:125 - Set database path to: C:\Users\hp\.stmcufinder\plugins\mcufinder//mcu/
2026-05-20 09:16:57,356 [INFO] CrossReferenceDbSqlite:203 - Set database path to: C:\Users\hp\.stmcufinder\plugins\mcufinder//mcu/cs/
2026-05-20 09:16:57,742 [INFO] RulesReader:64 - Compatibility file has been processed (301 Rules)
2026-05-20 09:16:58,060 [INFO] DbMcusXml:78 - Set database path to: C:\ST\STM32CubeIDE_1.18.0\STM32CubeIDE\plugins\com.st.stm32cube.common.mx_6.14.0.202502271554\\db\/mcu/
2026-05-20 09:16:58,061 [INFO] ApiDb:274 - Set plugin database path to: C:\ST\STM32CubeIDE_1.18.0\STM32CubeIDE\plugins\com.st.stm32cube.common.mx_6.14.0.202502271554\\db\/plugins/boardmanager/
2026-05-20 09:16:58,062 [INFO] ApiDb:261 - Set plugin images path to: C:\ST\STM32CubeIDE_1.18.0\STM32CubeIDE\plugins\com.st.stm32cube.common.mx_6.14.0.202502271554\\db\/plugins/mcufinder/images/
2026-05-20 09:16:58,062 [WARN] DbFile:41 - Overriding database path with different value: C:\Users\hp\.stmcufinder\plugins\mcufinder/ => C:\Users\hp\.stmcufinder\plugins\mcufinder
2026-05-20 09:16:58,063 [INFO] ApiDb:250 - Set database path to: C:\Users\hp\.stmcufinder\plugins\mcufinder//mcu/
2026-05-20 09:16:58,063 [WARN] DbFile:41 - Overriding database path with different value: C:\Users\hp\.stmcufinder\plugins\mcufinder/ => C:\Users\hp\.stmcufinder\plugins\mcufinder
2026-05-20 09:16:58,063 [INFO] DbMcusAds:125 - Set database path to: C:\Users\hp\.stmcufinder\plugins\mcufinder//mcu/
2026-05-20 09:16:58,063 [WARN] DbFile:41 - Overriding database path with different value: C:\Users\hp\.stmcufinder\plugins\mcufinder/ => C:\Users\hp\.stmcufinder\plugins\mcufinder
2026-05-20 09:16:58,064 [WARN] DbFile:41 - Overriding database path with different value: C:\Users\hp\.stmcufinder\plugins\mcufinder/ => C:\Users\hp\.stmcufinder\plugins\mcufinder
2026-05-20 09:16:58,064 [INFO] CrossReferenceDbSqlite:203 - Set database path to: C:\Users\hp\.stmcufinder\plugins\mcufinder//mcu/cs/
2026-05-20 09:16:58,322 [INFO] MainPanel:272 - HeapMemory: 268435456
2026-05-20 09:16:58,700 [INFO] DbMcusXml:78 - Set database path to: C:\ST\STM32CubeIDE_1.18.0\STM32CubeIDE\plugins\com.st.stm32cube.common.mx_6.14.0.202502271554\\db\/mcu/
2026-05-20 09:16:58,700 [INFO] ApiDb:274 - Set plugin database path to: C:\ST\STM32CubeIDE_1.18.0\STM32CubeIDE\plugins\com.st.stm32cube.common.mx_6.14.0.202502271554\\db\/plugins/boardmanager/
2026-05-20 09:16:58,701 [INFO] ApiDb:261 - Set plugin images path to: C:\ST\STM32CubeIDE_1.18.0\STM32CubeIDE\plugins\com.st.stm32cube.common.mx_6.14.0.202502271554\\db\/plugins/mcufinder/images/
2026-05-20 09:16:58,702 [WARN] DbFile:41 - Overriding database path with different value: C:\Users\hp\.stmcufinder\plugins\mcufinder/ => C:\Users\hp\.stmcufinder\plugins\mcufinder
2026-05-20 09:16:58,702 [INFO] ApiDb:250 - Set database path to: C:\Users\hp\.stmcufinder\plugins\mcufinder//mcu/
2026-05-20 09:16:58,702 [WARN] DbFile:41 - Overriding database path with different value: C:\Users\hp\.stmcufinder\plugins\mcufinder/ => C:\Users\hp\.stmcufinder\plugins\mcufinder
2026-05-20 09:16:58,703 [INFO] DbMcusAds:125 - Set database path to: C:\Users\hp\.stmcufinder\plugins\mcufinder//mcu/
2026-05-20 09:16:58,703 [WARN] DbFile:41 - Overriding database path with different value: C:\Users\hp\.stmcufinder\plugins\mcufinder/ => C:\Users\hp\.stmcufinder\plugins\mcufinder
2026-05-20 09:16:58,703 [WARN] DbFile:41 - Overriding database path with different value: C:\Users\hp\.stmcufinder\plugins\mcufinder/ => C:\Users\hp\.stmcufinder\plugins\mcufinder
2026-05-20 09:16:58,703 [INFO] CrossReferenceDbSqlite:203 - Set database path to: C:\Users\hp\.stmcufinder\plugins\mcufinder//mcu/cs/
2026-05-20 09:16:58,766 [INFO] ApplicationProperties:184 - Using Application install path: C:\ST\STM32CubeIDE_1.18.0\STM32CubeIDE\plugins\com.st.stm32cube.common.mx_6.14.0.202502271554
2026-05-20 09:16:58,770 [INFO] PluginManage:196 - Search for loadable plugins [exclusion list=, ]
2026-05-20 09:16:58,776 [INFO] PluginManage:310 - Check plugin analytics
2026-05-20 09:16:59,584 [INFO] AnalyticsPlugin:253 - Accepted Software Licenses: 
2026-05-20 09:16:59,585 [INFO] AnalyticsPlugin:255 - Accepted CMSIS Pack Licenses: 
2026-05-20 09:16:59,587 [INFO] AnalyticsPlugin:257 - Accepted Firmware Licenses: FW.F4.1.28.0,FW.L4.1.18.0
2026-05-20 09:16:59,599 [ERROR] ConfigurationRetriever:142 - IOException on connection: sw-center.st.com
2026-05-20 09:16:59,601 [ERROR] ConfigurationRetriever:142 - IOException on connection: sw-center.st.com
2026-05-20 09:16:59,601 [INFO] PluginManage:359 - Loaded plugin analytics (category:tool,tabindex:-1)
2026-05-20 09:16:59,603 [INFO] PluginManage:310 - Check plugin cadmodel
2026-05-20 09:16:59,603 [ERROR] ConfigurationRetriever:142 - IOException on connection: sw-center.st.com
2026-05-20 09:16:59,620 [INFO] CADModel:105 - Init CAD model plugin
2026-05-20 09:16:59,621 [INFO] PluginManage:359 - Loaded plugin cadmodel (category:power,tabindex:5)
2026-05-20 09:16:59,622 [INFO] PluginManage:310 - Check plugin clock
2026-05-20 09:16:59,658 [INFO] PluginManage:359 - Loaded plugin clock (category:base,tabindex:2)
2026-05-20 09:16:59,659 [INFO] PluginManage:310 - Check plugin ddr
2026-05-20 09:16:59,667 [INFO] PluginManage:359 - Loaded plugin ddr (category:tool,tabindex:6)
2026-05-20 09:16:59,668 [INFO] PluginManage:310 - Check plugin filemanager
2026-05-20 09:17:00,275 [INFO] PluginManage:359 - Loaded plugin filemanager (category:base,tabindex:10)
2026-05-20 09:17:00,276 [INFO] PluginManage:310 - Check plugin ipmanager
2026-05-20 09:17:00,301 [INFO] PluginManage:359 - Loaded plugin ipmanager (category:base,tabindex:5)
2026-05-20 09:17:00,302 [INFO] PluginManage:310 - Check plugin lpbam
2026-05-20 09:17:00,329 [INFO] PluginManage:359 - Loaded plugin lpbam (category:base,tabindex:0)
2026-05-20 09:17:00,330 [INFO] PluginManage:310 - Check plugin memorymap
2026-05-20 09:17:00,379 [INFO] PluginManage:359 - Loaded plugin memorymap (category:base,tabindex:4)
2026-05-20 09:17:00,379 [INFO] PluginManage:310 - Check plugin pinoutandconfiguration
2026-05-20 09:17:00,410 [INFO] PluginManage:359 - Loaded plugin pinoutandconfiguration (category:base,tabindex:1)
2026-05-20 09:17:00,411 [INFO] PluginManage:310 - Check plugin pinoutconfig
2026-05-20 09:17:00,695 [WARN] SupportedApi:132 - Cannot load RTOS API schema: s4s-elt-must-match.1: The content of 'definitions' must match (annotation?, (simpleType | complexType)?, (unique | key | keyref)*)). A problem was found starting at: attribute.
2026-05-20 09:17:01,151 [INFO] PluginManage:359 - Loaded plugin pinoutconfig (category:base,tabindex:0)
2026-05-20 09:17:01,152 [INFO] PluginManage:310 - Check plugin power
2026-05-20 09:17:01,185 [INFO] PluginManage:359 - Loaded plugin power (category:power,tabindex:4)
2026-05-20 09:17:01,186 [INFO] PluginManage:310 - Check plugin projectmanager
2026-05-20 09:17:01,237 [INFO] PluginManage:359 - Loaded plugin projectmanager (category:projectmanager,tabindex:4)
2026-05-20 09:17:01,237 [INFO] PluginManage:310 - Check plugin rif
2026-05-20 09:17:01,263 [INFO] PluginManage:359 - Loaded plugin rif (category:base,tabindex:3)
2026-05-20 09:17:01,264 [INFO] PluginManage:310 - Check plugin thirdparty
2026-05-20 09:17:01,759 [INFO] PluginManage:359 - Loaded plugin thirdparty (category:base,tabindex:-1)
2026-05-20 09:17:01,760 [INFO] PluginManage:310 - Check plugin tools
2026-05-20 09:17:01,759 [WARN] IntegrityCheckThread:84 - waiting for thirdparty lock release [integrity check]
2026-05-20 09:17:01,760 [INFO] IntegrityCheckThread:86 - entering critical section [integrity check]
2026-05-20 09:17:01,762 [INFO] ThirdPartyUpdaterWithRetryManager:70 - Updater plugin not ready yet. [1/15]
2026-05-20 09:17:01,768 [INFO] PluginManage:359 - Loaded plugin tools (category:base,tabindex:7)
2026-05-20 09:17:01,769 [INFO] PluginManage:310 - Check plugin tutovideos
2026-05-20 09:17:02,361 [INFO] PluginManage:359 - Loaded plugin tutovideos (category:base,tabindex:-1)
2026-05-20 09:17:02,362 [INFO] PluginManage:310 - Check plugin updater
2026-05-20 09:17:02,428 [INFO] PluginManage:359 - Loaded plugin updater (category:base,tabindex:12)
2026-05-20 09:17:02,429 [INFO] PluginManage:310 - Check plugin userauth
2026-05-20 09:17:02,442 [INFO] UserAuth:118 - Init User Auth plugin
2026-05-20 09:17:02,445 [INFO] PluginManage:359 - Loaded plugin userauth (category:base,tabindex:14)
2026-05-20 09:17:02,447 [INFO] PluginManage:283 - PluginManage : Loaded plugins [18]
2026-05-20 09:17:03,155 [INFO] PinOutPanel:1589 - setPackage(No Configuration,No Configuration)
2026-05-20 09:17:03,447 [INFO] CADModel:165 - CPN selected for project level
2026-05-20 09:17:03,448 [INFO] CADModel:114 - Register for checkConnection events
2026-05-20 09:17:03,507 [INFO] IPUIPlugin:80 - create IPUIPlugin
2026-05-20 09:17:03,508 [INFO] PluginManager:220 - loadIPPluginJar : add adc
2026-05-20 09:17:03,517 [INFO] IPUIPlugin:80 - create IPUIPlugin
2026-05-20 09:17:03,517 [INFO] PluginManager:220 - loadIPPluginJar : add aes
2026-05-20 09:17:03,526 [INFO] IPUIPlugin:80 - create IPUIPlugin
2026-05-20 09:17:03,527 [INFO] PluginManager:220 - loadIPPluginJar : add can
2026-05-20 09:17:03,533 [INFO] IPUIPlugin:80 - create IPUIPlugin
2026-05-20 09:17:03,533 [INFO] PluginManager:220 - loadIPPluginJar : add comp
2026-05-20 09:17:03,543 [INFO] IPUIPlugin:80 - create IPUIPlugin
2026-05-20 09:17:03,543 [INFO] PluginManager:220 - loadIPPluginJar : add cryp
2026-05-20 09:17:03,553 [INFO] IPUIPlugin:80 - create IPUIPlugin
2026-05-20 09:17:03,553 [INFO] PluginManager:220 - loadIPPluginJar : add ddr_ctrl_phy
2026-05-20 09:17:03,562 [INFO] IPUIPlugin:80 - create IPUIPlugin
2026-05-20 09:17:03,562 [INFO] PluginManager:220 - loadIPPluginJar : add dfsdm
2026-05-20 09:17:03,579 [INFO] IPUIPlugin:80 - create IPUIPlugin
2026-05-20 09:17:03,581 [INFO] PluginManager:220 - loadIPPluginJar : add dma
2026-05-20 09:17:03,591 [INFO] IPUIPlugin:80 - create IPUIPlugin
2026-05-20 09:17:03,591 [INFO] PluginManager:220 - loadIPPluginJar : add dma3
2026-05-20 09:17:03,601 [INFO] IPUIPlugin:80 - create IPUIPlugin
2026-05-20 09:17:03,602 [INFO] PluginManager:220 - loadIPPluginJar : add extmemmanager
2026-05-20 09:17:03,608 [INFO] IPUIPlugin:80 - create IPUIPlugin
2026-05-20 09:17:03,609 [INFO] PluginManager:220 - loadIPPluginJar : add fatfs
2026-05-20 09:17:03,623 [INFO] IPUIPlugin:80 - create IPUIPlugin
2026-05-20 09:17:03,623 [INFO] PluginManager:220 - loadIPPluginJar : add fmc
2026-05-20 09:17:03,641 [INFO] IPUIPlugin:80 - create IPUIPlugin
2026-05-20 09:17:03,641 [INFO] PluginManager:220 - loadIPPluginJar : add freertos
2026-05-20 09:17:03,649 [INFO] IPUIPlugin:80 - create IPUIPlugin
2026-05-20 09:17:03,649 [INFO] PluginManager:220 - loadIPPluginJar : add genericplugin
2026-05-20 09:17:03,657 [INFO] IPUIPlugin:80 - create IPUIPlugin
2026-05-20 09:17:03,658 [INFO] PluginManager:220 - loadIPPluginJar : add gfxmmu
2026-05-20 09:17:03,672 [INFO] IPUIPlugin:80 - create IPUIPlugin
2026-05-20 09:17:03,673 [INFO] PluginManager:220 - loadIPPluginJar : add gic
2026-05-20 09:17:03,685 [INFO] IPUIPlugin:80 - create IPUIPlugin
2026-05-20 09:17:03,686 [INFO] PluginManager:220 - loadIPPluginJar : add gpio
2026-05-20 09:17:03,696 [INFO] IPUIPlugin:80 - create IPUIPlugin
2026-05-20 09:17:03,696 [INFO] PluginManager:220 - loadIPPluginJar : add gtzc
2026-05-20 09:17:03,704 [INFO] IPUIPlugin:80 - create IPUIPlugin
2026-05-20 09:17:03,705 [INFO] PluginManager:220 - loadIPPluginJar : add hash
2026-05-20 09:17:03,714 [INFO] IPUIPlugin:80 - create IPUIPlugin
2026-05-20 09:17:03,715 [INFO] PluginManager:220 - loadIPPluginJar : add i2c
2026-05-20 09:17:03,723 [INFO] IPUIPlugin:80 - create IPUIPlugin
2026-05-20 09:17:03,723 [INFO] PluginManager:220 - loadIPPluginJar : add i2s
2026-05-20 09:17:03,733 [INFO] IPUIPlugin:80 - create IPUIPlugin
2026-05-20 09:17:03,734 [INFO] PluginManager:220 - loadIPPluginJar : add i3c
2026-05-20 09:17:03,743 [INFO] IPUIPlugin:80 - create IPUIPlugin
2026-05-20 09:17:03,744 [INFO] PluginManager:220 - loadIPPluginJar : add ipddr
2026-05-20 09:17:03,765 [INFO] IPUIPlugin:80 - create IPUIPlugin
2026-05-20 09:17:03,766 [INFO] PluginManager:220 - loadIPPluginJar : add linkedlist
2026-05-20 09:17:03,775 [INFO] IPUIPlugin:80 - create IPUIPlugin
2026-05-20 09:17:03,775 [INFO] PluginManager:220 - loadIPPluginJar : add lorawan
2026-05-20 09:17:03,781 [INFO] IPUIPlugin:80 - create IPUIPlugin
2026-05-20 09:17:03,782 [INFO] PluginManager:220 - loadIPPluginJar : add ltdc
2026-05-20 09:17:03,802 [INFO] IPUIPlugin:80 - create IPUIPlugin
2026-05-20 09:17:03,802 [INFO] PluginManager:220 - loadIPPluginJar : add mdma
2026-05-20 09:17:03,814 [INFO] IPUIPlugin:80 - create IPUIPlugin
2026-05-20 09:17:03,815 [INFO] PluginManager:220 - loadIPPluginJar : add nvic
2026-05-20 09:17:03,828 [INFO] IPUIPlugin:80 - create IPUIPlugin
2026-05-20 09:17:03,828 [INFO] PluginManager:220 - loadIPPluginJar : add opamp
2026-05-20 09:17:03,839 [INFO] IPUIPlugin:80 - create IPUIPlugin
2026-05-20 09:17:03,840 [INFO] PluginManager:220 - loadIPPluginJar : add openamp
2026-05-20 09:17:03,853 [INFO] IPUIPlugin:80 - create IPUIPlugin
2026-05-20 09:17:03,853 [INFO] PluginManager:220 - loadIPPluginJar : add pdm2pcm
2026-05-20 09:17:03,875 [INFO] IPUIPlugin:80 - create IPUIPlugin
2026-05-20 09:17:03,883 [INFO] PluginManager:220 - loadIPPluginJar : add plateformsettings
2026-05-20 09:17:03,889 [INFO] IPUIPlugin:80 - create IPUIPlugin
2026-05-20 09:17:03,890 [INFO] PluginManager:220 - loadIPPluginJar : add quadspi
2026-05-20 09:17:03,896 [INFO] IPUIPlugin:80 - create IPUIPlugin
2026-05-20 09:17:03,898 [INFO] PluginManager:220 - loadIPPluginJar : add radio
2026-05-20 09:17:03,913 [INFO] IPUIPlugin:80 - create IPUIPlugin
2026-05-20 09:17:03,913 [INFO] PluginManager:220 - loadIPPluginJar : add resmgrutility
2026-05-20 09:17:03,924 [INFO] IPUIPlugin:80 - create IPUIPlugin
2026-05-20 09:17:03,924 [INFO] PluginManager:220 - loadIPPluginJar : add sai
2026-05-20 09:17:03,933 [INFO] IPUIPlugin:80 - create IPUIPlugin
2026-05-20 09:17:03,933 [INFO] PluginManager:220 - loadIPPluginJar : add spi
2026-05-20 09:17:03,955 [INFO] IPUIPlugin:80 - create IPUIPlugin
2026-05-20 09:17:03,955 [INFO] PluginManager:220 - loadIPPluginJar : add stm32_wpan
2026-05-20 09:17:03,962 [INFO] IPUIPlugin:80 - create IPUIPlugin
2026-05-20 09:17:03,962 [INFO] PluginManager:220 - loadIPPluginJar : add tim
2026-05-20 09:17:03,973 [INFO] IPUIPlugin:80 - create IPUIPlugin
2026-05-20 09:17:03,974 [INFO] PluginManager:220 - loadIPPluginJar : add touchsensing
2026-05-20 09:17:03,981 [INFO] IPUIPlugin:80 - create IPUIPlugin
2026-05-20 09:17:03,981 [INFO] PluginManager:220 - loadIPPluginJar : add tracer_emb
2026-05-20 09:17:03,988 [INFO] IPUIPlugin:80 - create IPUIPlugin
2026-05-20 09:17:03,988 [INFO] PluginManager:220 - loadIPPluginJar : add ts
2026-05-20 09:17:03,994 [INFO] IPUIPlugin:80 - create IPUIPlugin
2026-05-20 09:17:03,995 [INFO] PluginManager:220 - loadIPPluginJar : add tsc
2026-05-20 09:17:04,002 [INFO] IPUIPlugin:80 - create IPUIPlugin
2026-05-20 09:17:04,003 [INFO] PluginManager:220 - loadIPPluginJar : add ucpd
2026-05-20 09:17:04,016 [INFO] IPUIPlugin:80 - create IPUIPlugin
2026-05-20 09:17:04,016 [INFO] PluginManager:220 - loadIPPluginJar : add usart
2026-05-20 09:17:04,031 [INFO] IPUIPlugin:80 - create IPUIPlugin
2026-05-20 09:17:04,031 [INFO] PluginManager:220 - loadIPPluginJar : add usbx
2026-05-20 09:17:04,340 [FATAL] Updater:351 - Updater called before beeing initialized
2026-05-20 09:17:04,433 [INFO] RulesReader:64 - Compatibility file has been processed (301 Rules)
2026-05-20 09:17:04,487 [INFO] RulesReader:64 - Compatibility file has been processed (301 Rules)
2026-05-20 09:17:04,526 [INFO] CADModel:165 - CPN selected for project level
2026-05-20 09:17:04,526 [INFO] CADModel:114 - Register for checkConnection events
2026-05-20 09:17:04,527 [FATAL] Updater:351 - Updater called before beeing initialized
2026-05-20 09:17:04,527 [ERROR] CADModel:125 - Updater not yet initialized, retry later 
2026-05-20 09:17:04,764 [INFO] ThirdPartyUpdaterWithRetryManager:70 - Updater plugin not ready yet. [2/15]
2026-05-20 09:17:05,206 [FATAL] Updater:351 - Updater called before beeing initialized
2026-05-20 09:17:05,214 [INFO] CADModel:165 - CPN selected for project level
2026-05-20 09:17:05,214 [INFO] CADModel:114 - Register for checkConnection events
2026-05-20 09:17:05,215 [FATAL] Updater:351 - Updater called before beeing initialized
2026-05-20 09:17:05,215 [ERROR] CADModel:125 - Updater not yet initialized, retry later 
2026-05-20 09:17:05,226 [FATAL] Updater:351 - Updater called before beeing initialized
2026-05-20 09:17:05,663 [FATAL] Updater:351 - Updater called before beeing initialized
2026-05-20 09:17:05,677 [INFO] DbMcusAds:53 - JSON generation date=Mon Apr 27 13:44:29 IST 2026 (1777277669683)
2026-05-20 09:17:05,678 [FATAL] Updater:351 - Updater called before beeing initialized
2026-05-20 09:17:05,796 [WARN] DetailPanel:346 - Failed to get advertising image, set to default
2026-05-20 09:17:06,575 [FATAL] Updater:351 - Updater called before beeing initialized
2026-05-20 09:17:06,579 [FATAL] Updater:351 - Updater called before beeing initialized
2026-05-20 09:17:06,580 [FATAL] Updater:351 - Updater called before beeing initialized
2026-05-20 09:17:06,580 [WARN] DetailPanel:346 - Failed to get advertising image, set to default
2026-05-20 09:17:06,582 [FATAL] Updater:351 - Updater called before beeing initialized
2026-05-20 09:17:06,765 [ERROR] Updater:1198 - MainUpdater not yet initialized. External WinMGr cannot be set.
2026-05-20 09:17:06,772 [INFO] Updater:1134 - Updater Version found : 6.14.0
2026-05-20 09:17:06,831 [INFO] ApplicationProperties:184 - Using Application install path: C:\ST\STM32CubeIDE_1.18.0\STM32CubeIDE\plugins\com.st.stm32cube.common.mx_6.14.0.202502271554
2026-05-20 09:17:07,766 [FATAL] Updater:351 - Updater called before beeing initialized
2026-05-20 09:17:07,768 [ERROR] IntegrityCheckThread:130 - Cannot retrieve database content from updater: error 21
2026-05-20 09:17:07,769 [INFO] ThirdParty:978 - Integrity check success = false
2026-05-20 09:17:07,769 [INFO] IntegrityCheckThread:100 - exiting critical section [integrity check]
2026-05-20 09:17:07,770 [INFO] IntegrityCheckThread:103 - End integrity checks thread
2026-05-20 09:17:07,984 [INFO] MainUpdater:2872 - connection check result : 22
2026-05-20 09:17:07,987 [INFO] MainUpdater:289 - Updater Check For Update Now.
2026-05-20 09:17:07,988 [INFO] MicroXplorer:498 - Change Database Version : DB.6.0.140
2026-05-20 09:17:08,016 [INFO] McuFinderGlobals:63 - Set McuFinder mode to 2 (CubeIDE integrated)
2026-05-20 09:17:08,017 [INFO] UserAuth:171 - activating auth plugin
2026-05-20 09:17:08,030 [INFO] UserAuth:486 - Internet connection configuration mode: 2
2026-05-20 09:17:08,119 [INFO] UserAuth:486 - Internet connection configuration mode: 2
2026-05-20 09:17:08,547 [INFO] CheckServerUpdateThread:120 - End of CheckServer Thread
2026-05-20 09:17:42,433 [ERROR] ConfigurationRetriever:142 - IOException on connection: sw-center.st.com
2026-05-20 09:17:42,436 [ERROR] ConfigurationRetriever:142 - IOException on connection: sw-center.st.com
2026-05-20 09:17:42,438 [ERROR] ConfigurationRetriever:142 - IOException on connection: sw-center.st.com
