2026-05-16 11:02:06,419 [INFO] Activator:176 - 


2026-05-16 11:02:06,439 [INFO] Activator:177 - !SESSION log4j initialized
2026-05-16 11:02:14,397 [INFO] LogOutputStream:77 - [STDOUT_REDIRECT] 
2026-05-16 11:02:19,569 [INFO] ApplicationProperties:184 - Using Application install path: C:\ST\STM32CubeIDE_1.18.0\STM32CubeIDE\plugins\com.st.stm32cube.common.mx_6.14.0.202502271554
2026-05-16 11:02:19,614 [INFO] DbMcusXml:78 - Set database path to: C:\ST\STM32CubeIDE_1.18.0\STM32CubeIDE\plugins\com.st.stm32cube.common.mx_6.14.0.202502271554\\db\/mcu/
2026-05-16 11:02:19,616 [INFO] ApiDb:274 - Set plugin database path to: C:\ST\STM32CubeIDE_1.18.0\STM32CubeIDE\plugins\com.st.stm32cube.common.mx_6.14.0.202502271554\\db\/plugins/boardmanager/
2026-05-16 11:02:19,617 [WARN] ApiDb:259 - Overriding images path with different value:  => C:\ST\STM32CubeIDE_1.18.0\STM32CubeIDE\plugins\com.st.stm32cube.common.mx_6.14.0.202502271554\\db\/plugins/mcufinder/images/
2026-05-16 11:02:19,638 [INFO] ApiDb:250 - Set database path to: C:\Users\hp\.stmcufinder\plugins\mcufinder//mcu/
2026-05-16 11:02:19,641 [INFO] DbMcusAds:125 - Set database path to: C:\Users\hp\.stmcufinder\plugins\mcufinder//mcu/
2026-05-16 11:02:19,646 [INFO] CrossReferenceDbSqlite:203 - Set database path to: C:\Users\hp\.stmcufinder\plugins\mcufinder//mcu/cs/
2026-05-16 11:02:19,896 [INFO] RulesReader:64 - Compatibility file has been processed (301 Rules)
2026-05-16 11:02:20,082 [INFO] DbMcusXml:78 - Set database path to: C:\ST\STM32CubeIDE_1.18.0\STM32CubeIDE\plugins\com.st.stm32cube.common.mx_6.14.0.202502271554\\db\/mcu/
2026-05-16 11:02:20,082 [INFO] ApiDb:274 - Set plugin database path to: C:\ST\STM32CubeIDE_1.18.0\STM32CubeIDE\plugins\com.st.stm32cube.common.mx_6.14.0.202502271554\\db\/plugins/boardmanager/
2026-05-16 11:02:20,083 [INFO] ApiDb:261 - Set plugin images path to: C:\ST\STM32CubeIDE_1.18.0\STM32CubeIDE\plugins\com.st.stm32cube.common.mx_6.14.0.202502271554\\db\/plugins/mcufinder/images/
2026-05-16 11:02:20,083 [WARN] DbFile:41 - Overriding database path with different value: C:\Users\hp\.stmcufinder\plugins\mcufinder/ => C:\Users\hp\.stmcufinder\plugins\mcufinder
2026-05-16 11:02:20,084 [INFO] ApiDb:250 - Set database path to: C:\Users\hp\.stmcufinder\plugins\mcufinder//mcu/
2026-05-16 11:02:20,084 [WARN] DbFile:41 - Overriding database path with different value: C:\Users\hp\.stmcufinder\plugins\mcufinder/ => C:\Users\hp\.stmcufinder\plugins\mcufinder
2026-05-16 11:02:20,084 [INFO] DbMcusAds:125 - Set database path to: C:\Users\hp\.stmcufinder\plugins\mcufinder//mcu/
2026-05-16 11:02:20,084 [WARN] DbFile:41 - Overriding database path with different value: C:\Users\hp\.stmcufinder\plugins\mcufinder/ => C:\Users\hp\.stmcufinder\plugins\mcufinder
2026-05-16 11:02:20,084 [WARN] DbFile:41 - Overriding database path with different value: C:\Users\hp\.stmcufinder\plugins\mcufinder/ => C:\Users\hp\.stmcufinder\plugins\mcufinder
2026-05-16 11:02:20,084 [INFO] CrossReferenceDbSqlite:203 - Set database path to: C:\Users\hp\.stmcufinder\plugins\mcufinder//mcu/cs/
2026-05-16 11:02:20,381 [INFO] MainPanel:272 - HeapMemory: 268435456
2026-05-16 11:02:20,660 [INFO] DbMcusXml:78 - Set database path to: C:\ST\STM32CubeIDE_1.18.0\STM32CubeIDE\plugins\com.st.stm32cube.common.mx_6.14.0.202502271554\\db\/mcu/
2026-05-16 11:02:20,660 [INFO] ApiDb:274 - Set plugin database path to: C:\ST\STM32CubeIDE_1.18.0\STM32CubeIDE\plugins\com.st.stm32cube.common.mx_6.14.0.202502271554\\db\/plugins/boardmanager/
2026-05-16 11:02:20,661 [INFO] ApiDb:261 - Set plugin images path to: C:\ST\STM32CubeIDE_1.18.0\STM32CubeIDE\plugins\com.st.stm32cube.common.mx_6.14.0.202502271554\\db\/plugins/mcufinder/images/
2026-05-16 11:02:20,662 [WARN] DbFile:41 - Overriding database path with different value: C:\Users\hp\.stmcufinder\plugins\mcufinder/ => C:\Users\hp\.stmcufinder\plugins\mcufinder
2026-05-16 11:02:20,662 [INFO] ApiDb:250 - Set database path to: C:\Users\hp\.stmcufinder\plugins\mcufinder//mcu/
2026-05-16 11:02:20,663 [WARN] DbFile:41 - Overriding database path with different value: C:\Users\hp\.stmcufinder\plugins\mcufinder/ => C:\Users\hp\.stmcufinder\plugins\mcufinder
2026-05-16 11:02:20,663 [INFO] DbMcusAds:125 - Set database path to: C:\Users\hp\.stmcufinder\plugins\mcufinder//mcu/
2026-05-16 11:02:20,663 [WARN] DbFile:41 - Overriding database path with different value: C:\Users\hp\.stmcufinder\plugins\mcufinder/ => C:\Users\hp\.stmcufinder\plugins\mcufinder
2026-05-16 11:02:20,664 [WARN] DbFile:41 - Overriding database path with different value: C:\Users\hp\.stmcufinder\plugins\mcufinder/ => C:\Users\hp\.stmcufinder\plugins\mcufinder
2026-05-16 11:02:20,664 [INFO] CrossReferenceDbSqlite:203 - Set database path to: C:\Users\hp\.stmcufinder\plugins\mcufinder//mcu/cs/
2026-05-16 11:02:20,714 [INFO] ApplicationProperties:184 - Using Application install path: C:\ST\STM32CubeIDE_1.18.0\STM32CubeIDE\plugins\com.st.stm32cube.common.mx_6.14.0.202502271554
2026-05-16 11:02:20,718 [INFO] PluginManage:196 - Search for loadable plugins [exclusion list=, ]
2026-05-16 11:02:20,722 [INFO] PluginManage:310 - Check plugin analytics
2026-05-16 11:02:21,243 [INFO] AnalyticsPlugin:253 - Accepted Software Licenses: 
2026-05-16 11:02:21,244 [INFO] AnalyticsPlugin:255 - Accepted CMSIS Pack Licenses: 
2026-05-16 11:02:21,245 [INFO] AnalyticsPlugin:257 - Accepted Firmware Licenses: FW.F4.1.28.0,FW.L4.1.18.0
2026-05-16 11:02:21,255 [INFO] PluginManage:359 - Loaded plugin analytics (category:tool,tabindex:-1)
2026-05-16 11:02:21,257 [INFO] PluginManage:310 - Check plugin cadmodel
2026-05-16 11:02:21,275 [INFO] CADModel:105 - Init CAD model plugin
2026-05-16 11:02:21,276 [INFO] PluginManage:359 - Loaded plugin cadmodel (category:power,tabindex:5)
2026-05-16 11:02:21,276 [INFO] PluginManage:310 - Check plugin clock
2026-05-16 11:02:21,313 [INFO] PluginManage:359 - Loaded plugin clock (category:base,tabindex:2)
2026-05-16 11:02:21,313 [INFO] PluginManage:310 - Check plugin ddr
2026-05-16 11:02:21,322 [INFO] PluginManage:359 - Loaded plugin ddr (category:tool,tabindex:6)
2026-05-16 11:02:21,323 [INFO] PluginManage:310 - Check plugin filemanager
2026-05-16 11:02:21,732 [INFO] PluginManage:359 - Loaded plugin filemanager (category:base,tabindex:10)
2026-05-16 11:02:21,732 [INFO] PluginManage:310 - Check plugin ipmanager
2026-05-16 11:02:21,752 [INFO] PluginManage:359 - Loaded plugin ipmanager (category:base,tabindex:5)
2026-05-16 11:02:21,753 [INFO] PluginManage:310 - Check plugin lpbam
2026-05-16 11:02:21,774 [INFO] PluginManage:359 - Loaded plugin lpbam (category:base,tabindex:0)
2026-05-16 11:02:21,775 [INFO] PluginManage:310 - Check plugin memorymap
2026-05-16 11:02:21,817 [INFO] PluginManage:359 - Loaded plugin memorymap (category:base,tabindex:4)
2026-05-16 11:02:21,818 [INFO] PluginManage:310 - Check plugin pinoutandconfiguration
2026-05-16 11:02:21,844 [INFO] PluginManage:359 - Loaded plugin pinoutandconfiguration (category:base,tabindex:1)
2026-05-16 11:02:21,844 [INFO] PluginManage:310 - Check plugin pinoutconfig
2026-05-16 11:02:22,087 [WARN] SupportedApi:132 - Cannot load RTOS API schema: s4s-elt-must-match.1: The content of 'definitions' must match (annotation?, (simpleType | complexType)?, (unique | key | keyref)*)). A problem was found starting at: attribute.
2026-05-16 11:02:22,610 [INFO] PluginManage:359 - Loaded plugin pinoutconfig (category:base,tabindex:0)
2026-05-16 11:02:22,611 [INFO] PluginManage:310 - Check plugin power
2026-05-16 11:02:22,656 [INFO] PluginManage:359 - Loaded plugin power (category:power,tabindex:4)
2026-05-16 11:02:22,657 [INFO] PluginManage:310 - Check plugin projectmanager
2026-05-16 11:02:22,712 [INFO] PluginManage:359 - Loaded plugin projectmanager (category:projectmanager,tabindex:4)
2026-05-16 11:02:22,712 [INFO] PluginManage:310 - Check plugin rif
2026-05-16 11:02:22,735 [INFO] PluginManage:359 - Loaded plugin rif (category:base,tabindex:3)
2026-05-16 11:02:22,736 [INFO] PluginManage:310 - Check plugin thirdparty
2026-05-16 11:02:23,121 [INFO] PluginManage:359 - Loaded plugin thirdparty (category:base,tabindex:-1)
2026-05-16 11:02:23,121 [WARN] IntegrityCheckThread:84 - waiting for thirdparty lock release [integrity check]
2026-05-16 11:02:23,122 [INFO] PluginManage:310 - Check plugin tools
2026-05-16 11:02:23,122 [INFO] IntegrityCheckThread:86 - entering critical section [integrity check]
2026-05-16 11:02:23,124 [INFO] ThirdPartyUpdaterWithRetryManager:70 - Updater plugin not ready yet. [1/15]
2026-05-16 11:02:23,134 [INFO] PluginManage:359 - Loaded plugin tools (category:base,tabindex:7)
2026-05-16 11:02:23,135 [INFO] PluginManage:310 - Check plugin tutovideos
2026-05-16 11:02:23,571 [INFO] PluginManage:359 - Loaded plugin tutovideos (category:base,tabindex:-1)
2026-05-16 11:02:23,572 [INFO] PluginManage:310 - Check plugin updater
2026-05-16 11:02:23,623 [INFO] PluginManage:359 - Loaded plugin updater (category:base,tabindex:12)
2026-05-16 11:02:23,624 [INFO] PluginManage:310 - Check plugin userauth
2026-05-16 11:02:23,635 [INFO] UserAuth:118 - Init User Auth plugin
2026-05-16 11:02:23,637 [INFO] PluginManage:359 - Loaded plugin userauth (category:base,tabindex:14)
2026-05-16 11:02:23,638 [INFO] PluginManage:283 - PluginManage : Loaded plugins [18]
2026-05-16 11:02:24,216 [INFO] PinOutPanel:1589 - setPackage(No Configuration,No Configuration)
2026-05-16 11:02:24,526 [INFO] CADModel:165 - CPN selected for project level
2026-05-16 11:02:24,527 [INFO] CADModel:114 - Register for checkConnection events
2026-05-16 11:02:24,598 [INFO] IPUIPlugin:80 - create IPUIPlugin
2026-05-16 11:02:24,598 [INFO] PluginManager:220 - loadIPPluginJar : add adc
2026-05-16 11:02:24,610 [INFO] IPUIPlugin:80 - create IPUIPlugin
2026-05-16 11:02:24,611 [INFO] PluginManager:220 - loadIPPluginJar : add aes
2026-05-16 11:02:24,626 [INFO] IPUIPlugin:80 - create IPUIPlugin
2026-05-16 11:02:24,627 [INFO] PluginManager:220 - loadIPPluginJar : add can
2026-05-16 11:02:24,635 [INFO] IPUIPlugin:80 - create IPUIPlugin
2026-05-16 11:02:24,636 [INFO] PluginManager:220 - loadIPPluginJar : add comp
2026-05-16 11:02:24,648 [INFO] IPUIPlugin:80 - create IPUIPlugin
2026-05-16 11:02:24,648 [INFO] PluginManager:220 - loadIPPluginJar : add cryp
2026-05-16 11:02:24,661 [INFO] IPUIPlugin:80 - create IPUIPlugin
2026-05-16 11:02:24,662 [INFO] PluginManager:220 - loadIPPluginJar : add ddr_ctrl_phy
2026-05-16 11:02:24,672 [INFO] IPUIPlugin:80 - create IPUIPlugin
2026-05-16 11:02:24,673 [INFO] PluginManager:220 - loadIPPluginJar : add dfsdm
2026-05-16 11:02:24,692 [INFO] IPUIPlugin:80 - create IPUIPlugin
2026-05-16 11:02:24,693 [INFO] PluginManager:220 - loadIPPluginJar : add dma
2026-05-16 11:02:24,710 [INFO] IPUIPlugin:80 - create IPUIPlugin
2026-05-16 11:02:24,712 [INFO] PluginManager:220 - loadIPPluginJar : add dma3
2026-05-16 11:02:24,728 [INFO] IPUIPlugin:80 - create IPUIPlugin
2026-05-16 11:02:24,729 [INFO] PluginManager:220 - loadIPPluginJar : add extmemmanager
2026-05-16 11:02:24,736 [INFO] IPUIPlugin:80 - create IPUIPlugin
2026-05-16 11:02:24,737 [INFO] PluginManager:220 - loadIPPluginJar : add fatfs
2026-05-16 11:02:24,761 [INFO] IPUIPlugin:80 - create IPUIPlugin
2026-05-16 11:02:24,761 [INFO] PluginManager:220 - loadIPPluginJar : add fmc
2026-05-16 11:02:24,783 [INFO] IPUIPlugin:80 - create IPUIPlugin
2026-05-16 11:02:24,784 [INFO] PluginManager:220 - loadIPPluginJar : add freertos
2026-05-16 11:02:24,791 [INFO] IPUIPlugin:80 - create IPUIPlugin
2026-05-16 11:02:24,792 [INFO] PluginManager:220 - loadIPPluginJar : add genericplugin
2026-05-16 11:02:24,801 [INFO] IPUIPlugin:80 - create IPUIPlugin
2026-05-16 11:02:24,802 [INFO] PluginManager:220 - loadIPPluginJar : add gfxmmu
2026-05-16 11:02:24,819 [INFO] IPUIPlugin:80 - create IPUIPlugin
2026-05-16 11:02:24,819 [INFO] PluginManager:220 - loadIPPluginJar : add gic
2026-05-16 11:02:24,838 [INFO] IPUIPlugin:80 - create IPUIPlugin
2026-05-16 11:02:24,839 [INFO] PluginManager:220 - loadIPPluginJar : add gpio
2026-05-16 11:02:24,854 [INFO] IPUIPlugin:80 - create IPUIPlugin
2026-05-16 11:02:24,855 [INFO] PluginManager:220 - loadIPPluginJar : add gtzc
2026-05-16 11:02:24,867 [INFO] IPUIPlugin:80 - create IPUIPlugin
2026-05-16 11:02:24,867 [INFO] PluginManager:220 - loadIPPluginJar : add hash
2026-05-16 11:02:24,879 [INFO] IPUIPlugin:80 - create IPUIPlugin
2026-05-16 11:02:24,880 [INFO] PluginManager:220 - loadIPPluginJar : add i2c
2026-05-16 11:02:24,894 [INFO] IPUIPlugin:80 - create IPUIPlugin
2026-05-16 11:02:24,895 [INFO] PluginManager:220 - loadIPPluginJar : add i2s
2026-05-16 11:02:24,906 [INFO] IPUIPlugin:80 - create IPUIPlugin
2026-05-16 11:02:24,906 [INFO] PluginManager:220 - loadIPPluginJar : add i3c
2026-05-16 11:02:24,922 [INFO] IPUIPlugin:80 - create IPUIPlugin
2026-05-16 11:02:24,923 [INFO] PluginManager:220 - loadIPPluginJar : add ipddr
2026-05-16 11:02:24,954 [INFO] IPUIPlugin:80 - create IPUIPlugin
2026-05-16 11:02:24,956 [INFO] PluginManager:220 - loadIPPluginJar : add linkedlist
2026-05-16 11:02:24,969 [INFO] IPUIPlugin:80 - create IPUIPlugin
2026-05-16 11:02:24,970 [INFO] PluginManager:220 - loadIPPluginJar : add lorawan
2026-05-16 11:02:24,978 [INFO] IPUIPlugin:80 - create IPUIPlugin
2026-05-16 11:02:24,979 [INFO] PluginManager:220 - loadIPPluginJar : add ltdc
2026-05-16 11:02:25,013 [INFO] IPUIPlugin:80 - create IPUIPlugin
2026-05-16 11:02:25,014 [INFO] PluginManager:220 - loadIPPluginJar : add mdma
2026-05-16 11:02:25,034 [INFO] IPUIPlugin:80 - create IPUIPlugin
2026-05-16 11:02:25,036 [INFO] PluginManager:220 - loadIPPluginJar : add nvic
2026-05-16 11:02:25,051 [INFO] IPUIPlugin:80 - create IPUIPlugin
2026-05-16 11:02:25,052 [INFO] PluginManager:220 - loadIPPluginJar : add opamp
2026-05-16 11:02:25,067 [INFO] IPUIPlugin:80 - create IPUIPlugin
2026-05-16 11:02:25,068 [INFO] PluginManager:220 - loadIPPluginJar : add openamp
2026-05-16 11:02:25,084 [INFO] IPUIPlugin:80 - create IPUIPlugin
2026-05-16 11:02:25,085 [INFO] PluginManager:220 - loadIPPluginJar : add pdm2pcm
2026-05-16 11:02:25,110 [INFO] IPUIPlugin:80 - create IPUIPlugin
2026-05-16 11:02:25,120 [INFO] PluginManager:220 - loadIPPluginJar : add plateformsettings
2026-05-16 11:02:25,129 [INFO] IPUIPlugin:80 - create IPUIPlugin
2026-05-16 11:02:25,130 [INFO] PluginManager:220 - loadIPPluginJar : add quadspi
2026-05-16 11:02:25,138 [INFO] IPUIPlugin:80 - create IPUIPlugin
2026-05-16 11:02:25,143 [INFO] PluginManager:220 - loadIPPluginJar : add radio
2026-05-16 11:02:25,159 [INFO] IPUIPlugin:80 - create IPUIPlugin
2026-05-16 11:02:25,160 [INFO] PluginManager:220 - loadIPPluginJar : add resmgrutility
2026-05-16 11:02:25,175 [INFO] IPUIPlugin:80 - create IPUIPlugin
2026-05-16 11:02:25,175 [INFO] PluginManager:220 - loadIPPluginJar : add sai
2026-05-16 11:02:25,188 [INFO] IPUIPlugin:80 - create IPUIPlugin
2026-05-16 11:02:25,189 [INFO] PluginManager:220 - loadIPPluginJar : add spi
2026-05-16 11:02:25,213 [INFO] IPUIPlugin:80 - create IPUIPlugin
2026-05-16 11:02:25,214 [INFO] PluginManager:220 - loadIPPluginJar : add stm32_wpan
2026-05-16 11:02:25,224 [INFO] IPUIPlugin:80 - create IPUIPlugin
2026-05-16 11:02:25,225 [INFO] PluginManager:220 - loadIPPluginJar : add tim
2026-05-16 11:02:25,239 [INFO] IPUIPlugin:80 - create IPUIPlugin
2026-05-16 11:02:25,240 [INFO] PluginManager:220 - loadIPPluginJar : add touchsensing
2026-05-16 11:02:25,250 [INFO] IPUIPlugin:80 - create IPUIPlugin
2026-05-16 11:02:25,251 [INFO] PluginManager:220 - loadIPPluginJar : add tracer_emb
2026-05-16 11:02:25,260 [INFO] IPUIPlugin:80 - create IPUIPlugin
2026-05-16 11:02:25,260 [INFO] PluginManager:220 - loadIPPluginJar : add ts
2026-05-16 11:02:25,268 [INFO] IPUIPlugin:80 - create IPUIPlugin
2026-05-16 11:02:25,268 [INFO] PluginManager:220 - loadIPPluginJar : add tsc
2026-05-16 11:02:25,279 [INFO] IPUIPlugin:80 - create IPUIPlugin
2026-05-16 11:02:25,280 [INFO] PluginManager:220 - loadIPPluginJar : add ucpd
2026-05-16 11:02:25,294 [INFO] IPUIPlugin:80 - create IPUIPlugin
2026-05-16 11:02:25,295 [INFO] PluginManager:220 - loadIPPluginJar : add usart
2026-05-16 11:02:25,309 [INFO] IPUIPlugin:80 - create IPUIPlugin
2026-05-16 11:02:25,309 [INFO] PluginManager:220 - loadIPPluginJar : add usbx
2026-05-16 11:02:25,659 [FATAL] Updater:351 - Updater called before beeing initialized
2026-05-16 11:02:25,737 [INFO] RulesReader:64 - Compatibility file has been processed (301 Rules)
2026-05-16 11:02:25,765 [INFO] RulesReader:64 - Compatibility file has been processed (301 Rules)
2026-05-16 11:02:25,793 [INFO] CADModel:165 - CPN selected for project level
2026-05-16 11:02:25,794 [INFO] CADModel:114 - Register for checkConnection events
2026-05-16 11:02:25,794 [FATAL] Updater:351 - Updater called before beeing initialized
2026-05-16 11:02:25,794 [ERROR] CADModel:125 - Updater not yet initialized, retry later 
2026-05-16 11:02:26,126 [INFO] ThirdPartyUpdaterWithRetryManager:70 - Updater plugin not ready yet. [2/15]
2026-05-16 11:02:26,211 [FATAL] Updater:351 - Updater called before beeing initialized
2026-05-16 11:02:26,217 [INFO] CADModel:165 - CPN selected for project level
2026-05-16 11:02:26,218 [INFO] CADModel:114 - Register for checkConnection events
2026-05-16 11:02:26,218 [FATAL] Updater:351 - Updater called before beeing initialized
2026-05-16 11:02:26,218 [ERROR] CADModel:125 - Updater not yet initialized, retry later 
2026-05-16 11:02:26,228 [FATAL] Updater:351 - Updater called before beeing initialized
2026-05-16 11:02:26,489 [FATAL] Updater:351 - Updater called before beeing initialized
2026-05-16 11:02:26,499 [INFO] DbMcusAds:53 - JSON generation date=Mon Apr 27 13:44:29 IST 2026 (1777277669683)
2026-05-16 11:02:26,499 [FATAL] Updater:351 - Updater called before beeing initialized
2026-05-16 11:02:26,574 [WARN] DetailPanel:346 - Failed to get advertising image, set to default
2026-05-16 11:02:27,114 [FATAL] Updater:351 - Updater called before beeing initialized
2026-05-16 11:02:27,118 [FATAL] Updater:351 - Updater called before beeing initialized
2026-05-16 11:02:27,119 [FATAL] Updater:351 - Updater called before beeing initialized
2026-05-16 11:02:27,119 [WARN] DetailPanel:346 - Failed to get advertising image, set to default
2026-05-16 11:02:27,121 [FATAL] Updater:351 - Updater called before beeing initialized
2026-05-16 11:02:27,243 [ERROR] Updater:1198 - MainUpdater not yet initialized. External WinMGr cannot be set.
2026-05-16 11:02:27,249 [INFO] Updater:1134 - Updater Version found : 6.14.0
2026-05-16 11:02:27,293 [INFO] ApplicationProperties:184 - Using Application install path: C:\ST\STM32CubeIDE_1.18.0\STM32CubeIDE\plugins\com.st.stm32cube.common.mx_6.14.0.202502271554
2026-05-16 11:02:28,399 [INFO] MainUpdater:2872 - connection check result : 10
2026-05-16 11:02:28,401 [INFO] MainUpdater:289 - Updater Check For Update Now.
2026-05-16 11:02:28,402 [INFO] MicroXplorer:498 - Change Database Version : DB.6.0.140
2026-05-16 11:02:28,440 [INFO] McuFinderGlobals:63 - Set McuFinder mode to 2 (CubeIDE integrated)
2026-05-16 11:02:28,441 [INFO] UserAuth:171 - activating auth plugin
2026-05-16 11:02:28,449 [INFO] UserAuth:486 - Internet connection configuration mode: 1
2026-05-16 11:02:28,524 [INFO] JxBrowserEngine:152 - Initiate JxBrowser Engine with user profile folder
2026-05-16 11:02:28,755 [INFO] CheckServerUpdateThread:120 - End of CheckServer Thread
2026-05-16 11:02:30,801 [WARN] PackLoader:240 - Cannot read IP mode file for STMicroelectronics.X-CUBE-AZRTOS-H7.3.5.0
2026-05-16 11:02:30,827 [WARN] PackLoader:240 - Cannot read IP mode file for STMicroelectronics.FP-ATR-ASTRA1.2.0.2
2026-05-16 11:02:30,854 [WARN] PackLoader:240 - Cannot read IP mode file for STMicroelectronics.X-CUBE-SMBUS.2.1.0
2026-05-16 11:02:30,900 [WARN] PackLoader:240 - Cannot read IP mode file for STMicroelectronics.X-CUBE-AZRTOS-F7.1.1.0
2026-05-16 11:02:30,915 [ERROR] Engine:466 - C:\Users\hp\.stm32cubemx\thirdparties\pdsc\STMicroelectronics.FP-SNS-MOTENV1.5.1.0.pdsc: PDSC version is not supported
2026-05-16 11:02:30,925 [ERROR] Engine:466 - C:\Users\hp\.stm32cubemx\thirdparties\pdsc\WES.I-CUBE-Cesium.1.4.0.pdsc: PDSC version is not supported
2026-05-16 11:02:30,944 [WARN] PackLoader:240 - Cannot read IP mode file for STMicroelectronics.X-CUBE-DISPLAY.3.0.0
2026-05-16 11:02:30,971 [WARN] PackLoader:240 - Cannot read IP mode file for STMicroelectronics.X-CUBE-GNSS1.7.1.1
2026-05-16 11:02:30,979 [ERROR] Engine:466 - C:\Users\hp\.stm32cubemx\thirdparties\pdsc\STMicroelectronics.FP-SNS-MOTENVWB1.1.5.0.pdsc: PDSC version is not supported
2026-05-16 11:02:30,990 [WARN] PackLoader:240 - Cannot read IP mode file for STMicroelectronics.X-CUBE-NFC10.1.0.0
2026-05-16 11:02:31,005 [WARN] PackLoader:240 - Cannot read IP mode file for STMicroelectronics.X-CUBE-ST60.1.1.0
2026-05-16 11:02:31,020 [WARN] PackLoader:240 - Cannot read IP mode file for emotas.I-CUBE-CANOPEN.1.3.0
2026-05-16 11:02:31,031 [WARN] PackLoader:240 - Cannot read IP mode file for STMicroelectronics.X-CUBE-GNSS1.7.1.0
2026-05-16 11:02:31,041 [ERROR] Engine:466 - C:\Users\hp\.stm32cubemx\thirdparties\pdsc\STMicroelectronics.FP-SNS-STBOX1.2.1.0.pdsc: PDSC version is not supported
2026-05-16 11:02:31,050 [WARN] PackLoader:240 - Cannot read IP mode file for STMicroelectronics.FP-SNS-SMARTAG2.1.2.0
2026-05-16 11:02:31,059 [WARN] PackLoader:240 - Cannot read IP mode file for STMicroelectronics.FP-SNS-FLIGHT1.5.1.0
2026-05-16 11:02:31,079 [INFO] LogOutputStream:77 - [STDOUT_REDIRECT] 1 : Invalid condition id : UX_CORESTACK_Condition cause : null
2026-05-16 11:02:31,080 [INFO] LogOutputStream:77 - [STDOUT_REDIRECT] 1 : Invalid condition id : UX_CORESTACK_Condition cause : null
2026-05-16 11:02:31,083 [INFO] LogOutputStream:77 - [STDOUT_REDIRECT] 1 : Invalid condition id : UX_CORESTACK_Condition cause : null
2026-05-16 11:02:31,085 [INFO] LogOutputStream:77 - [STDOUT_REDIRECT] 1 : Invalid condition id : UX_CORESTACK_Condition cause : null
2026-05-16 11:02:31,088 [INFO] LogOutputStream:77 - [STDOUT_REDIRECT] 1 : Invalid condition id : UX_CORESTACK_Condition cause : null
2026-05-16 11:02:31,094 [WARN] PackLoader:240 - Cannot read IP mode file for STMicroelectronics.X-CUBE-AZRTOS-WL.2.0.0
2026-05-16 11:02:31,128 [WARN] PackLoader:240 - Cannot read IP mode file for STMicroelectronics.X-CUBE-AZRTOS-H7RS.1.2.0
2026-05-16 11:02:31,141 [INFO] WebApp:169 - Instantiating new browser for Auth
2026-05-16 11:02:31,142 [WARN] PackLoader:240 - Cannot read IP mode file for STMicroelectronics.X-CUBE-BLE2.3.3.0
2026-05-16 11:02:31,247 [WARN] PackLoader:240 - Cannot read IP mode file for Infineon.AIROC-Wi-Fi-Bluetooth-STM32.1.8.0
2026-05-16 11:02:31,290 [WARN] PackLoader:240 - Cannot read IP mode file for STMicroelectronics.X-CUBE-NFC9.1.0.0
2026-05-16 11:02:31,315 [WARN] PackLoader:240 - Cannot read IP mode file for STMicroelectronics.X-CUBE-BLE1.7.1.0
2026-05-16 11:02:31,331 [WARN] PackLoader:240 - Cannot read IP mode file for wolfSSL.I-CUBE-wolfMQTT.1.19.2
2026-05-16 11:02:31,351 [WARN] PackLoader:240 - Cannot read IP mode file for STMicroelectronics.X-CUBE-EEPRMA1.5.2.0
2026-05-16 11:02:31,372 [WARN] PackLoader:240 - Cannot read IP mode file for wolfSSL.I-CUBE-wolfSSL.5.8.4
2026-05-16 11:02:31,379 [ERROR] Engine:466 - C:\Users\hp\.stm32cubemx\thirdparties\pdsc\STMicroelectronics.FP-SNS-STAIOTCFT.1.1.0.pdsc: PDSC version is not supported
2026-05-16 11:02:31,586 [WARN] PackLoader:240 - Cannot read IP mode file for STMicroelectronics.X-CUBE-MEMS1.12.0.0
2026-05-16 11:02:31,849 [WARN] PackLoader:240 - Cannot read IP mode file for STMicroelectronics.X-CUBE-AZRTOS-G0.1.1.0
2026-05-16 11:02:31,879 [WARN] PackLoader:240 - Cannot read IP mode file for STMicroelectronics.X-CUBE-NFC4.3.0.0
2026-05-16 11:02:31,902 [WARN] PackLoader:240 - Cannot read IP mode file for EmbeddedOffice.I-CUBE-FS-RTOS.1.0.1
2026-05-16 11:02:31,913 [WARN] PackLoader:240 - Cannot read IP mode file for wolfSSL.I-CUBE-wolfTPM.3.8.0
2026-05-16 11:02:31,926 [WARN] PackLoader:240 - Cannot read IP mode file for STMicroelectronics.X-CUBE-TCPP.4.2.0
2026-05-16 11:02:31,948 [WARN] PackLoader:240 - Cannot read IP mode file for RealThread.X-CUBE-RT-Thread_Nano.4.1.1
2026-05-16 11:02:31,965 [WARN] PackLoader:240 - Cannot read IP mode file for STMicroelectronics.FP-ATR-SIGFOX1.3.2.0
2026-05-16 11:02:31,973 [ERROR] Engine:466 - C:\Users\hp\.stm32cubemx\thirdparties\pdsc\STMicroelectronics.X-CUBE-FREERTOS.1.5.0.pdsc: PDSC version is not supported
2026-05-16 11:02:31,992 [WARN] PackLoader:240 - Cannot read IP mode file for ITTIA_DB.I-CUBE-ITTIADB.8.9.0
2026-05-16 11:02:32,007 [WARN] PackLoader:240 - Cannot read IP mode file for Cesanta.I-CUBE-Mongoose.7.21.0
2026-05-16 11:02:32,027 [WARN] PackLoader:240 - Cannot read IP mode file for STMicroelectronics.X-CUBE-NFC6.3.2.0
2026-05-16 11:02:32,048 [WARN] PackLoader:240 - Cannot read IP mode file for STMicroelectronics.X-CUBE-AI.10.2.0
2026-05-16 11:02:32,176 [WARN] PackLoader:240 - Cannot read IP mode file for STMicroelectronics.X-CUBE-MEMS1.12.1.0
2026-05-16 11:02:32,495 [WARN] PackLoader:240 - Cannot read IP mode file for SEGGER.I-CUBE-embOS.1.3.1
2026-05-16 11:02:32,564 [WARN] PackLoader:240 - Cannot read IP mode file for STMicroelectronics.X-CUBE-ALGOBUILD.1.4.0
2026-05-16 11:02:32,596 [WARN] PackLoader:240 - Cannot read IP mode file for STMicroelectronics.X-CUBE-PM33A1.1.0.0
2026-05-16 11:02:32,634 [WARN] PackLoader:240 - Cannot read IP mode file for STMicroelectronics.X-CUBE-AZRTOS-F4.1.1.0
2026-05-16 11:02:32,653 [WARN] PackLoader:240 - Cannot read IP mode file for STMicroelectronics.X-CUBE-ISPU.2.1.0
2026-05-16 11:02:32,665 [ERROR] Engine:466 - C:\Users\hp\.stm32cubemx\thirdparties\pdsc\STMicroelectronics.X-CUBE-IPS.3.2.0.pdsc: PDSC version is not supported
2026-05-16 11:02:32,676 [WARN] PackLoader:240 - Cannot read IP mode file for STMicroelectronics.eDS-WB_DPC_TT-BIDIR.2.1.1
2026-05-16 11:02:32,699 [WARN] PackLoader:240 - Cannot read IP mode file for STMicroelectronics.X-CUBE-NFC12.1.0.0
2026-05-16 11:02:32,736 [WARN] PackLoader:240 - Cannot read IP mode file for STMicroelectronics.X-CUBE-AZRTOS-L5.2.0.0
2026-05-16 11:02:32,752 [WARN] PackLoader:240 - Cannot read IP mode file for STMicroelectronics.eDS-WB_DPC_VIENNA.1.2.0
2026-05-16 11:02:32,762 [WARN] PackLoader:240 - Cannot read IP mode file for STMicroelectronics.eDS-WB_DPC_3PH2L-BIDIR.1.1.1
2026-05-16 11:02:32,769 [ERROR] Engine:466 - C:\Users\hp\.stm32cubemx\thirdparties\pdsc\STMicroelectronics.X-CUBE-ST67W61.1.3.0.pdsc: PDSC version is not supported
2026-05-16 11:02:32,780 [WARN] PackLoader:240 - Cannot read IP mode file for STMicroelectronics.X-CUBE-TOUCHGFX.4.26.1
2026-05-16 11:02:32,794 [WARN] PackLoader:240 - Cannot read IP mode file for STMicroelectronics.FP-SNS-STAIOTCFT.1.0.0
2026-05-16 11:02:32,810 [WARN] PackLoader:240 - Cannot read IP mode file for STMicroelectronics.X-CUBE-DPower.1.3.0
2026-05-16 11:02:32,846 [WARN] ConditionMgr:438 - getConditionDescription Invalid condition id : LAN8742 Phy interface Condition cause : null
2026-05-16 11:02:32,848 [WARN] PackLoader:240 - Cannot read IP mode file for STMicroelectronics.X-CUBE-AZRTOS-L4.2.0.0
2026-05-16 11:02:32,851 [WARN] ConditionMgr:1044 - genDependencies : Invalid condition id : LAN8742 Phy interface Condition cause : null
2026-05-16 11:02:32,852 [WARN] ConditionMgr:1044 - genDependencies : Invalid condition id : LAN8742 Phy interface Condition cause : null
2026-05-16 11:02:32,853 [WARN] ConditionMgr:1044 - genDependencies : Invalid condition id : LAN8742 Phy interface Condition cause : null
2026-05-16 11:02:32,872 [WARN] PackLoader:240 - Cannot read IP mode file for STMicroelectronics.X-CUBE-SFXS2LP1.4.0.0
2026-05-16 11:02:32,887 [WARN] PackLoader:240 - Cannot read IP mode file for STMicroelectronics.X-CUBE-WB05N.2.1.0
2026-05-16 11:02:32,899 [ERROR] Engine:466 - C:\Users\hp\.stm32cubemx\thirdparties\pdsc\STMicroelectronics.X-CUBE-ST67W61.1.2.0.pdsc: PDSC version is not supported
2026-05-16 11:02:32,920 [WARN] PackLoader:240 - Cannot read IP mode file for STMicroelectronics.X-CUBE-BLEMGR.4.1.0
2026-05-16 11:02:32,946 [WARN] ConditionMgr:438 - getConditionDescription Invalid condition id : UX DEVICE CLASS RTOS Condition cause : null
2026-05-16 11:02:32,946 [WARN] ConditionMgr:438 - getConditionDescription Invalid condition id : UX DEVICE CLASS RTOS Condition cause : null
2026-05-16 11:02:32,949 [WARN] PackLoader:240 - Cannot read IP mode file for STMicroelectronics.X-CUBE-AZRTOS-WB.2.0.0
2026-05-16 11:02:32,951 [WARN] ConditionMgr:1044 - genDependencies : Invalid condition id : UX DEVICE CLASS RTOS Condition cause : null
2026-05-16 11:02:32,951 [WARN] ConditionMgr:1044 - genDependencies : Invalid condition id : UX DEVICE CLASS RTOS Condition cause : null
2026-05-16 11:02:32,952 [WARN] ConditionMgr:1044 - genDependencies : Invalid condition id : UX DEVICE CLASS RTOS Condition cause : null
2026-05-16 11:02:32,954 [WARN] ConditionMgr:1044 - genDependencies : Invalid condition id : UX DEVICE CLASS RTOS Condition cause : null
2026-05-16 11:02:32,954 [WARN] ConditionMgr:1044 - genDependencies : Invalid condition id : UX DEVICE CLASS RTOS Condition cause : null
2026-05-16 11:02:32,967 [WARN] ConditionMgr:438 - getConditionDescription Invalid condition id : Cortex-A Device cause : null
2026-05-16 11:02:32,992 [WARN] ConditionMgr:1044 - genDependencies : Invalid condition id : Cortex-A Device cause : null
2026-05-16 11:02:32,993 [WARN] ConditionMgr:1044 - genDependencies : Invalid condition id : Cortex-A Device cause : null
2026-05-16 11:02:32,993 [WARN] ConditionMgr:1044 - genDependencies : Invalid condition id : Cortex-A Device cause : null
2026-05-16 11:02:33,013 [WARN] PackLoader:240 - Cannot read IP mode file for STMicroelectronics.X-CUBE-STSE01.2.0.0
2026-05-16 11:02:33,032 [WARN] PackLoader:240 - Cannot read IP mode file for STMicroelectronics.X-CUBE-SUBG2.5.0.0
2026-05-16 11:02:33,068 [WARN] PackLoader:240 - Cannot read IP mode file for STMicroelectronics.X-CUBE-AZRTOS-G4.2.0.0
2026-05-16 11:02:33,080 [WARN] PackLoader:240 - Cannot read IP mode file for wolfSSL.I-CUBE-wolfSSH.1.4.20
2026-05-16 11:02:33,095 [WARN] PackLoader:240 - Cannot read IP mode file for STMicroelectronics.X-CUBE-NFC7.2.0.0
2026-05-16 11:02:33,109 [WARN] PackLoader:240 - Cannot read IP mode file for STMicroelectronics.X-CUBE-ALS.1.0.2
2026-05-16 11:02:33,129 [WARN] PackLoader:240 - Cannot read IP mode file for STMicroelectronics.X-CUBE-TOF1.3.4.3
2026-05-16 11:02:33,142 [INFO] ThirdParty:978 - Integrity check success = true
2026-05-16 11:02:33,142 [INFO] IntegrityCheckThread:100 - exiting critical section [integrity check]
2026-05-16 11:02:33,143 [INFO] IntegrityCheckThread:103 - End integrity checks thread
2026-05-16 11:02:33,687 [INFO] WebApp:463 - Apply proxy settings
2026-05-16 11:02:33,688 [INFO] WebApp:548 - Chromium requires no authentication
2026-05-16 11:02:33,706 [INFO] WebApp:491 - Direct internet connection detected
2026-05-16 11:02:33,759 [INFO] WebApp:894 - Register for checkConnection events
2026-05-16 11:02:33,759 [INFO] WebApp:463 - Apply proxy settings
2026-05-16 11:02:33,760 [INFO] WebApp:548 - Chromium requires no authentication
2026-05-16 11:02:33,761 [INFO] WebApp:491 - Direct internet connection detected
2026-05-16 11:02:34,079 [INFO] WebApp:225 - Starting web application
2026-05-16 11:02:34,080 [INFO] WebApp:593 - Web application path used C:\ST\STM32CubeIDE_1.18.0\STM32CubeIDE\plugins\com.st.stm32cube.common.mx_6.14.0.202502271554\db\plugins\mcufinder\reactClient1\index.html
2026-05-16 11:02:34,660 [INFO] WebApp:191 - Connection restablished
2026-05-16 12:23:42,742 [INFO] WebApp:194 - Connection lost
2026-05-16 12:23:44,830 [INFO] WebApp:191 - Connection restablished
2026-05-16 14:20:44,923 [INFO] WebApp:194 - Connection lost
2026-05-16 15:13:47,026 [ERROR] ConfigurationRetriever:142 - IOException on connection: sw-center.st.com
2026-05-16 15:13:47,037 [ERROR] ConfigurationRetriever:142 - IOException on connection: sw-center.st.com
2026-05-16 15:13:47,038 [ERROR] ConfigurationRetriever:142 - IOException on connection: sw-center.st.com
2026-05-16 15:15:19,132 [INFO] WebApp:191 - Connection restablished
2026-05-16 18:18:02,109 [INFO] WebApp:194 - Connection lost
2026-05-16 18:18:15,453 [INFO] WebApp:191 - Connection restablished
2026-05-16 21:15:45,396 [INFO] WebApp:194 - Connection lost
2026-05-16 21:15:50,319 [INFO] WebApp:191 - Connection restablished
2026-05-16 21:18:51,113 [INFO] WebApp:194 - Connection lost
2026-05-16 21:18:51,564 [INFO] WebApp:191 - Connection restablished
2026-05-16 22:02:37,018 [INFO] WebApp:194 - Connection lost
2026-05-16 22:02:37,809 [INFO] WebApp:191 - Connection restablished
2026-05-16 22:39:44,624 [ERROR] LogOutputStream:75 - [STDERR_REDIRECT] 
