2026-05-06 18:01:47,751 [INFO] Activator:176 - 


2026-05-06 18:01:47,781 [INFO] Activator:177 - !SESSION log4j initialized
2026-05-06 18:01:58,236 [INFO] LogOutputStream:77 - [STDOUT_REDIRECT] 
2026-05-06 18:02:06,038 [INFO] ApplicationProperties:184 - Using Application install path: C:\ST\STM32CubeIDE_1.18.0\STM32CubeIDE\plugins\com.st.stm32cube.common.mx_6.14.0.202502271554
2026-05-06 18:02:06,097 [INFO] DbMcusXml:78 - Set database path to: C:\ST\STM32CubeIDE_1.18.0\STM32CubeIDE\plugins\com.st.stm32cube.common.mx_6.14.0.202502271554\\db\/mcu/
2026-05-06 18:02:06,098 [INFO] ApiDb:274 - Set plugin database path to: C:\ST\STM32CubeIDE_1.18.0\STM32CubeIDE\plugins\com.st.stm32cube.common.mx_6.14.0.202502271554\\db\/plugins/boardmanager/
2026-05-06 18:02:06,100 [WARN] ApiDb:259 - Overriding images path with different value:  => C:\ST\STM32CubeIDE_1.18.0\STM32CubeIDE\plugins\com.st.stm32cube.common.mx_6.14.0.202502271554\\db\/plugins/mcufinder/images/
2026-05-06 18:02:06,143 [INFO] ApiDb:250 - Set database path to: C:\Users\hp\.stmcufinder\plugins\mcufinder//mcu/
2026-05-06 18:02:06,146 [INFO] DbMcusAds:125 - Set database path to: C:\Users\hp\.stmcufinder\plugins\mcufinder//mcu/
2026-05-06 18:02:06,155 [INFO] CrossReferenceDbSqlite:203 - Set database path to: C:\Users\hp\.stmcufinder\plugins\mcufinder//mcu/cs/
2026-05-06 18:02:06,485 [INFO] RulesReader:64 - Compatibility file has been processed (301 Rules)
2026-05-06 18:02:06,834 [INFO] DbMcusXml:78 - Set database path to: C:\ST\STM32CubeIDE_1.18.0\STM32CubeIDE\plugins\com.st.stm32cube.common.mx_6.14.0.202502271554\\db\/mcu/
2026-05-06 18:02:06,834 [INFO] ApiDb:274 - Set plugin database path to: C:\ST\STM32CubeIDE_1.18.0\STM32CubeIDE\plugins\com.st.stm32cube.common.mx_6.14.0.202502271554\\db\/plugins/boardmanager/
2026-05-06 18:02:06,834 [INFO] ApiDb:261 - Set plugin images path to: C:\ST\STM32CubeIDE_1.18.0\STM32CubeIDE\plugins\com.st.stm32cube.common.mx_6.14.0.202502271554\\db\/plugins/mcufinder/images/
2026-05-06 18:02:06,836 [WARN] DbFile:41 - Overriding database path with different value: C:\Users\hp\.stmcufinder\plugins\mcufinder/ => C:\Users\hp\.stmcufinder\plugins\mcufinder
2026-05-06 18:02:06,836 [INFO] ApiDb:250 - Set database path to: C:\Users\hp\.stmcufinder\plugins\mcufinder//mcu/
2026-05-06 18:02:06,836 [WARN] DbFile:41 - Overriding database path with different value: C:\Users\hp\.stmcufinder\plugins\mcufinder/ => C:\Users\hp\.stmcufinder\plugins\mcufinder
2026-05-06 18:02:06,837 [INFO] DbMcusAds:125 - Set database path to: C:\Users\hp\.stmcufinder\plugins\mcufinder//mcu/
2026-05-06 18:02:06,837 [WARN] DbFile:41 - Overriding database path with different value: C:\Users\hp\.stmcufinder\plugins\mcufinder/ => C:\Users\hp\.stmcufinder\plugins\mcufinder
2026-05-06 18:02:06,837 [WARN] DbFile:41 - Overriding database path with different value: C:\Users\hp\.stmcufinder\plugins\mcufinder/ => C:\Users\hp\.stmcufinder\plugins\mcufinder
2026-05-06 18:02:06,837 [INFO] CrossReferenceDbSqlite:203 - Set database path to: C:\Users\hp\.stmcufinder\plugins\mcufinder//mcu/cs/
2026-05-06 18:02:07,121 [INFO] MainPanel:272 - HeapMemory: 268435456
2026-05-06 18:02:07,533 [INFO] DbMcusXml:78 - Set database path to: C:\ST\STM32CubeIDE_1.18.0\STM32CubeIDE\plugins\com.st.stm32cube.common.mx_6.14.0.202502271554\\db\/mcu/
2026-05-06 18:02:07,534 [INFO] ApiDb:274 - Set plugin database path to: C:\ST\STM32CubeIDE_1.18.0\STM32CubeIDE\plugins\com.st.stm32cube.common.mx_6.14.0.202502271554\\db\/plugins/boardmanager/
2026-05-06 18:02:07,534 [INFO] ApiDb:261 - Set plugin images path to: C:\ST\STM32CubeIDE_1.18.0\STM32CubeIDE\plugins\com.st.stm32cube.common.mx_6.14.0.202502271554\\db\/plugins/mcufinder/images/
2026-05-06 18:02:07,535 [WARN] DbFile:41 - Overriding database path with different value: C:\Users\hp\.stmcufinder\plugins\mcufinder/ => C:\Users\hp\.stmcufinder\plugins\mcufinder
2026-05-06 18:02:07,536 [INFO] ApiDb:250 - Set database path to: C:\Users\hp\.stmcufinder\plugins\mcufinder//mcu/
2026-05-06 18:02:07,536 [WARN] DbFile:41 - Overriding database path with different value: C:\Users\hp\.stmcufinder\plugins\mcufinder/ => C:\Users\hp\.stmcufinder\plugins\mcufinder
2026-05-06 18:02:07,536 [INFO] DbMcusAds:125 - Set database path to: C:\Users\hp\.stmcufinder\plugins\mcufinder//mcu/
2026-05-06 18:02:07,537 [WARN] DbFile:41 - Overriding database path with different value: C:\Users\hp\.stmcufinder\plugins\mcufinder/ => C:\Users\hp\.stmcufinder\plugins\mcufinder
2026-05-06 18:02:07,537 [WARN] DbFile:41 - Overriding database path with different value: C:\Users\hp\.stmcufinder\plugins\mcufinder/ => C:\Users\hp\.stmcufinder\plugins\mcufinder
2026-05-06 18:02:07,537 [INFO] CrossReferenceDbSqlite:203 - Set database path to: C:\Users\hp\.stmcufinder\plugins\mcufinder//mcu/cs/
2026-05-06 18:02:07,606 [INFO] ApplicationProperties:184 - Using Application install path: C:\ST\STM32CubeIDE_1.18.0\STM32CubeIDE\plugins\com.st.stm32cube.common.mx_6.14.0.202502271554
2026-05-06 18:02:07,610 [INFO] PluginManage:196 - Search for loadable plugins [exclusion list=, ]
2026-05-06 18:02:07,616 [INFO] PluginManage:310 - Check plugin analytics
2026-05-06 18:02:08,225 [INFO] AnalyticsPlugin:253 - Accepted Software Licenses: 
2026-05-06 18:02:08,226 [INFO] AnalyticsPlugin:255 - Accepted CMSIS Pack Licenses: 
2026-05-06 18:02:08,227 [INFO] AnalyticsPlugin:257 - Accepted Firmware Licenses: 
2026-05-06 18:02:08,240 [INFO] PluginManage:359 - Loaded plugin analytics (category:tool,tabindex:-1)
2026-05-06 18:02:08,241 [INFO] PluginManage:310 - Check plugin cadmodel
2026-05-06 18:02:08,271 [INFO] CADModel:105 - Init CAD model plugin
2026-05-06 18:02:08,272 [INFO] PluginManage:359 - Loaded plugin cadmodel (category:power,tabindex:5)
2026-05-06 18:02:08,273 [INFO] PluginManage:310 - Check plugin clock
2026-05-06 18:02:08,318 [INFO] PluginManage:359 - Loaded plugin clock (category:base,tabindex:2)
2026-05-06 18:02:08,319 [INFO] PluginManage:310 - Check plugin ddr
2026-05-06 18:02:08,329 [INFO] PluginManage:359 - Loaded plugin ddr (category:tool,tabindex:6)
2026-05-06 18:02:08,330 [INFO] PluginManage:310 - Check plugin filemanager
2026-05-06 18:02:08,894 [INFO] PluginManage:359 - Loaded plugin filemanager (category:base,tabindex:10)
2026-05-06 18:02:08,894 [INFO] PluginManage:310 - Check plugin ipmanager
2026-05-06 18:02:08,926 [INFO] PluginManage:359 - Loaded plugin ipmanager (category:base,tabindex:5)
2026-05-06 18:02:08,927 [INFO] PluginManage:310 - Check plugin lpbam
2026-05-06 18:02:08,957 [INFO] PluginManage:359 - Loaded plugin lpbam (category:base,tabindex:0)
2026-05-06 18:02:08,958 [INFO] PluginManage:310 - Check plugin memorymap
2026-05-06 18:02:09,014 [INFO] PluginManage:359 - Loaded plugin memorymap (category:base,tabindex:4)
2026-05-06 18:02:09,015 [INFO] PluginManage:310 - Check plugin pinoutandconfiguration
2026-05-06 18:02:09,051 [INFO] PluginManage:359 - Loaded plugin pinoutandconfiguration (category:base,tabindex:1)
2026-05-06 18:02:09,052 [INFO] PluginManage:310 - Check plugin pinoutconfig
2026-05-06 18:02:09,340 [WARN] SupportedApi:132 - Cannot load RTOS API schema: s4s-elt-must-match.1: The content of 'definitions' must match (annotation?, (simpleType | complexType)?, (unique | key | keyref)*)). A problem was found starting at: attribute.
2026-05-06 18:02:09,829 [INFO] PluginManage:359 - Loaded plugin pinoutconfig (category:base,tabindex:0)
2026-05-06 18:02:09,830 [INFO] PluginManage:310 - Check plugin power
2026-05-06 18:02:09,871 [INFO] PluginManage:359 - Loaded plugin power (category:power,tabindex:4)
2026-05-06 18:02:09,872 [INFO] PluginManage:310 - Check plugin projectmanager
2026-05-06 18:02:09,928 [INFO] PluginManage:359 - Loaded plugin projectmanager (category:projectmanager,tabindex:4)
2026-05-06 18:02:09,929 [INFO] PluginManage:310 - Check plugin rif
2026-05-06 18:02:09,962 [INFO] PluginManage:359 - Loaded plugin rif (category:base,tabindex:3)
2026-05-06 18:02:09,963 [INFO] PluginManage:310 - Check plugin thirdparty
2026-05-06 18:02:10,444 [INFO] PluginManage:359 - Loaded plugin thirdparty (category:base,tabindex:-1)
2026-05-06 18:02:10,444 [INFO] PluginManage:310 - Check plugin tools
2026-05-06 18:02:10,444 [WARN] IntegrityCheckThread:84 - waiting for thirdparty lock release [integrity check]
2026-05-06 18:02:10,446 [INFO] IntegrityCheckThread:86 - entering critical section [integrity check]
2026-05-06 18:02:10,447 [INFO] ThirdPartyUpdaterWithRetryManager:70 - Updater plugin not ready yet. [1/15]
2026-05-06 18:02:10,456 [INFO] PluginManage:359 - Loaded plugin tools (category:base,tabindex:7)
2026-05-06 18:02:10,457 [INFO] PluginManage:310 - Check plugin tutovideos
2026-05-06 18:02:11,131 [INFO] PluginManage:359 - Loaded plugin tutovideos (category:base,tabindex:-1)
2026-05-06 18:02:11,132 [INFO] PluginManage:310 - Check plugin updater
2026-05-06 18:02:11,193 [INFO] PluginManage:359 - Loaded plugin updater (category:base,tabindex:12)
2026-05-06 18:02:11,193 [INFO] PluginManage:310 - Check plugin userauth
2026-05-06 18:02:11,206 [INFO] UserAuth:118 - Init User Auth plugin
2026-05-06 18:02:11,209 [INFO] PluginManage:359 - Loaded plugin userauth (category:base,tabindex:14)
2026-05-06 18:02:11,212 [INFO] PluginManage:283 - PluginManage : Loaded plugins [18]
2026-05-06 18:02:11,861 [INFO] PinOutPanel:1589 - setPackage(No Configuration,No Configuration)
2026-05-06 18:02:12,156 [INFO] CADModel:165 - CPN selected for project level
2026-05-06 18:02:12,156 [INFO] CADModel:114 - Register for checkConnection events
2026-05-06 18:02:12,217 [INFO] IPUIPlugin:80 - create IPUIPlugin
2026-05-06 18:02:12,217 [INFO] PluginManager:220 - loadIPPluginJar : add adc
2026-05-06 18:02:12,229 [INFO] IPUIPlugin:80 - create IPUIPlugin
2026-05-06 18:02:12,230 [INFO] PluginManager:220 - loadIPPluginJar : add aes
2026-05-06 18:02:12,239 [INFO] IPUIPlugin:80 - create IPUIPlugin
2026-05-06 18:02:12,240 [INFO] PluginManager:220 - loadIPPluginJar : add can
2026-05-06 18:02:12,246 [INFO] IPUIPlugin:80 - create IPUIPlugin
2026-05-06 18:02:12,247 [INFO] PluginManager:220 - loadIPPluginJar : add comp
2026-05-06 18:02:12,256 [INFO] IPUIPlugin:80 - create IPUIPlugin
2026-05-06 18:02:12,257 [INFO] PluginManager:220 - loadIPPluginJar : add cryp
2026-05-06 18:02:12,268 [INFO] IPUIPlugin:80 - create IPUIPlugin
2026-05-06 18:02:12,269 [INFO] PluginManager:220 - loadIPPluginJar : add ddr_ctrl_phy
2026-05-06 18:02:12,278 [INFO] IPUIPlugin:80 - create IPUIPlugin
2026-05-06 18:02:12,279 [INFO] PluginManager:220 - loadIPPluginJar : add dfsdm
2026-05-06 18:02:12,295 [INFO] IPUIPlugin:80 - create IPUIPlugin
2026-05-06 18:02:12,296 [INFO] PluginManager:220 - loadIPPluginJar : add dma
2026-05-06 18:02:12,308 [INFO] IPUIPlugin:80 - create IPUIPlugin
2026-05-06 18:02:12,309 [INFO] PluginManager:220 - loadIPPluginJar : add dma3
2026-05-06 18:02:12,319 [INFO] IPUIPlugin:80 - create IPUIPlugin
2026-05-06 18:02:12,319 [INFO] PluginManager:220 - loadIPPluginJar : add extmemmanager
2026-05-06 18:02:12,325 [INFO] IPUIPlugin:80 - create IPUIPlugin
2026-05-06 18:02:12,327 [INFO] PluginManager:220 - loadIPPluginJar : add fatfs
2026-05-06 18:02:12,342 [INFO] IPUIPlugin:80 - create IPUIPlugin
2026-05-06 18:02:12,343 [INFO] PluginManager:220 - loadIPPluginJar : add fmc
2026-05-06 18:02:12,359 [INFO] IPUIPlugin:80 - create IPUIPlugin
2026-05-06 18:02:12,360 [INFO] PluginManager:220 - loadIPPluginJar : add freertos
2026-05-06 18:02:12,364 [INFO] IPUIPlugin:80 - create IPUIPlugin
2026-05-06 18:02:12,365 [INFO] PluginManager:220 - loadIPPluginJar : add genericplugin
2026-05-06 18:02:12,375 [INFO] IPUIPlugin:80 - create IPUIPlugin
2026-05-06 18:02:12,375 [INFO] PluginManager:220 - loadIPPluginJar : add gfxmmu
2026-05-06 18:02:12,391 [INFO] IPUIPlugin:80 - create IPUIPlugin
2026-05-06 18:02:12,391 [INFO] PluginManager:220 - loadIPPluginJar : add gic
2026-05-06 18:02:12,405 [INFO] IPUIPlugin:80 - create IPUIPlugin
2026-05-06 18:02:12,406 [INFO] PluginManager:220 - loadIPPluginJar : add gpio
2026-05-06 18:02:12,419 [INFO] IPUIPlugin:80 - create IPUIPlugin
2026-05-06 18:02:12,419 [INFO] PluginManager:220 - loadIPPluginJar : add gtzc
2026-05-06 18:02:12,428 [INFO] IPUIPlugin:80 - create IPUIPlugin
2026-05-06 18:02:12,429 [INFO] PluginManager:220 - loadIPPluginJar : add hash
2026-05-06 18:02:12,441 [INFO] IPUIPlugin:80 - create IPUIPlugin
2026-05-06 18:02:12,441 [INFO] PluginManager:220 - loadIPPluginJar : add i2c
2026-05-06 18:02:12,451 [INFO] IPUIPlugin:80 - create IPUIPlugin
2026-05-06 18:02:12,452 [INFO] PluginManager:220 - loadIPPluginJar : add i2s
2026-05-06 18:02:12,464 [INFO] IPUIPlugin:80 - create IPUIPlugin
2026-05-06 18:02:12,465 [INFO] PluginManager:220 - loadIPPluginJar : add i3c
2026-05-06 18:02:12,475 [INFO] IPUIPlugin:80 - create IPUIPlugin
2026-05-06 18:02:12,476 [INFO] PluginManager:220 - loadIPPluginJar : add ipddr
2026-05-06 18:02:12,500 [INFO] IPUIPlugin:80 - create IPUIPlugin
2026-05-06 18:02:12,500 [INFO] PluginManager:220 - loadIPPluginJar : add linkedlist
2026-05-06 18:02:12,510 [INFO] IPUIPlugin:80 - create IPUIPlugin
2026-05-06 18:02:12,511 [INFO] PluginManager:220 - loadIPPluginJar : add lorawan
2026-05-06 18:02:12,517 [INFO] IPUIPlugin:80 - create IPUIPlugin
2026-05-06 18:02:12,518 [INFO] PluginManager:220 - loadIPPluginJar : add ltdc
2026-05-06 18:02:12,533 [INFO] IPUIPlugin:80 - create IPUIPlugin
2026-05-06 18:02:12,535 [INFO] PluginManager:220 - loadIPPluginJar : add mdma
2026-05-06 18:02:12,546 [INFO] IPUIPlugin:80 - create IPUIPlugin
2026-05-06 18:02:12,546 [INFO] PluginManager:220 - loadIPPluginJar : add nvic
2026-05-06 18:02:12,556 [INFO] IPUIPlugin:80 - create IPUIPlugin
2026-05-06 18:02:12,556 [INFO] PluginManager:220 - loadIPPluginJar : add opamp
2026-05-06 18:02:12,569 [INFO] IPUIPlugin:80 - create IPUIPlugin
2026-05-06 18:02:12,570 [INFO] PluginManager:220 - loadIPPluginJar : add openamp
2026-05-06 18:02:12,583 [INFO] IPUIPlugin:80 - create IPUIPlugin
2026-05-06 18:02:12,584 [INFO] PluginManager:220 - loadIPPluginJar : add pdm2pcm
2026-05-06 18:02:12,606 [INFO] IPUIPlugin:80 - create IPUIPlugin
2026-05-06 18:02:12,612 [INFO] PluginManager:220 - loadIPPluginJar : add plateformsettings
2026-05-06 18:02:12,619 [INFO] IPUIPlugin:80 - create IPUIPlugin
2026-05-06 18:02:12,619 [INFO] PluginManager:220 - loadIPPluginJar : add quadspi
2026-05-06 18:02:12,626 [INFO] IPUIPlugin:80 - create IPUIPlugin
2026-05-06 18:02:12,629 [INFO] PluginManager:220 - loadIPPluginJar : add radio
2026-05-06 18:02:12,645 [INFO] IPUIPlugin:80 - create IPUIPlugin
2026-05-06 18:02:12,645 [INFO] PluginManager:220 - loadIPPluginJar : add resmgrutility
2026-05-06 18:02:12,657 [INFO] IPUIPlugin:80 - create IPUIPlugin
2026-05-06 18:02:12,657 [INFO] PluginManager:220 - loadIPPluginJar : add sai
2026-05-06 18:02:12,667 [INFO] IPUIPlugin:80 - create IPUIPlugin
2026-05-06 18:02:12,668 [INFO] PluginManager:220 - loadIPPluginJar : add spi
2026-05-06 18:02:12,684 [INFO] IPUIPlugin:80 - create IPUIPlugin
2026-05-06 18:02:12,685 [INFO] PluginManager:220 - loadIPPluginJar : add stm32_wpan
2026-05-06 18:02:12,692 [INFO] IPUIPlugin:80 - create IPUIPlugin
2026-05-06 18:02:12,693 [INFO] PluginManager:220 - loadIPPluginJar : add tim
2026-05-06 18:02:12,708 [INFO] IPUIPlugin:80 - create IPUIPlugin
2026-05-06 18:02:12,709 [INFO] PluginManager:220 - loadIPPluginJar : add touchsensing
2026-05-06 18:02:12,720 [INFO] IPUIPlugin:80 - create IPUIPlugin
2026-05-06 18:02:12,721 [INFO] PluginManager:220 - loadIPPluginJar : add tracer_emb
2026-05-06 18:02:12,729 [INFO] IPUIPlugin:80 - create IPUIPlugin
2026-05-06 18:02:12,729 [INFO] PluginManager:220 - loadIPPluginJar : add ts
2026-05-06 18:02:12,735 [INFO] IPUIPlugin:80 - create IPUIPlugin
2026-05-06 18:02:12,736 [INFO] PluginManager:220 - loadIPPluginJar : add tsc
2026-05-06 18:02:12,743 [INFO] IPUIPlugin:80 - create IPUIPlugin
2026-05-06 18:02:12,744 [INFO] PluginManager:220 - loadIPPluginJar : add ucpd
2026-05-06 18:02:12,751 [INFO] IPUIPlugin:80 - create IPUIPlugin
2026-05-06 18:02:12,753 [INFO] PluginManager:220 - loadIPPluginJar : add usart
2026-05-06 18:02:12,765 [INFO] IPUIPlugin:80 - create IPUIPlugin
2026-05-06 18:02:12,765 [INFO] PluginManager:220 - loadIPPluginJar : add usbx
2026-05-06 18:02:13,087 [FATAL] Updater:351 - Updater called before beeing initialized
2026-05-06 18:02:13,160 [INFO] RulesReader:64 - Compatibility file has been processed (301 Rules)
2026-05-06 18:02:13,181 [INFO] RulesReader:64 - Compatibility file has been processed (301 Rules)
2026-05-06 18:02:13,204 [INFO] CADModel:165 - CPN selected for project level
2026-05-06 18:02:13,204 [INFO] CADModel:114 - Register for checkConnection events
2026-05-06 18:02:13,204 [FATAL] Updater:351 - Updater called before beeing initialized
2026-05-06 18:02:13,205 [ERROR] CADModel:125 - Updater not yet initialized, retry later 
2026-05-06 18:02:13,450 [INFO] ThirdPartyUpdaterWithRetryManager:70 - Updater plugin not ready yet. [2/15]
2026-05-06 18:02:13,707 [FATAL] Updater:351 - Updater called before beeing initialized
2026-05-06 18:02:13,715 [INFO] CADModel:165 - CPN selected for project level
2026-05-06 18:02:13,716 [INFO] CADModel:114 - Register for checkConnection events
2026-05-06 18:02:13,717 [FATAL] Updater:351 - Updater called before beeing initialized
2026-05-06 18:02:13,718 [ERROR] CADModel:125 - Updater not yet initialized, retry later 
2026-05-06 18:02:13,728 [FATAL] Updater:351 - Updater called before beeing initialized
2026-05-06 18:02:14,037 [FATAL] Updater:351 - Updater called before beeing initialized
2026-05-06 18:02:14,051 [INFO] DbMcusAds:53 - JSON generation date=Tue Apr 07 13:03:18 IST 2026 (1775547198605)
2026-05-06 18:02:14,052 [FATAL] Updater:351 - Updater called before beeing initialized
2026-05-06 18:02:14,152 [WARN] DetailPanel:346 - Failed to get advertising image, set to default
2026-05-06 18:02:14,890 [FATAL] Updater:351 - Updater called before beeing initialized
2026-05-06 18:02:14,896 [FATAL] Updater:351 - Updater called before beeing initialized
2026-05-06 18:02:14,896 [FATAL] Updater:351 - Updater called before beeing initialized
2026-05-06 18:02:14,897 [WARN] DetailPanel:346 - Failed to get advertising image, set to default
2026-05-06 18:02:14,900 [FATAL] Updater:351 - Updater called before beeing initialized
2026-05-06 18:02:15,141 [ERROR] Updater:1198 - MainUpdater not yet initialized. External WinMGr cannot be set.
2026-05-06 18:02:15,147 [INFO] Updater:1134 - Updater Version found : 6.14.0
2026-05-06 18:02:15,219 [INFO] ApplicationProperties:184 - Using Application install path: C:\ST\STM32CubeIDE_1.18.0\STM32CubeIDE\plugins\com.st.stm32cube.common.mx_6.14.0.202502271554
2026-05-06 18:02:16,451 [FATAL] Updater:351 - Updater called before beeing initialized
2026-05-06 18:02:16,452 [ERROR] IntegrityCheckThread:130 - Cannot retrieve database content from updater: error 21
2026-05-06 18:02:16,453 [INFO] ThirdParty:978 - Integrity check success = false
2026-05-06 18:02:16,453 [INFO] IntegrityCheckThread:100 - exiting critical section [integrity check]
2026-05-06 18:02:16,454 [INFO] IntegrityCheckThread:103 - End integrity checks thread
2026-05-06 18:02:16,863 [ERROR] LogOutputStream:75 - [STDERR_REDIRECT] May 06, 2026 6:02:16 PM java.util.prefs.WindowsPreferences <init>
2026-05-06 18:02:16,869 [ERROR] LogOutputStream:75 - [STDERR_REDIRECT] WARNING: Could not open/create prefs root node Software\JavaSoft\Prefs at root 0xffffffff80000002. Windows RegCreateKeyEx(...) returned error code 5.
2026-05-06 18:02:16,870 [ERROR] LogOutputStream:75 - [STDERR_REDIRECT] 
2026-05-06 18:02:19,224 [INFO] MainUpdater:2872 - connection check result : 10
2026-05-06 18:02:19,226 [INFO] MainUpdater:3566 - Updater definition file requires update
2026-05-06 18:02:19,235 [INFO] MainUpdater:289 - Updater Check For Update Now.
2026-05-06 18:02:19,238 [INFO] MicroXplorer:498 - Change Database Version : DB.6.0.140
2026-05-06 18:02:19,282 [INFO] McuFinderGlobals:63 - Set McuFinder mode to 2 (CubeIDE integrated)
2026-05-06 18:02:19,284 [INFO] UserAuth:171 - activating auth plugin
2026-05-06 18:02:19,302 [INFO] UserAuth:486 - Internet connection configuration mode: 1
2026-05-06 18:02:19,328 [INFO] ServerAccessManage:473 - Download File updaters.zip
2026-05-06 18:02:19,449 [INFO] JxBrowserEngine:152 - Initiate JxBrowser Engine with user profile folder
2026-05-06 18:02:21,362 [INFO] FileExtend:242 - Unzip File : updaters.zip
2026-05-06 18:02:21,364 [INFO] FileExtend:257 - Standard Zip Deflate
2026-05-06 18:02:24,989 [INFO] WebApp:169 - Instantiating new browser for Auth
2026-05-06 18:02:25,452 [INFO] ServerAccessManage:473 - Download File PacksControlFlags.xml
2026-05-06 18:02:25,759 [INFO] ServerAccessManage:473 - Download File cubemx.pidx
2026-05-06 18:02:27,134 [INFO] ServerAccessManage:473 - Download File STMicroelectronics.FP-SNS-STAIOTCFT.pdsc
2026-05-06 18:02:28,070 [INFO] ServerAccessManage:473 - Download File STMicroelectronics.X-CUBE-GNSS1.pdsc
2026-05-06 18:02:28,506 [INFO] WebApp:463 - Apply proxy settings
2026-05-06 18:02:28,508 [INFO] WebApp:548 - Chromium requires no authentication
2026-05-06 18:02:28,537 [INFO] WebApp:491 - Direct internet connection detected
2026-05-06 18:02:28,602 [INFO] WebApp:894 - Register for checkConnection events
2026-05-06 18:02:28,602 [INFO] WebApp:463 - Apply proxy settings
2026-05-06 18:02:28,602 [INFO] WebApp:548 - Chromium requires no authentication
2026-05-06 18:02:28,603 [INFO] WebApp:491 - Direct internet connection detected
2026-05-06 18:02:29,043 [INFO] WebApp:225 - Starting web application
2026-05-06 18:02:29,044 [INFO] WebApp:593 - Web application path used C:\ST\STM32CubeIDE_1.18.0\STM32CubeIDE\plugins\com.st.stm32cube.common.mx_6.14.0.202502271554\db\plugins\mcufinder\reactClient1\index.html
2026-05-06 18:02:29,653 [INFO] WebApp:191 - Connection restablished
2026-05-06 18:02:29,881 [ERROR] ServerAccessManage:1089 - Problem, file not found on Server
2026-05-06 18:02:30,491 [ERROR] ServerAccessManage:1089 - Problem, file not found on Server
2026-05-06 18:02:31,102 [ERROR] ServerAccessManage:1089 - Problem, file not found on Server
2026-05-06 18:02:31,339 [ERROR] ServerAccessManage:1089 - Problem, file not found on Server
2026-05-06 18:02:31,564 [ERROR] ServerAccessManage:1089 - Problem, file not found on Server
2026-05-06 18:02:31,804 [ERROR] ServerAccessManage:1089 - Problem, file not found on Server
2026-05-06 18:02:32,200 [INFO] ServerAccessManage:473 - Download File STMicroelectronics.X-CUBE-MEMS1.pdsc
2026-05-06 18:02:34,977 [INFO] ServerAccessManage:473 - Download File STMicroelectronics.X-CUBE-ST67W61.pdsc
2026-05-06 18:02:37,114 [WARN] PopulateThirdPartyThread:106 - Error when creating pack: C:/Users/hp/.stm32cubemx/thirdparties/pdsc/STMicroelectronics.FP-SNS-STAIOTCFT.pdsc
2026-05-06 18:02:37,245 [WARN] PackLoader:240 - Cannot read IP mode file for STMicroelectronics.X-CUBE-GNSS1.7.1.1
2026-05-06 18:02:37,413 [INFO] CheckServerUpdateThread:120 - End of CheckServer Thread
2026-05-06 18:02:37,500 [WARN] PackLoader:240 - Cannot read IP mode file for STMicroelectronics.X-CUBE-MEMS1.12.1.0
2026-05-06 18:02:37,801 [WARN] PopulateThirdPartyThread:106 - Error when creating pack: C:/Users/hp/.stm32cubemx/thirdparties/pdsc/STMicroelectronics.X-CUBE-ST67W61.pdsc
2026-05-06 18:02:37,801 [INFO] PopulateThirdPartyThread:66 - Ending populate Thread
2026-05-06 18:02:37,806 [INFO] ThirdParty:1030 - CMSIS Pack Vendor :STMicroelectronics X-CUBE-MEMS1 12.1.0
2026-05-06 18:02:37,806 [INFO] ThirdParty:1030 - CMSIS Pack Vendor :STMicroelectronics X-CUBE-GNSS1 7.1.1
2026-05-06 18:02:37,806 [INFO] LoadServerUpdatesThread:375 - End of LoadServerUpdate Thread
2026-05-06 19:42:06,314 [INFO] WebApp:194 - Connection lost
2026-05-06 19:42:25,973 [INFO] WebApp:191 - Connection restablished
2026-05-06 22:44:02,797 [INFO] WebApp:194 - Connection lost
2026-05-06 22:44:03,360 [INFO] WebApp:191 - Connection restablished
2026-05-06 22:46:13,885 [ERROR] LogOutputStream:75 - [STDERR_REDIRECT] 
2026-05-06 22:46:13,901 [ERROR] LogOutputStream:75 - [STDERR_REDIRECT] 
