Archive member included to satisfy reference by file (symbol)

C:/ST/STM32CubeIDE_1.18.0/STM32CubeIDE/plugins/com.st.stm32cube.ide.mcu.externaltools.gnu-tools-for-stm32.13.3.rel1.win32_1.0.0.202411081344/tools/bin/../lib/gcc/arm-none-eabi/13.3.1/../../../../arm-none-eabi/lib/thumb/v7e-m+fp/hard\libc_nano.a(libc_a-exit.o)
                              C:/ST/STM32CubeIDE_1.18.0/STM32CubeIDE/plugins/com.st.stm32cube.ide.mcu.externaltools.gnu-tools-for-stm32.13.3.rel1.win32_1.0.0.202411081344/tools/bin/../lib/gcc/arm-none-eabi/13.3.1/../../../../arm-none-eabi/lib/thumb/v7e-m+fp/hard/crt0.o (exit)
C:/ST/STM32CubeIDE_1.18.0/STM32CubeIDE/plugins/com.st.stm32cube.ide.mcu.externaltools.gnu-tools-for-stm32.13.3.rel1.win32_1.0.0.202411081344/tools/bin/../lib/gcc/arm-none-eabi/13.3.1/../../../../arm-none-eabi/lib/thumb/v7e-m+fp/hard\libc_nano.a(libc_a-findfp.o)
                              C:/ST/STM32CubeIDE_1.18.0/STM32CubeIDE/plugins/com.st.stm32cube.ide.mcu.externaltools.gnu-tools-for-stm32.13.3.rel1.win32_1.0.0.202411081344/tools/bin/../lib/gcc/arm-none-eabi/13.3.1/../../../../arm-none-eabi/lib/thumb/v7e-m+fp/hard\libc_nano.a(libc_a-exit.o) (__stdio_exit_handler)
C:/ST/STM32CubeIDE_1.18.0/STM32CubeIDE/plugins/com.st.stm32cube.ide.mcu.externaltools.gnu-tools-for-stm32.13.3.rel1.win32_1.0.0.202411081344/tools/bin/../lib/gcc/arm-none-eabi/13.3.1/../../../../arm-none-eabi/lib/thumb/v7e-m+fp/hard\libc_nano.a(libc_a-fwalk.o)
                              C:/ST/STM32CubeIDE_1.18.0/STM32CubeIDE/plugins/com.st.stm32cube.ide.mcu.externaltools.gnu-tools-for-stm32.13.3.rel1.win32_1.0.0.202411081344/tools/bin/../lib/gcc/arm-none-eabi/13.3.1/../../../../arm-none-eabi/lib/thumb/v7e-m+fp/hard\libc_nano.a(libc_a-findfp.o) (_fwalk_sglue)
C:/ST/STM32CubeIDE_1.18.0/STM32CubeIDE/plugins/com.st.stm32cube.ide.mcu.externaltools.gnu-tools-for-stm32.13.3.rel1.win32_1.0.0.202411081344/tools/bin/../lib/gcc/arm-none-eabi/13.3.1/../../../../arm-none-eabi/lib/thumb/v7e-m+fp/hard\libc_nano.a(libc_a-stdio.o)
                              C:/ST/STM32CubeIDE_1.18.0/STM32CubeIDE/plugins/com.st.stm32cube.ide.mcu.externaltools.gnu-tools-for-stm32.13.3.rel1.win32_1.0.0.202411081344/tools/bin/../lib/gcc/arm-none-eabi/13.3.1/../../../../arm-none-eabi/lib/thumb/v7e-m+fp/hard\libc_nano.a(libc_a-findfp.o) (__sread)
C:/ST/STM32CubeIDE_1.18.0/STM32CubeIDE/plugins/com.st.stm32cube.ide.mcu.externaltools.gnu-tools-for-stm32.13.3.rel1.win32_1.0.0.202411081344/tools/bin/../lib/gcc/arm-none-eabi/13.3.1/../../../../arm-none-eabi/lib/thumb/v7e-m+fp/hard\libc_nano.a(libc_a-memset.o)
                              C:/ST/STM32CubeIDE_1.18.0/STM32CubeIDE/plugins/com.st.stm32cube.ide.mcu.externaltools.gnu-tools-for-stm32.13.3.rel1.win32_1.0.0.202411081344/tools/bin/../lib/gcc/arm-none-eabi/13.3.1/../../../../arm-none-eabi/lib/thumb/v7e-m+fp/hard/crt0.o (memset)
C:/ST/STM32CubeIDE_1.18.0/STM32CubeIDE/plugins/com.st.stm32cube.ide.mcu.externaltools.gnu-tools-for-stm32.13.3.rel1.win32_1.0.0.202411081344/tools/bin/../lib/gcc/arm-none-eabi/13.3.1/../../../../arm-none-eabi/lib/thumb/v7e-m+fp/hard\libc_nano.a(libc_a-closer.o)
                              C:/ST/STM32CubeIDE_1.18.0/STM32CubeIDE/plugins/com.st.stm32cube.ide.mcu.externaltools.gnu-tools-for-stm32.13.3.rel1.win32_1.0.0.202411081344/tools/bin/../lib/gcc/arm-none-eabi/13.3.1/../../../../arm-none-eabi/lib/thumb/v7e-m+fp/hard\libc_nano.a(libc_a-stdio.o) (_close_r)
C:/ST/STM32CubeIDE_1.18.0/STM32CubeIDE/plugins/com.st.stm32cube.ide.mcu.externaltools.gnu-tools-for-stm32.13.3.rel1.win32_1.0.0.202411081344/tools/bin/../lib/gcc/arm-none-eabi/13.3.1/../../../../arm-none-eabi/lib/thumb/v7e-m+fp/hard\libc_nano.a(libc_a-reent.o)
                              C:/ST/STM32CubeIDE_1.18.0/STM32CubeIDE/plugins/com.st.stm32cube.ide.mcu.externaltools.gnu-tools-for-stm32.13.3.rel1.win32_1.0.0.202411081344/tools/bin/../lib/gcc/arm-none-eabi/13.3.1/../../../../arm-none-eabi/lib/thumb/v7e-m+fp/hard\libc_nano.a(libc_a-closer.o) (errno)
C:/ST/STM32CubeIDE_1.18.0/STM32CubeIDE/plugins/com.st.stm32cube.ide.mcu.externaltools.gnu-tools-for-stm32.13.3.rel1.win32_1.0.0.202411081344/tools/bin/../lib/gcc/arm-none-eabi/13.3.1/../../../../arm-none-eabi/lib/thumb/v7e-m+fp/hard\libc_nano.a(libc_a-impure.o)
                              C:/ST/STM32CubeIDE_1.18.0/STM32CubeIDE/plugins/com.st.stm32cube.ide.mcu.externaltools.gnu-tools-for-stm32.13.3.rel1.win32_1.0.0.202411081344/tools/bin/../lib/gcc/arm-none-eabi/13.3.1/../../../../arm-none-eabi/lib/thumb/v7e-m+fp/hard\libc_nano.a(libc_a-reent.o) (_impure_ptr)
C:/ST/STM32CubeIDE_1.18.0/STM32CubeIDE/plugins/com.st.stm32cube.ide.mcu.externaltools.gnu-tools-for-stm32.13.3.rel1.win32_1.0.0.202411081344/tools/bin/../lib/gcc/arm-none-eabi/13.3.1/../../../../arm-none-eabi/lib/thumb/v7e-m+fp/hard\libc_nano.a(libc_a-lseekr.o)
[...]
Memory Configuration

Name             Origin             Length             Attributes
CCMRAM           0x10000000         0x00010000         xrw
RAM              0x20000000         0x00020000         xrw
FLASH            0x08000000         0x00100000         xr
*default*        0x00000000         0xffffffff

Linker script and memory map

LOAD C:/ST/STM32CubeIDE_1.18.0/STM32CubeIDE/plugins/com.st.stm32cube.ide.mcu.externaltools.gnu-tools-for-stm32.13.3.rel1.win32_1.0.0.202411081344/tools/bin/../lib/gcc/arm-none-eabi/13.3.1/thumb/v7e-m+fp/hard/crti.o
LOAD C:/ST/STM32CubeIDE_1.18.0/STM32CubeIDE/plugins/com.st.stm32cube.ide.mcu.externaltools.gnu-tools-for-stm32.13.3.rel1.win32_1.0.0.202411081344/tools/bin/../lib/gcc/arm-none-eabi/13.3.1/thumb/v7e-m+fp/hard/crtbegin.o
LOAD C:/ST/STM32CubeIDE_1.18.0/STM32CubeIDE/plugins/com.st.stm32cube.ide.mcu.externaltools.gnu-tools-for-stm32.13.3.rel1.win32_1.0.0.202411081344/tools/bin/../lib/gcc/arm-none-eabi/13.3.1/../../../../arm-none-eabi/lib/thumb/v7e-m+fp/hard/crt0.o
LOAD ./Drivers/Src/stm32f407xx_adc_driver.o
LOAD ./Drivers/Src/stm32f407xx_gpio_driver.o
LOAD ./Drivers/Src/stm32f407xx_rcc_driver.o
LOAD ./Drivers/Src/stm32f407xx_usart_driver.o
LOAD ./Src/main.o
LOAD ./Src/syscalls.o
LOAD ./Src/sysmem.o
LOAD ./Startup/startup_stm32f407vgtx.o
START GROUP
LOAD C:/ST/STM32CubeIDE_1.18.0/STM32CubeIDE/plugins/com.st.stm32cube.ide.mcu.externaltools.gnu-tools-for-stm32.13.3.rel1.win32_1.0.0.202411081344/tools/bin/../lib/gcc/arm-none-eabi/13.3.1/../../../../arm-none-eabi/lib/thumb/v7e-m+fp/hard\libc_nano.a
LOAD C:/ST/STM32CubeIDE_1.18.0/STM32CubeIDE/plugins/com.st.stm32cube.ide.mcu.externaltools.gnu-tools-for-stm32.13.3.rel1.win32_1.0.0.202411081344/tools/bin/../lib/gcc/arm-none-eabi/13.3.1/../../../../arm-none-eabi/lib/thumb/v7e-m+fp/hard\libm.a
END GROUP
START GROUP
LOAD C:/ST/STM32CubeIDE_1.18.0/STM32CubeIDE/plugins/com.st.stm32cube.ide.mcu.externaltools.gnu-tools-for-stm32.13.3.rel1.win32_1.0.0.202411081344/tools/bin/../lib/gcc/arm-none-eabi/13.3.1/thumb/v7e-m+fp/hard\libgcc.a
LOAD C:/ST/STM32CubeIDE_1.18.0/STM32CubeIDE/plugins/com.st.stm32cube.ide.mcu.externaltools.gnu-tools-for-stm32.13.3.rel1.win32_1.0.0.202411081344/tools/bin/../lib/gcc/arm-none-eabi/13.3.1/../../../../arm-none-eabi/lib/thumb/v7e-m+fp/hard\libc_nano.a
END GROUP
START GROUP
LOAD C:/ST/STM32CubeIDE_1.18.0/STM32CubeIDE/plugins/com.st.stm32cube.ide.mcu.externaltools.gnu-tools-for-stm32.13.3.rel1.win32_1.0.0.202411081344/tools/bin/../lib/gcc/arm-none-eabi/13.3.1/thumb/v7e-m+fp/hard\libgcc.a
LOAD C:/ST/STM32CubeIDE_1.18.0/STM32CubeIDE/plugins/com.st.stm32cube.ide.mcu.externaltools.gnu-tools-for-stm32.13.3.rel1.win32_1.0.0.202411081344/tools/bin/../lib/gcc/arm-none-eabi/13.3.1/../../../../arm-none-eabi/lib/thumb/v7e-m+fp/hard\libc_nano.a
LOAD C:/ST/STM32CubeIDE_1.18.0/STM32CubeIDE/plugins/com.st.stm32cube.ide.mcu.externaltools.gnu-tools-for-stm32.13.3.rel1.win32_1.0.0.202411081344/tools/bin/../lib/gcc/arm-none-eabi/13.3.1/../../../../arm-none-eabi/lib/thumb/v7e-m+fp/hard\libnosys.a
END GROUP
START GROUP
LOAD C:/ST/STM32CubeIDE_1.18.0/STM32CubeIDE/plugins/com.st.stm32cube.ide.mcu.externaltools.gnu-tools-for-stm32.13.3.rel1.win32_1.0.0.202411081344/tools/bin/../lib/gcc/arm-none-eabi/13.3.1/thumb/v7e-m+fp/hard\libgcc.a
LOAD C:/ST/STM32CubeIDE_1.18.0/STM32CubeIDE/plugins/com.st.stm32cube.ide.mcu.externaltools.gnu-tools-for-stm32.13.3.rel1.win32_1.0.0.202411081344/tools/bin/../lib/gcc/arm-none-eabi/13.3.1/../../../../arm-none-eabi/lib/thumb/v7e-m+fp/hard\libc_nano.a
LOAD C:/ST/STM32CubeIDE_1.18.0/STM32CubeIDE/plugins/com.st.stm32cube.ide.mcu.externaltools.gnu-tools-for-stm32.13.3.rel1.win32_1.0.0.202411081344/tools/bin/../lib/gcc/arm-none-eabi/13.3.1/../../../../arm-none-eabi/lib/thumb/v7e-m+fp/hard\libnosys.a
END GROUP
LOAD C:/ST/STM32CubeIDE_1.18.0/STM32CubeIDE/plugins/com.st.stm32cube.ide.mcu.externaltools.gnu-tools-for-stm32.13.3.rel1.win32_1.0.0.202411081344/tools/bin/../lib/gcc/arm-none-eabi/13.3.1/thumb/v7e-m+fp/hard/crtend.o
LOAD C:/ST/STM32CubeIDE_1.18.0/STM32CubeIDE/plugins/com.st.stm32cube.ide.mcu.externaltools.gnu-tools-for-stm32.13.3.rel1.win32_1.0.0.202411081344/tools/bin/../lib/gcc/arm-none-eabi/13.3.1/thumb/v7e-m+fp/hard/crtn.o
                0x20020000                        _estack = (ORIGIN (RAM) + LENGTH (RAM))
                0x00000200                        _Min_Heap_Size = 0x200
                0x00000400                        _Min_Stack_Size = 0x400

.isr_vector     0x08000000      0x188
                0x08000000                        . = ALIGN (0x4)
 *(.isr_vector)
 .isr_vector    0x08000000      0x188 ./Startup/startup_stm32f407vgtx.o
                0x08000000                g_pfnVectors
                0x08000188                        . = ALIGN (0x4)

.text           0x08000188      0x8bc
                0x08000188                        . = ALIGN (0x4)
 *(.text)
 .text          0x08000188       0x40 C:/ST/STM32CubeIDE_1.18.0/STM32CubeIDE/plugins/com.st.stm32cube.ide.mcu.externaltools.gnu-tools-for-stm32.13.3.rel1.win32_1.0.0.202411081344/tools/bin/../lib/gcc/arm-none-eabi/13.3.1/thumb/v7e-m+fp/hard/crtbegin.o
 *(.text*)
 .text.ADC_PeriClockControl
                0x080001c8       0xb0 ./Drivers/Src/stm32f407xx_adc_driver.o
                0x080001c8                ADC_PeriClockControl
 .text.ADC_Init
                0x08000278       0xdc ./Drivers/Src/stm32f407xx_adc_driver.o
                0x08000278                ADC_Init
 .text.ADC_PeripheralControl
                0x08000354       0x38 ./Drivers/Src/stm32f407xx_adc_driver.o
                0x08000354                ADC_PeripheralControl
 .text.ADC_StartConversion
                0x0800038c       0x20 ./Drivers/Src/stm32f407xx_adc_driver.o
                0x0800038c                ADC_StartConversion
 .text.ADC_Read
                0x080003ac       0x28 ./Drivers/Src/stm32f407xx_adc_driver.o
                0x080003ac                ADC_Read
 .text.GPIO_PeriClockControl
                0x080003d4      0x1d0 ./Drivers/Src/stm32f407xx_gpio_driver.o
                0x080003d4                GPIO_PeriClockControl
 .text.GPIO_Init
                0x080005a4      0x330 ./Drivers/Src/stm32f407xx_gpio_driver.o
                0x080005a4                GPIO_Init
 .text.delay    0x080008d4       0x2a ./Src/main.o
                0x080008d4                delay
 *fill*         0x080008fe        0x2 
 .text.ADC_GPIO_Init
                0x08000900       0x2c ./Src/main.o
                0x08000900                ADC_GPIO_Init
 .text.main     0x0800092c       0x64 ./Src/main.o
                0x0800092c                main
 .text.Reset_Handler
                0x08000990       0x50 ./Startup/startup_stm32f407vgtx.o
                0x08000990                Reset_Handler
 .text.Default_Handler
                0x080009e0        0x2 ./Startup/startup_stm32f407vgtx.o
                0x080009e0                RTC_Alarm_IRQHandler
                0x080009e0                HASH_RNG_IRQHandler
                0x080009e0                EXTI2_IRQHandler
                0x080009e0                TIM8_CC_IRQHandler
                0x080009e0                DebugMon_Handler
                0x080009e0                TIM1_CC_IRQHandler
                0x080009e0                DMA2_Stream5_IRQHandler
                0x080009e0                HardFault_Handler
                0x080009e0                DMA1_Stream5_IRQHandler
                0x080009e0                SysTick_Handler
                0x080009e0                PVD_IRQHandler
                0x080009e0                SDIO_IRQHandler
                0x080009e0                TAMP_STAMP_IRQHandler
                0x080009e0                PendSV_Handler
                0x080009e0                NMI_Handler
                0x080009e0                CAN2_RX1_IRQHandler
                0x080009e0                EXTI3_IRQHandler
                0x080009e0                TIM8_TRG_COM_TIM14_IRQHandler
                0x080009e0                TIM1_UP_TIM10_IRQHandler
                0x080009e0                TIM8_UP_TIM13_IRQHandler
                0x080009e0                I2C3_ER_IRQHandler
                0x080009e0                EXTI0_IRQHandler
                0x080009e0                I2C2_EV_IRQHandler
                0x080009e0                DMA1_Stream2_IRQHandler
                0x080009e0                CAN1_RX0_IRQHandler
                0x080009e0                FPU_IRQHandler
                0x080009e0                OTG_HS_WKUP_IRQHandler
                0x080009e0                UsageFault_Handler
                0x080009e0                CAN2_SCE_IRQHandler
                0x080009e0                DMA2_Stream2_IRQHandler
                0x080009e0                SPI1_IRQHandler
                0x080009e0                TIM6_DAC_IRQHandler
                0x080009e0                TIM1_BRK_TIM9_IRQHandler
                0x080009e0                DCMI_IRQHandler
                0x080009e0                CAN2_RX0_IRQHandler
                0x080009e0                DMA2_Stream3_IRQHandler
                0x080009e0                USART6_IRQHandler
                0x080009e0                USART3_IRQHandler
                0x080009e0                CRYP_IRQHandler
                0x080009e0                CAN1_RX1_IRQHandler
                0x080009e0                UART5_IRQHandler
                0x080009e0                DMA2_Stream0_IRQHandler
                0x080009e0                TIM4_IRQHandler
                0x080009e0                I2C1_EV_IRQHandler
                0x080009e0                DMA1_Stream6_IRQHandler
                0x080009e0                DMA1_Stream1_IRQHandler
                0x080009e0                UART4_IRQHandler
                0x080009e0                TIM3_IRQHandler
                0x080009e0                RCC_IRQHandler
                0x080009e0                TIM8_BRK_TIM12_IRQHandler
                0x080009e0                Default_Handler
                0x080009e0                EXTI15_10_IRQHandler
                0x080009e0                ADC_IRQHandler
                0x080009e0                DMA1_Stream7_IRQHandler
                0x080009e0                TIM7_IRQHandler
                0x080009e0                CAN2_TX_IRQHandler
                0x080009e0                TIM5_IRQHandler
                0x080009e0                DMA2_Stream7_IRQHandler
                0x080009e0                I2C3_EV_IRQHandler
                0x080009e0                EXTI9_5_IRQHandler
                0x080009e0                RTC_WKUP_IRQHandler
                0x080009e0                ETH_WKUP_IRQHandler
                0x080009e0                SPI2_IRQHandler
                0x080009e0                OTG_HS_EP1_IN_IRQHandler
                0x080009e0                MemManage_Handler
                0x080009e0                DMA1_Stream0_IRQHandler
                0x080009e0                CAN1_TX_IRQHandler
                0x080009e0                SVC_Handler
                0x080009e0                EXTI4_IRQHandler
                0x080009e0                FSMC_IRQHandler
                0x080009e0                ETH_IRQHandler
                0x080009e0                OTG_HS_EP1_OUT_IRQHandler
                0x080009e0                WWDG_IRQHandler
                0x080009e0                TIM2_IRQHandler
                0x080009e0                OTG_FS_WKUP_IRQHandler
                0x080009e0                TIM1_TRG_COM_TIM11_IRQHandler
                0x080009e0                OTG_HS_IRQHandler
                0x080009e0                EXTI1_IRQHandler
                0x080009e0                USART2_IRQHandler
                0x080009e0                I2C2_ER_IRQHandler
                0x080009e0                DMA2_Stream1_IRQHandler
                0x080009e0                CAN1_SCE_IRQHandler
                0x080009e0                DMA2_Stream4_IRQHandler
                0x080009e0                BusFault_Handler
                0x080009e0                USART1_IRQHandler
                0x080009e0                OTG_FS_IRQHandler
                0x080009e0                SPI3_IRQHandler
                0x080009e0                DMA1_Stream4_IRQHandler
                0x080009e0                I2C1_ER_IRQHandler
                0x080009e0                DMA2_Stream6_IRQHandler
                0x080009e0                DMA1_Stream3_IRQHandler
 *fill*         0x080009e2        0x2 
 .text.__libc_init_array
                0x080009e4       0x48 C:/ST/STM32CubeIDE_1.18.0/STM32CubeIDE/plugins/com.st.stm32cube.ide.mcu.externaltools.gnu-tools-for-stm32.13.3.rel1.win32_1.0.0.202411081344/tools/bin/../lib/gcc/arm-none-eabi/13.3.1/../../../../arm-none-eabi/lib/thumb/v7e-m+fp/hard\libc_nano.a(libc_a-init.o)
                0x080009e4                __libc_init_array
 *(.glue_7)
 .glue_7        0x08000a2c        0x0 linker stubs
 *(.glue_7t)
 .glue_7t       0x08000a2c        0x0 linker stubs
 *(.eh_frame)
 .eh_frame      0x08000a2c        0x0 C:/ST/STM32CubeIDE_1.18.0/STM32CubeIDE/plugins/com.st.stm32cube.ide.mcu.externaltools.gnu-tools-for-stm32.13.3.rel1.win32_1.0.0.202411081344/tools/bin/../lib/gcc/arm-none-eabi/13.3.1/thumb/v7e-m+fp/hard/crtbegin.o
 *(.init)
 .init          0x08000a2c        0x4 C:/ST/STM32CubeIDE_1.18.0/STM32CubeIDE/plugins/com.st.stm32cube.ide.mcu.externaltools.gnu-tools-for-stm32.13.3.rel1.win32_1.0.0.202411081344/tools/bin/../lib/gcc/arm-none-eabi/13.3.1/thumb/v7e-m+fp/hard/crti.o
                0x08000a2c                _init
 .init          0x08000a30        0x8 C:/ST/STM32CubeIDE_1.18.0/STM32CubeIDE/plugins/com.st.stm32cube.ide.mcu.externaltools.gnu-tools-for-stm32.13.3.rel1.win32_1.0.0.202411081344/tools/bin/../lib/gcc/arm-none-eabi/13.3.1/thumb/v7e-m+fp/hard/crtn.o
 *(.fini)
 .fini          0x08000a38        0x4 C:/ST/STM32CubeIDE_1.18.0/STM32CubeIDE/plugins/com.st.stm32cube.ide.mcu.externaltools.gnu-tools-for-stm32.13.3.rel1.win32_1.0.0.202411081344/tools/bin/../lib/gcc/arm-none-eabi/13.3.1/thumb/v7e-m+fp/hard/crti.o
                0x08000a38                _fini
 .fini          0x08000a3c        0x8 C:/ST/STM32CubeIDE_1.18.0/STM32CubeIDE/plugins/com.st.stm32cube.ide.mcu.externaltools.gnu-tools-for-stm32.13.3.rel1.win32_1.0.0.202411081344/tools/bin/../lib/gcc/arm-none-eabi/13.3.1/thumb/v7e-m+fp/hard/crtn.o
                0x08000a44                        . = ALIGN (0x4)
                0x08000a44                        _etext = .

.vfp11_veneer   0x08000a44        0x0
 .vfp11_veneer  0x08000a44        0x0 linker stubs

.v4_bx          0x08000a44        0x0
 .v4_bx         0x08000a44        0x0 linker stubs

.iplt           0x08000a44        0x0
 .iplt          0x08000a44        0x0 C:/ST/STM32CubeIDE_1.18.0/STM32CubeIDE/plugins/com.st.stm32cube.ide.mcu.externaltools.gnu-tools-for-stm32.13.3.rel1.win32_1.0.0.202411081344/tools/bin/../lib/gcc/arm-none-eabi/13.3.1/thumb/v7e-m+fp/hard/crtbegin.o

.rodata         0x08000a44        0x0
                0x08000a44                        . = ALIGN (0x4)
 *(.rodata)
 *(.rodata*)
                0x08000a44                        . = ALIGN (0x4)

.ARM.extab      0x08000a44        0x0
                0x08000a44                        . = ALIGN (0x4)
 *(.ARM.extab* .gnu.linkonce.armextab.*)
                0x08000a44                        . = ALIGN (0x4)

.ARM            0x08000a44        0x0
                0x08000a44                        . = ALIGN (0x4)
                0x08000a44                        __exidx_start = .
 *(.ARM.exidx*)
                0x08000a44                        __exidx_end = .
                0x08000a44                        . = ALIGN (0x4)

.preinit_array  0x08000a44        0x0
                0x08000a44                        . = ALIGN (0x4)
                0x08000a44                        PROVIDE (__preinit_array_start = .)
 *(.preinit_array*)
                0x08000a44                        PROVIDE (__preinit_array_end = .)
                0x08000a44                        . = ALIGN (0x4)

.init_array     0x08000a44        0x4
                0x08000a44                        . = ALIGN (0x4)
                0x08000a44                        PROVIDE (__init_array_start = .)
 *(SORT_BY_NAME(.init_array.*))
 *(.init_array*)
 .init_array    0x08000a44        0x4 C:/ST/STM32CubeIDE_1.18.0/STM32CubeIDE/plugins/com.st.stm32cube.ide.mcu.externaltools.gnu-tools-for-stm32.13.3.rel1.win32_1.0.0.202411081344/tools/bin/../lib/gcc/arm-none-eabi/13.3.1/thumb/v7e-m+fp/hard/crtbegin.o
                0x08000a48                        PROVIDE (__init_array_end = .)
                0x08000a48                        . = ALIGN (0x4)

.fini_array     0x08000a48        0x4
                0x08000a48                        . = ALIGN (0x4)
                [!provide]                        PROVIDE (__fini_array_start = .)
 *(SORT_BY_NAME(.fini_array.*))
 *(.fini_array*)
 .fini_array    0x08000a48        0x4 C:/ST/STM32CubeIDE_1.18.0/STM32CubeIDE/plugins/com.st.stm32cube.ide.mcu.externaltools.gnu-tools-for-stm32.13.3.rel1.win32_1.0.0.202411081344/tools/bin/../lib/gcc/arm-none-eabi/13.3.1/thumb/v7e-m+fp/hard/crtbegin.o
                [!provide]                        PROVIDE (__fini_array_end = .)
                0x08000a4c                        . = ALIGN (0x4)
                0x08000a4c                        _sidata = LOADADDR (.data)

.rel.dyn        0x08000a4c        0x0
 .rel.iplt      0x08000a4c        0x0 C:/ST/STM32CubeIDE_1.18.0/STM32CubeIDE/plugins/com.st.stm32cube.ide.mcu.externaltools.gnu-tools-for-stm32.13.3.rel1.win32_1.0.0.202411081344/tools/bin/../lib/gcc/arm-none-eabi/13.3.1/thumb/v7e-m+fp/hard/crtbegin.o

.data           0x20000000        0x0 load address 0x08000a4c
                0x20000000                        . = ALIGN (0x4)
                0x20000000                        _sdata = .
 *(.data)
 *(.data*)
 *(.RamFunc)
 *(.RamFunc*)
                0x20000000                        . = ALIGN (0x4)
                0x20000000                        _edata = .
                0x08000a4c                        _siccmram = LOADADDR (.ccmram)

.igot.plt       0x20000000        0x0 load address 0x08000a4c
 .igot.plt      0x20000000        0x0 C:/ST/STM32CubeIDE_1.18.0/STM32CubeIDE/plugins/com.st.stm32cube.ide.mcu.externaltools.gnu-tools-for-stm32.13.3.rel1.win32_1.0.0.202411081344/tools/bin/../lib/gcc/arm-none-eabi/13.3.1/thumb/v7e-m+fp/hard/crtbegin.o

.ccmram         0x10000000        0x0 load address 0x08000a4c
                0x10000000                        . = ALIGN (0x4)
                0x10000000                        _sccmram = .
 *(.ccmram)
 *(.ccmram*)
                0x10000000                        . = ALIGN (0x4)
                0x10000000                        _eccmram = .
                0x10000000                        . = ALIGN (0x4)

.bss            0x20000000       0x1c
                0x20000000                        _sbss = .
                0x20000000                        __bss_start__ = _sbss
 *(.bss)
 .bss           0x20000000       0x1c C:/ST/STM32CubeIDE_1.18.0/STM32CubeIDE/plugins/com.st.stm32cube.ide.mcu.externaltools.gnu-tools-for-stm32.13.3.rel1.win32_1.0.0.202411081344/tools/bin/../lib/gcc/arm-none-eabi/13.3.1/thumb/v7e-m+fp/hard/crtbegin.o
 *(.bss*)
 *(COMMON)
                0x2000001c                        . = ALIGN (0x4)
                0x2000001c                        _ebss = .
                0x2000001c                        __bss_end__ = _ebss

._user_heap_stack
                0x2000001c      0x604
                0x20000020                        . = ALIGN (0x8)
 *fill*         0x2000001c        0x4 
                [!provide]                        PROVIDE (end = .)
                0x20000020                        PROVIDE (_end = .)
                0x20000220                        . = (. + _Min_Heap_Size)
 *fill*         0x20000020      0x200 
                0x20000620                        . = (. + _Min_Stack_Size)
 *fill*         0x20000220      0x400 
                0x20000620                        . = ALIGN (0x8)

/DISCARD/
 libc.a(*)
 libm.a(*)
 libgcc.a(*)

.ARM.attributes
                0x00000000       0x30
 *(.ARM.attributes)
 .ARM.attributes
                0x00000000       0x22 C:/ST/STM32CubeIDE_1.18.0/STM32CubeIDE/plugins/com.st.stm32cube.ide.mcu.externaltools.gnu-tools-for-stm32.13.3.rel1.win32_1.0.0.202411081344/tools/bin/../lib/gcc/arm-none-eabi/13.3.1/thumb/v7e-m+fp/hard/crti.o
 .ARM.attributes
                0x00000022       0x34 C:/ST/STM32CubeIDE_1.18.0/STM32CubeIDE/plugins/com.st.stm32cube.ide.mcu.externaltools.gnu-tools-for-stm32.13.3.rel1.win32_1.0.0.202411081344/tools/bin/../lib/gcc/arm-none-eabi/13.3.1/thumb/v7e-m+fp/hard/crtbegin.o
 .ARM.attributes
                0x00000056       0x34 ./Drivers/Src/stm32f407xx_adc_driver.o
 .ARM.attributes
                0x0000008a       0x34 ./Drivers/Src/stm32f407xx_gpio_driver.o
 .ARM.attributes
                0x000000be       0x34 ./Src/main.o
 .ARM.attributes
                0x000000f2       0x21 ./Startup/startup_stm32f407vgtx.o
 .ARM.attributes
                0x00000113       0x34 C:/ST/STM32CubeIDE_1.18.0/STM32CubeIDE/plugins/com.st.stm32cube.ide.mcu.externaltools.gnu-tools-for-stm32.13.3.rel1.win32_1.0.0.202411081344/tools/bin/../lib/gcc/arm-none-eabi/13.3.1/../../../../arm-none-eabi/lib/thumb/v7e-m+fp/hard\libc_nano.a(libc_a-init.o)
 .ARM.attributes
                0x00000147       0x22 C:/ST/STM32CubeIDE_1.18.0/STM32CubeIDE/plugins/com.st.stm32cube.ide.mcu.externaltools.gnu-tools-for-stm32.13.3.rel1.win32_1.0.0.202411081344/tools/bin/../lib/gcc/arm-none-eabi/13.3.1/thumb/v7e-m+fp/hard/crtn.o
OUTPUT(36_ADCBareMetal.elf elf32-littlearm)
LOAD linker stubs
LOAD C:/ST/STM32CubeIDE_1.18.0/STM32CubeIDE/plugins/com.st.stm32cube.ide.mcu.externaltools.gnu-tools-for-stm32.13.3.rel1.win32_1.0.0.202411081344/tools/bin/../lib/gcc/arm-none-eabi/13.3.1/../../../../arm-none-eabi/lib/thumb/v7e-m+fp/hard\libc.a
LOAD C:/ST/STM32CubeIDE_1.18.0/STM32CubeIDE/plugins/com.st.stm32cube.ide.mcu.externaltools.gnu-tools-for-stm32.13.3.rel1.win32_1.0.0.202411081344/tools/bin/../lib/gcc/arm-none-eabi/13.3.1/../../../../arm-none-eabi/lib/thumb/v7e-m+fp/hard\libm.a
LOAD C:/ST/STM32CubeIDE_1.18.0/STM32CubeIDE/plugins/com.st.stm32cube.ide.mcu.externaltools.gnu-tools-for-stm32.13.3.rel1.win32_1.0.0.202411081344/tools/bin/../lib/gcc/arm-none-eabi/13.3.1/thumb/v7e-m+fp/hard\libgcc.a

.debug_info     0x00000000     0x10c1
 .debug_info    0x00000000      0x4e0 ./Drivers/Src/stm32f407xx_adc_driver.o
 .debug_info    0x000004e0      0x73e ./Drivers/Src/stm32f407xx_gpio_driver.o
 .debug_info    0x00000c1e      0x473 ./Src/main.o
 .debug_info    0x00001091       0x30 ./Startup/startup_stm32f407vgtx.o

.debug_abbrev   0x00000000      0x46d
 .debug_abbrev  0x00000000      0x157 ./Drivers/Src/stm32f407xx_adc_driver.o
 .debug_abbrev  0x00000157      0x179 ./Drivers/Src/stm32f407xx_gpio_driver.o
 .debug_abbrev  0x000002d0      0x179 ./Src/main.o
 .debug_abbrev  0x00000449       0x24 ./Startup/startup_stm32f407vgtx.o

.debug_aranges  0x00000000      0x108
 .debug_aranges
                0x00000000       0x40 ./Drivers/Src/stm32f407xx_adc_driver.o
 .debug_aranges
                0x00000040       0x70 ./Drivers/Src/stm32f407xx_gpio_driver.o
 .debug_aranges
                0x000000b0       0x30 ./Src/main.o
 .debug_aranges
                0x000000e0       0x28 ./Startup/startup_stm32f407vgtx.o

.debug_rnglists
                0x00000000       0xb8
 .debug_rnglists
                0x00000000       0x2d ./Drivers/Src/stm32f407xx_adc_driver.o
 .debug_rnglists
                0x0000002d       0x53 ./Drivers/Src/stm32f407xx_gpio_driver.o
 .debug_rnglists
                0x00000080       0x1f ./Src/main.o
 .debug_rnglists
                0x0000009f       0x19 ./Startup/startup_stm32f407vgtx.o

.debug_macro    0x00000000     0x1eb9
 .debug_macro   0x00000000       0xc2 ./Drivers/Src/stm32f407xx_adc_driver.o
 .debug_macro   0x000000c2      0xae4 ./Drivers/Src/stm32f407xx_adc_driver.o
 .debug_macro   0x00000ba6       0x22 ./Drivers/Src/stm32f407xx_adc_driver.o
 .debug_macro   0x00000bc8       0x8e ./Drivers/Src/stm32f407xx_adc_driver.o
 .debug_macro   0x00000c56       0x51 ./Drivers/Src/stm32f407xx_adc_driver.o
 .debug_macro   0x00000ca7      0x103 ./Drivers/Src/stm32f407xx_adc_driver.o
 .debug_macro   0x00000daa       0x6a ./Drivers/Src/stm32f407xx_adc_driver.o
 .debug_macro   0x00000e14      0x1df ./Drivers/Src/stm32f407xx_adc_driver.o
 .debug_macro   0x00000ff3      0x190 ./Drivers/Src/stm32f407xx_adc_driver.o
 .debug_macro   0x00001183      0x990 ./Drivers/Src/stm32f407xx_adc_driver.o
 .debug_macro   0x00001b13       0xc4 ./Drivers/Src/stm32f407xx_adc_driver.o
 .debug_macro   0x00001bd7      0x100 ./Drivers/Src/stm32f407xx_adc_driver.o
 .debug_macro   0x00001cd7       0x34 ./Drivers/Src/stm32f407xx_adc_driver.o
 .debug_macro   0x00001d0b       0xbc ./Drivers/Src/stm32f407xx_gpio_driver.o
 .debug_macro   0x00001dc7       0x3a ./Drivers/Src/stm32f407xx_gpio_driver.o
 .debug_macro   0x00001e01       0xb8 ./Src/main.o

.debug_line     0x00000000     0x1694
 .debug_line    0x00000000      0x663 ./Drivers/Src/stm32f407xx_adc_driver.o
 .debug_line    0x00000663      0xa61 ./Drivers/Src/stm32f407xx_gpio_driver.o
 .debug_line    0x000010c4      0x555 ./Src/main.o
 .debug_line    0x00001619       0x7b ./Startup/startup_stm32f407vgtx.o

.debug_str      0x00000000     0x749f
 .debug_str     0x00000000     0x749f ./Drivers/Src/stm32f407xx_adc_driver.o
                               0x73bc (size before relaxing)
 .debug_str     0x0000749f     0x74db ./Drivers/Src/stm32f407xx_gpio_driver.o
 .debug_str     0x0000749f     0x7376 ./Src/main.o
 .debug_str     0x0000749f       0x7f ./Startup/startup_stm32f407vgtx.o

.comment        0x00000000       0x43
 .comment       0x00000000       0x43 ./Drivers/Src/stm32f407xx_adc_driver.o
                                 0x44 (size before relaxing)
 .comment       0x00000043       0x44 ./Drivers/Src/stm32f407xx_gpio_driver.o
 .comment       0x00000043       0x44 ./Src/main.o

.debug_frame    0x00000000      0x344
 .debug_frame   0x00000000       0xd4 ./Drivers/Src/stm32f407xx_adc_driver.o
 .debug_frame   0x000000d4      0x1c8 ./Drivers/Src/stm32f407xx_gpio_driver.o
 .debug_frame   0x0000029c       0x7c ./Src/main.o
 .debug_frame   0x00000318       0x2c C:/ST/STM32CubeIDE_1.18.0/STM32CubeIDE/plugins/com.st.stm32cube.ide.mcu.externaltools.gnu-tools-for-stm32.13.3.rel1.win32_1.0.0.202411081344/tools/bin/../lib/gcc/arm-none-eabi/13.3.1/../../../../arm-none-eabi/lib/thumb/v7e-m+fp/hard\libc_nano.a(libc_a-init.o)

.debug_line_str
                0x00000000       0x63
 .debug_line_str
                0x00000000       0x63 ./Startup/startup_stm32f407vgtx.o
