14:36:54 **** Incremental Build of configuration Debug for project 09_HAL_SPI_INTERUPT ****
make -j8 all 
arm-none-eabi-gcc "../Core/Src/main.c" -mcpu=cortex-m4 -std=gnu11 -g3 -DDEBUG -DUSE_HAL_DRIVER -DSTM32F407xx -c -I../Core/Inc -I../Drivers/STM32F4xx_HAL_Driver/Inc -I../Drivers/STM32F4xx_HAL_Driver/Inc/Legacy -I../Drivers/CMSIS/Device/ST/STM32F4xx/Include -I../Drivers/CMSIS/Include -O0 -ffunction-sections -fdata-sections -Wall -fstack-usage -fcyclomatic-complexity -MMD -MP -MF"Core/Src/main.d" -MT"Core/Src/main.o" --specs=nano.specs -mfpu=fpv4-sp-d16 -mfloat-abi=hard -mthumb -o "Core/Src/main.o"
arm-none-eabi-gcc -o "09_HAL_SPI_INTERUPT.elf" @"objects.list"   -mcpu=cortex-m4 -T"C:\Users\hp\STM32CubeIDE\workspace_1.18.0\09_HAL_SPI_INTERUPT\STM32F407VGTX_FLASH.ld" --specs=nosys.specs -Wl,-Map="09_HAL_SPI_INTERUPT.map" -Wl,--gc-sections -static --specs=nano.specs -mfpu=fpv4-sp-d16 -mfloat-abi=hard -mthumb -Wl,--start-group -lc -lm -Wl,--end-group
Finished building target: 09_HAL_SPI_INTERUPT.elf
 
arm-none-eabi-size  09_HAL_SPI_INTERUPT.elf 
arm-none-eabi-objdump -h -S 09_HAL_SPI_INTERUPT.elf  > "09_HAL_SPI_INTERUPT.list"
   text	   data	    bss	    dec	    hex	filename
   8732	     20	   1668	  10420	   28b4	09_HAL_SPI_INTERUPT.elf
Finished building: default.size.stdout
 
Finished building: 09_HAL_SPI_INTERUPT.list
 

14:36:58 Build Finished. 0 errors, 0 warnings. (took 4s.267ms)

