09:44:48 **** Build of configuration Debug for project 31_SPI_BareMetal ****
make -j8 all 
arm-none-eabi-gcc -mcpu=cortex-m4 -g3 -DDEBUG -c -x assembler-with-cpp -MMD -MP -MF"Startup/startup_stm32f407vgtx.d" -MT"Startup/startup_stm32f407vgtx.o" --specs=nano.specs -mfpu=fpv4-sp-d16 -mfloat-abi=hard -mthumb -o "Startup/startup_stm32f407vgtx.o" "../Startup/startup_stm32f407vgtx.s"
arm-none-eabi-gcc "../Src/01_spi_tx_testings.c" -mcpu=cortex-m4 -std=gnu11 -g3 -DDEBUG -DSTM32 -DSTM32F407G_DISC1 -DSTM32F4 -DSTM32F407VGTx -c -I../Inc -I"C:/Users/hp/STM32CubeIDE/workspace_1.18.0/31_SPI_BareMetal/Inc" -I"C:/Users/hp/STM32CubeIDE/workspace_1.18.0/31_SPI_BareMetal/Drivers/Inc" -I"C:/Users/hp/STM32CubeIDE/workspace_1.18.0/31_SPI_BareMetal/Drivers/Inc" -O0 -ffunction-sections -fdata-sections -Wall -fstack-usage -fcyclomatic-complexity -MMD -MP -MF"Src/01_spi_tx_testings.d" -MT"Src/01_spi_tx_testings.o" --specs=nano.specs -mfpu=fpv4-sp-d16 -mfloat-abi=hard -mthumb -o "Src/01_spi_tx_testings.o"
arm-none-eabi-gcc "../Src/syscalls.c" -mcpu=cortex-m4 -std=gnu11 -g3 -DDEBUG -DSTM32 -DSTM32F407G_DISC1 -DSTM32F4 -DSTM32F407VGTx -c -I../Inc -I"C:/Users/hp/STM32CubeIDE/workspace_1.18.0/31_SPI_BareMetal/Inc" -I"C:/Users/hp/STM32CubeIDE/workspace_1.18.0/31_SPI_BareMetal/Drivers/Inc" -I"C:/Users/hp/STM32CubeIDE/workspace_1.18.0/31_SPI_BareMetal/Drivers/Inc" -O0 -ffunction-sections -fdata-sections -Wall -fstack-usage -fcyclomatic-complexity -MMD -MP -MF"Src/syscalls.d" -MT"Src/syscalls.o" --specs=nano.specs -mfpu=fpv4-sp-d16 -mfloat-abi=hard -mthumb -o "Src/syscalls.o"
arm-none-eabi-gcc "../Src/sysmem.c" -mcpu=cortex-m4 -std=gnu11 -g3 -DDEBUG -DSTM32 -DSTM32F407G_DISC1 -DSTM32F4 -DSTM32F407VGTx -c -I../Inc -I"C:/Users/hp/STM32CubeIDE/workspace_1.18.0/31_SPI_BareMetal/Inc" -I"C:/Users/hp/STM32CubeIDE/workspace_1.18.0/31_SPI_BareMetal/Drivers/Inc" -I"C:/Users/hp/STM32CubeIDE/workspace_1.18.0/31_SPI_BareMetal/Drivers/Inc" -O0 -ffunction-sections -fdata-sections -Wall -fstack-usage -fcyclomatic-complexity -MMD -MP -MF"Src/sysmem.d" -MT"Src/sysmem.o" --specs=nano.specs -mfpu=fpv4-sp-d16 -mfloat-abi=hard -mthumb -o "Src/sysmem.o"
arm-none-eabi-gcc "../Drivers/Src/stm32f407xx_gpio_driver.c" -mcpu=cortex-m4 -std=gnu11 -g3 -DDEBUG -DSTM32 -DSTM32F407G_DISC1 -DSTM32F4 -DSTM32F407VGTx -c -I../Inc -I"C:/Users/hp/STM32CubeIDE/workspace_1.18.0/31_SPI_BareMetal/Inc" -I"C:/Users/hp/STM32CubeIDE/workspace_1.18.0/31_SPI_BareMetal/Drivers/Inc" -I"C:/Users/hp/STM32CubeIDE/workspace_1.18.0/31_SPI_BareMetal/Drivers/Inc" -O0 -ffunction-sections -fdata-sections -Wall -fstack-usage -fcyclomatic-complexity -MMD -MP -MF"Drivers/Src/stm32f407xx_gpio_driver.d" -MT"Drivers/Src/stm32f407xx_gpio_driver.o" --specs=nano.specs -mfpu=fpv4-sp-d16 -mfloat-abi=hard -mthumb -o "Drivers/Src/stm32f407xx_gpio_driver.o"
arm-none-eabi-gcc "../Drivers/Src/stm32f407xx_spi_driver.c" -mcpu=cortex-m4 -std=gnu11 -g3 -DDEBUG -DSTM32 -DSTM32F407G_DISC1 -DSTM32F4 -DSTM32F407VGTx -c -I../Inc -I"C:/Users/hp/STM32CubeIDE/workspace_1.18.0/31_SPI_BareMetal/Inc" -I"C:/Users/hp/STM32CubeIDE/workspace_1.18.0/31_SPI_BareMetal/Drivers/Inc" -I"C:/Users/hp/STM32CubeIDE/workspace_1.18.0/31_SPI_BareMetal/Drivers/Inc" -O0 -ffunction-sections -fdata-sections -Wall -fstack-usage -fcyclomatic-complexity -MMD -MP -MF"Drivers/Src/stm32f407xx_spi_driver.d" -MT"Drivers/Src/stm32f407xx_spi_driver.o" --specs=nano.specs -mfpu=fpv4-sp-d16 -mfloat-abi=hard -mthumb -o "Drivers/Src/stm32f407xx_spi_driver.o"
../Drivers/Src/stm32f407xx_spi_driver.c: In function 'SPI_TransmitReceive':
../Drivers/Src/stm32f407xx_spi_driver.c:276:13: warning: variable 'temp' set but not used [-Wunused-but-set-variable]
  276 |     uint8_t temp;
      |             ^~~~
arm-none-eabi-gcc -o "31_SPI_BareMetal.elf" @"objects.list"   -mcpu=cortex-m4 -T"C:\Users\hp\STM32CubeIDE\workspace_1.18.0\31_SPI_BareMetal\STM32F407VGTX_FLASH.ld" --specs=nosys.specs -Wl,-Map="31_SPI_BareMetal.map" -Wl,--gc-sections -static --specs=nano.specs -mfpu=fpv4-sp-d16 -mfloat-abi=hard -mthumb -Wl,--start-group -lc -lm -Wl,--end-group
Finished building target: 31_SPI_BareMetal.elf
 
arm-none-eabi-size  31_SPI_BareMetal.elf 
arm-none-eabi-objdump -h -S 31_SPI_BareMetal.elf  > "31_SPI_BareMetal.list"
   text	   data	    bss	    dec	    hex	filename
   3016	     12	   1596	   4624	   1210	31_SPI_BareMetal.elf
Finished building: default.size.stdout
 
Finished building: 31_SPI_BareMetal.list
 

09:44:53 Build Finished. 0 errors, 1 warnings. (took 4s.609ms)

