15:00:03 **** Incremental Build of configuration Debug for project 42_SPI_SDcard_with_Ultrasonic ****
make -j8 all 
arm-none-eabi-gcc "../Core/Src/main.c" -mcpu=cortex-m4 -std=gnu11 -g3 -DDEBUG -DUSE_HAL_DRIVER -DSTM32F407xx -c -I../Core/Inc -I../Drivers/STM32F4xx_HAL_Driver/Inc -I../Drivers/STM32F4xx_HAL_Driver/Inc/Legacy -I../Drivers/CMSIS/Device/ST/STM32F4xx/Include -I../Drivers/CMSIS/Include -I../FATFS/Target -I../FATFS/App -I../Middlewares/Third_Party/FatFs/src -O0 -ffunction-sections -fdata-sections -Wall -fstack-usage -fcyclomatic-complexity -MMD -MP -MF"Core/Src/main.d" -MT"Core/Src/main.o" --specs=nano.specs -mfpu=fpv4-sp-d16 -mfloat-abi=hard -mthumb -o "Core/Src/main.o"
arm-none-eabi-gcc -o "42_SPI_SDcard_with_Ultrasonic.elf" @"objects.list"   -mcpu=cortex-m4 -T"C:\Users\hp\STM32CubeIDE\workspace_1.18.0\42_SPI_SDcard_with_Ultrasonic\STM32F407VGTX_FLASH.ld" --specs=nosys.specs -Wl,-Map="42_SPI_SDcard_with_Ultrasonic.map" -Wl,--gc-sections -static --specs=nano.specs -mfpu=fpv4-sp-d16 -mfloat-abi=hard -mthumb -Wl,--start-group -lc -lm -Wl,--end-group
Finished building target: 42_SPI_SDcard_with_Ultrasonic.elf
 
arm-none-eabi-size  42_SPI_SDcard_with_Ultrasonic.elf 
arm-none-eabi-objdump -h -S 42_SPI_SDcard_with_Ultrasonic.elf  > "42_SPI_SDcard_with_Ultrasonic.list"
   text	   data	    bss	    dec	    hex	filename
  23576	    112	   3424	  27112	   69e8	42_SPI_SDcard_with_Ultrasonic.elf
Finished building: default.size.stdout
 
Finished building: 42_SPI_SDcard_with_Ultrasonic.list
 

15:00:05 Build Finished. 0 errors, 0 warnings. (took 2s.103ms)

