16:43:28 **** Incremental Build of configuration Debug for project 53_Counting_Semaphore_FreeRTOS ****
make -j8 all 
arm-none-eabi-gcc "../Core/Src/main.c" -mcpu=cortex-m4 -std=gnu11 -g3 -DDEBUG -DUSE_HAL_DRIVER -DSTM32F407xx -c -I../Core/Inc -I../Drivers/STM32F4xx_HAL_Driver/Inc -I../Drivers/STM32F4xx_HAL_Driver/Inc/Legacy -I../Drivers/CMSIS/Device/ST/STM32F4xx/Include -I../Drivers/CMSIS/Include -I../Middlewares/Third_Party/FreeRTOS/Source/include -I../Middlewares/Third_Party/FreeRTOS/Source/CMSIS_RTOS -I../Middlewares/Third_Party/FreeRTOS/Source/portable/GCC/ARM_CM4F -O0 -ffunction-sections -fdata-sections -Wall -fstack-usage -fcyclomatic-complexity -MMD -MP -MF"Core/Src/main.d" -MT"Core/Src/main.o" --specs=nano.specs -mfpu=fpv4-sp-d16 -mfloat-abi=hard -mthumb -o "Core/Src/main.o"
arm-none-eabi-gcc -o "53_Counting_Semaphore_FreeRTOS.elf" @"objects.list"   -mcpu=cortex-m4 -T"C:\Users\hp\STM32CubeIDE\workspace_1.18.0\53_Counting_Semaphore_FreeRTOS\STM32F407VGTX_FLASH.ld" --specs=nosys.specs -Wl,-Map="53_Counting_Semaphore_FreeRTOS.map" -Wl,--gc-sections -static --specs=nano.specs -mfpu=fpv4-sp-d16 -mfloat-abi=hard -mthumb -Wl,--start-group -lc -lm -Wl,--end-group
Finished building target: 53_Counting_Semaphore_FreeRTOS.elf
 
arm-none-eabi-size  53_Counting_Semaphore_FreeRTOS.elf 
arm-none-eabi-objdump -h -S 53_Counting_Semaphore_FreeRTOS.elf  > "53_Counting_Semaphore_FreeRTOS.list"
   text	   data	    bss	    dec	    hex	filename
  19816	     96	  18376	  38288	   9590	53_Counting_Semaphore_FreeRTOS.elf
Finished building: default.size.stdout
 
Finished building: 53_Counting_Semaphore_FreeRTOS.list
 

16:43:32 Build Finished. 0 errors, 0 warnings. (took 4s.177ms)

